Component: ARM Compiler 5.06 update 6 (build 750) Tool: armlink [4d35ed]

==============================================================================

Section Cross References

    main.o(i.main) refers to system_stm32f10x.o(i.SystemCoreClockUpdate) for SystemCoreClockUpdate
    main.o(i.main) refers to main.o(i.user_init) for user_init
    main.o(i.main) refers to rtx_kernel.o(i.osKernelInitialize) for osKernelInitialize
    main.o(i.main) refers to rtx_msgqueue.o(i.osMessageQueueNew) for osMessageQueueNew
    main.o(i.main) refers to rtx_thread.o(i.osThreadNew) for osThreadNew
    main.o(i.main) refers to rtx_kernel.o(i.osKernelStart) for osKernelStart
    main.o(i.main) refers to main.o(.bss) for Can_Re_Message
    main.o(i.main) refers to main.o(.data) for can_re_message_id
    main.o(i.main) refers to main.o(i.start_task) for start_task
    main.o(i.start_task) refers to rtx_kernel.o(i.osKernelLock) for osKernelLock
    main.o(i.start_task) refers to rtx_thread.o(i.osThreadNew) for osThreadNew
    main.o(i.start_task) refers to rtx_kernel.o(i.osKernelUnlock) for osKernelUnlock
    main.o(i.start_task) refers to rtx_thread.o(i.osThreadSuspend) for osThreadSuspend
    main.o(i.start_task) refers to main.o(.bss) for DATA_Acq_TaskTCB
    main.o(i.start_task) refers to data_acquisition.o(i.data_acq_task) for data_acq_task
    main.o(i.start_task) refers to main.o(.data) for data_acq_task_id
    main.o(i.start_task) refers to can_receive.o(i.can_re_task) for can_re_task
    main.o(i.start_task) refers to can_send.o(i.can_se_task) for can_se_task
    main.o(i.user_init) refers to misc.o(i.NVIC_PriorityGroupConfig) for NVIC_PriorityGroupConfig
    main.o(i.user_init) refers to init.o(i.TIM2_Init) for TIM2_Init
    main.o(i.user_init) refers to sys_def.o(i.Pcio_Init) for Pcio_Init
    main.o(i.user_init) refers to sys_def.o(i.Io_Init) for Io_Init
    main.o(i.user_init) refers to can.o(i.CAN_Mode_Init) for CAN_Mode_Init
    main.o(i.user_init) refers to ltc1867.o(i.Ltc1867_Init) for Ltc1867_Init
    main.o(i.user_init) refers to spi2.o(i.SPI2_Init) for SPI2_Init
    main.o(i.user_init) refers to ad5676.o(i.AD5676_Init) for AD5676_Init
    main.o(i.user_init) refers to init.o(i.TIM3_Init) for TIM3_Init
    main.o(i.user_init) refers to correct.o(i.read_correct) for read_correct
    can_receive.o(i.Cheak_Crc) refers to crc8_16.o(i.Get_Crc16) for Get_Crc16
    can_receive.o(i.Cheak_Crc) refers to can_receive.o(.bss) for re_data
    can_receive.o(i.Idn_Cmd) refers to ch.o(i.Ch_Control) for Ch_Control
    can_receive.o(i.Idn_Cmd) refers to ch_cfg.o(.constdata) for ch1_obj
    can_receive.o(i.Idn_Cmd) refers to can_send.o(.data) for se_data
    can_receive.o(i.Idn_Config) refers to common.o(i.Get_U16) for Get_U16
    can_receive.o(i.Idn_Config) refers to common.o(i.Get_U32) for Get_U32
    can_receive.o(i.Idn_Config) refers to can_receive.o(i.Check_Parameter) for Check_Parameter
    can_receive.o(i.Idn_Config) refers to ch_cfg.o(.constdata) for ch1_obj
    can_receive.o(i.Idn_Config) refers to can_send.o(.data) for se_data
    can_receive.o(i.Idn_Crt_Cmd) refers to common.o(i.Get_U16) for Get_U16
    can_receive.o(i.Idn_Crt_Cmd) refers to module.o(i.Module_Control) for Module_Control
    can_receive.o(i.Idn_Crt_Cmd) refers to module_cfg.o(.constdata) for module1
    can_receive.o(i.Idn_Crt_Cmd) refers to data_acquisition.o(.data) for correct_module
    can_receive.o(i.Idn_Crt_Cmd) refers to can_send.o(.data) for se_data
    can_receive.o(i.Idn_Fault) refers to common.o(i.Get_U16) for Get_U16
    can_receive.o(i.Idn_Fault) refers to ch_cfg.o(.constdata) for ch1_obj
    can_receive.o(i.Idn_Fault) refers to can_send.o(.data) for se_data
    can_receive.o(i.Idn_Protect_Cfg) refers to common.o(i.Get_U16) for Get_U16
    can_receive.o(i.Idn_Protect_Cfg) refers to common.o(i.Get_U32) for Get_U32
    can_receive.o(i.Idn_Protect_Cfg) refers to ch_cfg.o(.constdata) for ch1_obj
    can_receive.o(i.Idn_Protect_Cfg) refers to can_send.o(.data) for se_data
    can_receive.o(i.Idn_Wr_Ad_Cfg) refers to can_receive.o(i.Write_Correct) for Write_Correct
    can_receive.o(i.Idn_Wr_Ad_Cfg) refers to module_cfg.o(.constdata) for module1
    can_receive.o(i.Idn_Wr_Da_Cfg) refers to can_receive.o(i.Write_Correct) for Write_Correct
    can_receive.o(i.Idn_Wr_Da_Cfg) refers to module_cfg.o(.constdata) for module1
    can_receive.o(i.Msg_Wr_To_Buf) refers to memcpya.o(.text) for __aeabi_memcpy
    can_receive.o(i.Msg_Wr_To_Buf) refers to can_receive.o(i.Cheak_Crc) for Cheak_Crc
    can_receive.o(i.Msg_Wr_To_Buf) refers to can_receive.o(.bss) for re_data
    can_receive.o(i.USB_LP_CAN1_RX0_IRQHandler) refers to stm32f10x_can.o(i.CAN_GetITStatus) for CAN_GetITStatus
    can_receive.o(i.USB_LP_CAN1_RX0_IRQHandler) refers to stm32f10x_can.o(i.CAN_Receive) for CAN_Receive
    can_receive.o(i.USB_LP_CAN1_RX0_IRQHandler) refers to rtx_msgqueue.o(i.osMessageQueuePut) for osMessageQueuePut
[...]
    os_timer_thread_cb                       0x20001128   Data          68  rtx_lib.o(.bss.os.thread.cb)
    .bss.os.thread.stack                     0x20001170   Section      400  rtx_lib.o(.bss.os.thread.stack)
    os_idle_thread_stack                     0x20001170   Data         200  rtx_lib.o(.bss.os.thread.stack)
    os_timer_thread_stack                    0x20001238   Data         200  rtx_lib.o(.bss.os.thread.stack)
    .data                                    0x20001300   Section       24  main.o(.data)
    .data                                    0x20001318   Section       20  can_send.o(.data)
    .data                                    0x2000132c   Section        5  data_acquisition.o(.data)
    .data                                    0x20001334   Section      104  module_cfg.o(.data)
    .data                                    0x2000139c   Section        5  sys_def.o(.data)
    .data                                    0x200013a1   Section        1  delay.o(.data)
    fac_us                                   0x200013a1   Data           1  delay.o(.data)
    .data                                    0x200013a2   Section        1  os_systick.o(.data)
    PendST                                   0x200013a2   Data           1  os_systick.o(.data)
    .data                                    0x200013a4   Section       20  system_stm32f10x.o(.data)
    .data.os                                 0x200013b8   Section      164  rtx_kernel.o(.data.os)
    .bss                                     0x20001460   Section     4824  main.o(.bss)
    .bss                                     0x20002738   Section       90  can_receive.o(.bss)
    .bss                                     0x20002792   Section       32  can_send.o(.bss)
    send_buf                                 0x20002792   Data          32  can_send.o(.bss)
    .bss                                     0x200027b4   Section     2560  correct.o(.bss)
    .bss                                     0x200031b4   Section      300  data_acquisition.o(.bss)
    adc_buf                                  0x200031b4   Data          12  data_acquisition.o(.bss)
    filter_v12                               0x200031c0   Data          12  data_acquisition.o(.bss)
    filter_v22                               0x200031cc   Data          12  data_acquisition.o(.bss)
    filter_v32                               0x200031d8   Data          12  data_acquisition.o(.bss)
    filter_v42                               0x200031e4   Data          12  data_acquisition.o(.bss)
    filter_v52                               0x200031f0   Data          12  data_acquisition.o(.bss)
    filter_v62                               0x200031fc   Data          12  data_acquisition.o(.bss)
    filter_v72                               0x20003208   Data          12  data_acquisition.o(.bss)
    filter_v82                               0x20003214   Data          12  data_acquisition.o(.bss)
    filter_v1                                0x20003220   Data          12  data_acquisition.o(.bss)
    filter_v2                                0x2000322c   Data          12  data_acquisition.o(.bss)
    filter_v3                                0x20003238   Data          12  data_acquisition.o(.bss)
    filter_v4                                0x20003244   Data          12  data_acquisition.o(.bss)
    filter_v5                                0x20003250   Data          12  data_acquisition.o(.bss)
    filter_v6                                0x2000325c   Data          12  data_acquisition.o(.bss)
    filter_v7                                0x20003268   Data          12  data_acquisition.o(.bss)
    filter_v8                                0x20003274   Data          12  data_acquisition.o(.bss)
    filter_i1                                0x20003280   Data          12  data_acquisition.o(.bss)
    filter_i2                                0x2000328c   Data          12  data_acquisition.o(.bss)
    filter_i3                                0x20003298   Data          12  data_acquisition.o(.bss)
    filter_i4                                0x200032a4   Data          12  data_acquisition.o(.bss)
    filter_i5                                0x200032b0   Data          12  data_acquisition.o(.bss)
    filter_i6                                0x200032bc   Data          12  data_acquisition.o(.bss)
    filter_i7                                0x200032c8   Data          12  data_acquisition.o(.bss)
    filter_i8                                0x200032d4   Data          12  data_acquisition.o(.bss)
    .bss                                     0x200032e0   Section      208  ch_cfg.o(.bss)
    .bss                                     0x200033b0   Section      136  module_cfg.o(.bss)
    STACK                                    0x20003438   Section     1024  startup_stm32f10x_hd.o(STACK)

    Global Symbols

    Symbol Name                              Value     Ov Type        Size  Object(Section)

    BuildAttributes$$THM_ISAv4$P$D$K$B$S$PE$A:L22UL41UL21$X:L11$S22US41US21$IEEE1$IW$USESV6$~STKCKD$USESV7$~SHL$OTIME$ROPI$EBA8$MICROLIB$REQ8$PRES8$EABIv2 0x00000000   Number         0  anon$$obj.o ABSOLUTE
    __ARM_use_no_argv                        0x00000000   Number         0  main.o ABSOLUTE
    .bss.os.evflags.cb$$Base                  - Undefined Weak Reference
    .bss.os.evflags.cb$$Limit                 - Undefined Weak Reference
    .bss.os.mempool.cb$$Base                  - Undefined Weak Reference
    .bss.os.mempool.cb$$Limit                 - Undefined Weak Reference
    .bss.os.mutex.cb$$Base                    - Undefined Weak Reference
    .bss.os.mutex.cb$$Limit                   - Undefined Weak Reference
    .bss.os.semaphore.cb$$Base                - Undefined Weak Reference
    .bss.os.semaphore.cb$$Limit               - Undefined Weak Reference
    .bss.os.timer.cb$$Base                    - Undefined Weak Reference
    .bss.os.timer.cb$$Limit                   - Undefined Weak Reference
    __cpp_initialize__aeabi_                  - Undefined Weak Reference
    __cxa_finalize                            - Undefined Weak Reference
    _clock_init                               - Undefined Weak Reference
    _microlib_exit                            - Undefined Weak Reference
    __Vectors_Size                           0x00000130   Number         0  startup_stm32f10x_hd.o ABSOLUTE
    __Vectors                                0x08000000   Data           4  startup_stm32f10x_hd.o(RESET)
    __Vectors_End                            0x08000130   Data           0  startup_stm32f10x_hd.o(RESET)
    __main                                   0x08000131   Thumb Code     0  entry.o(.ARM.Collect$$$$00000000)
    _main_stk                                0x08000131   Thumb Code     0  entry2.o(.ARM.Collect$$$$00000001)
    _main_scatterload                        0x08000135   Thumb Code     0  entry5.o(.ARM.Collect$$$$00000004)
    __main_after_scatterload                 0x08000139   Thumb Code     0  entry5.o(.ARM.Collect$$$$00000004)
    _main_clock                              0x08000139   Thumb Code     0  entry7b.o(.ARM.Collect$$$$00000008)
    _main_cpp_init                           0x08000139   Thumb Code     0  entry8b.o(.ARM.Collect$$$$0000000A)
    _main_init                               0x08000139   Thumb Code     0  entry9a.o(.ARM.Collect$$$$0000000B)
    __rt_final_cpp                           0x08000141   Thumb Code     0  entry10a.o(.ARM.Collect$$$$0000000D)
    __rt_final_exit                          0x08000141   Thumb Code     0  entry11a.o(.ARM.Collect$$$$0000000F)
    __asm___13_rtx_mempool_c_7914b4c7__atomic_wr8 0x08000145   Thumb Code    16  rtx_mempool.o(.emb_text)
    __asm___13_rtx_mempool_c_7914b4c7__atomic_set32 0x08000155   Thumb Code    20  rtx_mempool.o(.emb_text)
    __asm___13_rtx_mempool_c_7914b4c7__atomic_clr32 0x08000169   Thumb Code    22  rtx_mempool.o(.emb_text)
    __asm___13_rtx_mempool_c_7914b4c7__atomic_chk32_all 0x0800017f   Thumb Code    38  rtx_mempool.o(.emb_text)
    __asm___13_rtx_mempool_c_7914b4c7__atomic_chk32_any 0x080001a5   Thumb Code    34  rtx_mempool.o(.emb_text)
    __asm___13_rtx_mempool_c_7914b4c7__atomic_inc32 0x080001c7   Thumb Code    18  rtx_mempool.o(.emb_text)
    __asm___13_rtx_mempool_c_7914b4c7__atomic_inc32_lt 0x080001d9   Thumb Code    30  rtx_mempool.o(.emb_text)
    __asm___13_rtx_mempool_c_7914b4c7__atomic_inc16_lt 0x080001f7   Thumb Code    30  rtx_mempool.o(.emb_text)
    __asm___13_rtx_mempool_c_7914b4c7__atomic_inc16_lim 0x08000215   Thumb Code    26  rtx_mempool.o(.emb_text)
    __asm___13_rtx_mempool_c_7914b4c7__atomic_dec32_nz 0x0800022f   Thumb Code    26  rtx_mempool.o(.emb_text)
    __asm___13_rtx_mempool_c_7914b4c7__atomic_dec16_nz 0x08000249   Thumb Code    26  rtx_mempool.o(.emb_text)
    __asm___13_rtx_mempool_c_7914b4c7__atomic_link_get 0x08000263   Thumb Code    26  rtx_mempool.o(.emb_text)
    __asm___13_rtx_mempool_c_7914b4c7__atomic_link_put 0x0800027d   Thumb Code    28  rtx_mempool.o(.emb_text)
    __asm___14_rtx_msgqueue_c_ba128ae8__atomic_wr8 0x08000299   Thumb Code    16  rtx_msgqueue.o(.emb_text)
    __asm___14_rtx_msgqueue_c_ba128ae8__atomic_set32 0x080002a9   Thumb Code    20  rtx_msgqueue.o(.emb_text)
    __asm___14_rtx_msgqueue_c_ba128ae8__atomic_clr32 0x080002bd   Thumb Code    22  rtx_msgqueue.o(.emb_text)
    __asm___14_rtx_msgqueue_c_ba128ae8__atomic_chk32_all 0x080002d3   Thumb Code    38  rtx_msgqueue.o(.emb_text)
    __asm___14_rtx_msgqueue_c_ba128ae8__atomic_chk32_any 0x080002f9   Thumb Code    34  rtx_msgqueue.o(.emb_text)
    __asm___14_rtx_msgqueue_c_ba128ae8__atomic_inc32 0x0800031b   Thumb Code    18  rtx_msgqueue.o(.emb_text)
    __asm___14_rtx_msgqueue_c_ba128ae8__atomic_inc32_lt 0x0800032d   Thumb Code    30  rtx_msgqueue.o(.emb_text)
    __asm___14_rtx_msgqueue_c_ba128ae8__atomic_inc16_lt 0x0800034b   Thumb Code    30  rtx_msgqueue.o(.emb_text)
    __asm___14_rtx_msgqueue_c_ba128ae8__atomic_inc16_lim 0x08000369   Thumb Code    26  rtx_msgqueue.o(.emb_text)
    __asm___14_rtx_msgqueue_c_ba128ae8__atomic_dec32_nz 0x08000383   Thumb Code    26  rtx_msgqueue.o(.emb_text)
    __asm___14_rtx_msgqueue_c_ba128ae8__atomic_dec16_nz 0x0800039d   Thumb Code    26  rtx_msgqueue.o(.emb_text)
    __asm___14_rtx_msgqueue_c_ba128ae8__atomic_link_get 0x080003b7   Thumb Code    26  rtx_msgqueue.o(.emb_text)
    __asm___14_rtx_msgqueue_c_ba128ae8__atomic_link_put 0x080003d1   Thumb Code    28  rtx_msgqueue.o(.emb_text)
    __asm___12_rtx_system_c_024f2f18__atomic_wr8 0x080003ed   Thumb Code    16  rtx_system.o(.emb_text)
    __asm___12_rtx_system_c_024f2f18__atomic_set32 0x080003fd   Thumb Code    20  rtx_system.o(.emb_text)
    __asm___12_rtx_system_c_024f2f18__atomic_clr32 0x08000411   Thumb Code    22  rtx_system.o(.emb_text)
    __asm___12_rtx_system_c_024f2f18__atomic_chk32_all 0x08000427   Thumb Code    38  rtx_system.o(.emb_text)
    __asm___12_rtx_system_c_024f2f18__atomic_chk32_any 0x0800044d   Thumb Code    34  rtx_system.o(.emb_text)
    __asm___12_rtx_system_c_024f2f18__atomic_inc32 0x0800046f   Thumb Code    18  rtx_system.o(.emb_text)
    __asm___12_rtx_system_c_024f2f18__atomic_inc32_lt 0x08000481   Thumb Code    30  rtx_system.o(.emb_text)
    __asm___12_rtx_system_c_024f2f18__atomic_inc16_lt 0x0800049f   Thumb Code    30  rtx_system.o(.emb_text)
    __asm___12_rtx_system_c_024f2f18__atomic_inc16_lim 0x080004bd   Thumb Code    26  rtx_system.o(.emb_text)
    __asm___12_rtx_system_c_024f2f18__atomic_dec32_nz 0x080004d7   Thumb Code    26  rtx_system.o(.emb_text)
    __asm___12_rtx_system_c_024f2f18__atomic_dec16_nz 0x080004f1   Thumb Code    26  rtx_system.o(.emb_text)
    __asm___12_rtx_system_c_024f2f18__atomic_link_get 0x0800050b   Thumb Code    26  rtx_system.o(.emb_text)
    __asm___12_rtx_system_c_024f2f18__atomic_link_put 0x08000525   Thumb Code    28  rtx_system.o(.emb_text)
    __asm___12_rtx_thread_c_add96be5__atomic_wr8 0x08000541   Thumb Code    16  rtx_thread.o(.emb_text)
    __asm___12_rtx_thread_c_add96be5__atomic_set32 0x08000551   Thumb Code    20  rtx_thread.o(.emb_text)
    __asm___12_rtx_thread_c_add96be5__atomic_clr32 0x08000565   Thumb Code    22  rtx_thread.o(.emb_text)
    __asm___12_rtx_thread_c_add96be5__atomic_chk32_all 0x0800057b   Thumb Code    38  rtx_thread.o(.emb_text)
    __asm___12_rtx_thread_c_add96be5__atomic_chk32_any 0x080005a1   Thumb Code    34  rtx_thread.o(.emb_text)
    __asm___12_rtx_thread_c_add96be5__atomic_inc32 0x080005c3   Thumb Code    18  rtx_thread.o(.emb_text)
    __asm___12_rtx_thread_c_add96be5__atomic_inc32_lt 0x080005d5   Thumb Code    30  rtx_thread.o(.emb_text)
    __asm___12_rtx_thread_c_add96be5__atomic_inc16_lt 0x080005f3   Thumb Code    30  rtx_thread.o(.emb_text)
    __asm___12_rtx_thread_c_add96be5__atomic_inc16_lim 0x08000611   Thumb Code    26  rtx_thread.o(.emb_text)
    __asm___12_rtx_thread_c_add96be5__atomic_dec32_nz 0x0800062b   Thumb Code    26  rtx_thread.o(.emb_text)
    __asm___12_rtx_thread_c_add96be5__atomic_dec16_nz 0x08000645   Thumb Code    26  rtx_thread.o(.emb_text)
    __asm___12_rtx_thread_c_add96be5__atomic_link_get 0x0800065f   Thumb Code    26  rtx_thread.o(.emb_text)
    __asm___12_rtx_thread_c_add96be5__atomic_link_put 0x08000679   Thumb Code    28  rtx_thread.o(.emb_text)
    SVC_Handler                              0x08000695   Thumb Code   108  irq_cm3.o(.text)
    PendSV_Handler                           0x08000701   Thumb Code    16  irq_cm3.o(.text)
    SysTick_Handler                          0x08000711   Thumb Code    16  irq_cm3.o(.text)
    Reset_Handler                            0x08000729   Thumb Code     8  startup_stm32f10x_hd.o(.text)
    NMI_Handler                              0x08000731   Thumb Code     2  startup_stm32f10x_hd.o(.text)
    MemManage_Handler                        0x08000735   Thumb Code     2  startup_stm32f10x_hd.o(.text)
    BusFault_Handler                         0x08000737   Thumb Code     2  startup_stm32f10x_hd.o(.text)
    UsageFault_Handler                       0x08000739   Thumb Code     2  startup_stm32f10x_hd.o(.text)
    DebugMon_Handler                         0x0800073d   Thumb Code     2  startup_stm32f10x_hd.o(.text)
    ADC1_2_IRQHandler                        0x08000743   Thumb Code     0  startup_stm32f10x_hd.o(.text)
    ADC3_IRQHandler                          0x08000743   Thumb Code     0  startup_stm32f10x_hd.o(.text)
    CAN1_RX1_IRQHandler                      0x08000743   Thumb Code     0  startup_stm32f10x_hd.o(.text)
    CAN1_SCE_IRQHandler                      0x08000743   Thumb Code     0  startup_stm32f10x_hd.o(.text)
    DMA1_Channel1_IRQHandler                 0x08000743   Thumb Code     0  startup_stm32f10x_hd.o(.text)
    DMA1_Channel2_IRQHandler                 0x08000743   Thumb Code     0  startup_stm32f10x_hd.o(.text)
    DMA1_Channel3_IRQHandler                 0x08000743   Thumb Code     0  startup_stm32f10x_hd.o(.text)
    DMA1_Channel4_IRQHandler                 0x08000743   Thumb Code     0  startup_stm32f10x_hd.o(.text)
    DMA1_Channel5_IRQHandler                 0x08000743   Thumb Code     0  startup_stm32f10x_hd.o(.text)
    DMA1_Channel6_IRQHandler                 0x08000743   Thumb Code     0  startup_stm32f10x_hd.o(.text)
    DMA1_Channel7_IRQHandler                 0x08000743   Thumb Code     0  startup_stm32f10x_hd.o(.text)
    DMA2_Channel1_IRQHandler                 0x08000743   Thumb Code     0  startup_stm32f10x_hd.o(.text)
    DMA2_Channel2_IRQHandler                 0x08000743   Thumb Code     0  startup_stm32f10x_hd.o(.text)
    DMA2_Channel3_IRQHandler                 0x08000743   Thumb Code     0  startup_stm32f10x_hd.o(.text)
    DMA2_Channel4_5_IRQHandler               0x08000743   Thumb Code     0  startup_stm32f10x_hd.o(.text)
    EXTI0_IRQHandler                         0x08000743   Thumb Code     0  startup_stm32f10x_hd.o(.text)
    EXTI15_10_IRQHandler                     0x08000743   Thumb Code     0  startup_stm32f10x_hd.o(.text)
    EXTI1_IRQHandler                         0x08000743   Thumb Code     0  startup_stm32f10x_hd.o(.text)
    EXTI2_IRQHandler                         0x08000743   Thumb Code     0  startup_stm32f10x_hd.o(.text)
    EXTI3_IRQHandler                         0x08000743   Thumb Code     0  startup_stm32f10x_hd.o(.text)
    EXTI4_IRQHandler                         0x08000743   Thumb Code     0  startup_stm32f10x_hd.o(.text)
    EXTI9_5_IRQHandler                       0x08000743   Thumb Code     0  startup_stm32f10x_hd.o(.text)
    FLASH_IRQHandler                         0x08000743   Thumb Code     0  startup_stm32f10x_hd.o(.text)
    FSMC_IRQHandler                          0x08000743   Thumb Code     0  startup_stm32f10x_hd.o(.text)
    I2C1_ER_IRQHandler                       0x08000743   Thumb Code     0  startup_stm32f10x_hd.o(.text)
    I2C1_EV_IRQHandler                       0x08000743   Thumb Code     0  startup_stm32f10x_hd.o(.text)
    I2C2_ER_IRQHandler                       0x08000743   Thumb Code     0  startup_stm32f10x_hd.o(.text)
    I2C2_EV_IRQHandler                       0x08000743   Thumb Code     0  startup_stm32f10x_hd.o(.text)
    PVD_IRQHandler                           0x08000743   Thumb Code     0  startup_stm32f10x_hd.o(.text)
    RCC_IRQHandler                           0x08000743   Thumb Code     0  startup_stm32f10x_hd.o(.text)
    RTCAlarm_IRQHandler                      0x08000743   Thumb Code     0  startup_stm32f10x_hd.o(.text)
    RTC_IRQHandler                           0x08000743   Thumb Code     0  startup_stm32f10x_hd.o(.text)
    SDIO_IRQHandler                          0x08000743   Thumb Code     0  startup_stm32f10x_hd.o(.text)
    SPI1_IRQHandler                          0x08000743   Thumb Code     0  startup_stm32f10x_hd.o(.text)
    SPI2_IRQHandler                          0x08000743   Thumb Code     0  startup_stm32f10x_hd.o(.text)
    SPI3_IRQHandler                          0x08000743   Thumb Code     0  startup_stm32f10x_hd.o(.text)
    TAMPER_IRQHandler                        0x08000743   Thumb Code     0  startup_stm32f10x_hd.o(.text)
    TIM1_BRK_IRQHandler                      0x08000743   Thumb Code     0  startup_stm32f10x_hd.o(.text)
    TIM1_CC_IRQHandler                       0x08000743   Thumb Code     0  startup_stm32f10x_hd.o(.text)
    TIM1_TRG_COM_IRQHandler                  0x08000743   Thumb Code     0  startup_stm32f10x_hd.o(.text)
    TIM1_UP_IRQHandler                       0x08000743   Thumb Code     0  startup_stm32f10x_hd.o(.text)
    TIM4_IRQHandler                          0x08000743   Thumb Code     0  startup_stm32f10x_hd.o(.text)
    TIM5_IRQHandler                          0x08000743   Thumb Code     0  startup_stm32f10x_hd.o(.text)
    TIM6_IRQHandler                          0x08000743   Thumb Code     0  startup_stm32f10x_hd.o(.text)
    TIM7_IRQHandler                          0x08000743   Thumb Code     0  startup_stm32f10x_hd.o(.text)
    TIM8_BRK_IRQHandler                      0x08000743   Thumb Code     0  startup_stm32f10x_hd.o(.text)
    TIM8_CC_IRQHandler                       0x08000743   Thumb Code     0  startup_stm32f10x_hd.o(.text)
    TIM8_TRG_COM_IRQHandler                  0x08000743   Thumb Code     0  startup_stm32f10x_hd.o(.text)
    TIM8_UP_IRQHandler                       0x08000743   Thumb Code     0  startup_stm32f10x_hd.o(.text)
    UART4_IRQHandler                         0x08000743   Thumb Code     0  startup_stm32f10x_hd.o(.text)
    UART5_IRQHandler                         0x08000743   Thumb Code     0  startup_stm32f10x_hd.o(.text)
    USART1_IRQHandler                        0x08000743   Thumb Code     0  startup_stm32f10x_hd.o(.text)
    USART2_IRQHandler                        0x08000743   Thumb Code     0  startup_stm32f10x_hd.o(.text)
    USART3_IRQHandler                        0x08000743   Thumb Code     0  startup_stm32f10x_hd.o(.text)
    USBWakeUp_IRQHandler                     0x08000743   Thumb Code     0  startup_stm32f10x_hd.o(.text)
    USB_HP_CAN1_TX_IRQHandler                0x08000743   Thumb Code     0  startup_stm32f10x_hd.o(.text)
    WWDG_IRQHandler                          0x08000743   Thumb Code     0  startup_stm32f10x_hd.o(.text)
    __aeabi_memcpy                           0x0800074d   Thumb Code    36  memcpya.o(.text)
    __aeabi_memcpy4                          0x0800074d   Thumb Code     0  memcpya.o(.text)
    __aeabi_memcpy8                          0x0800074d   Thumb Code     0  memcpya.o(.text)
    __aeabi_memset                           0x08000771   Thumb Code    14  memseta.o(.text)
    __aeabi_memset4                          0x08000771   Thumb Code     0  memseta.o(.text)
    __aeabi_memset8                          0x08000771   Thumb Code     0  memseta.o(.text)
    __aeabi_memclr                           0x0800077f   Thumb Code     4  memseta.o(.text)
    __aeabi_memclr4                          0x0800077f   Thumb Code     0  memseta.o(.text)
    __aeabi_memclr8                          0x0800077f   Thumb Code     0  memseta.o(.text)
    _memset$wrapper                          0x08000783   Thumb Code    18  memseta.o(.text)
    __aeabi_fadd                             0x08000795   Thumb Code   164  fadd.o(.text)
    __aeabi_fsub                             0x08000839   Thumb Code     6  fadd.o(.text)
    __aeabi_frsub                            0x0800083f   Thumb Code     6  fadd.o(.text)
    __aeabi_fmul                             0x08000845   Thumb Code   100  fmul.o(.text)
    __aeabi_ui2f                             0x080008a9   Thumb Code    10  ffltui.o(.text)
    __aeabi_f2uiz                            0x080008b3   Thumb Code    40  ffixui.o(.text)
    __aeabi_f2d                              0x080008db   Thumb Code    38  f2d.o(.text)
    __aeabi_cdcmpeq                          0x08000901   Thumb Code     0  cdcmple.o(.text)
    __aeabi_cdcmple                          0x08000901   Thumb Code    48  cdcmple.o(.text)
    __I$use$fp                               0x08000931   Thumb Code     0  iusefp.o(.text)
    _float_round                             0x08000931   Thumb Code    18  fepilogue.o(.text)
    _float_epilogue                          0x08000943   Thumb Code    92  fepilogue.o(.text)
    __scatterload                            0x080009a1   Thumb Code    28  init.o(.text)
    __scatterload_rt2                        0x080009a1   Thumb Code     0  init.o(.text)
    __decompress                             0x080009c5   Thumb Code     0  __dczerorl.o(.text)
    __decompress0                            0x080009c5   Thumb Code    58  __dczerorl.o(.text)
    AD5676_DCEN_Set                          0x08000a01   Thumb Code    58  ad5676.o(i.AD5676_DCEN_Set)
    AD5676_Init                              0x08000a41   Thumb Code    84  ad5676.o(i.AD5676_Init)
    AD5676_ReadBack                          0x08000a9d   Thumb Code   126  ad5676.o(i.AD5676_ReadBack)
    AD5676_SetInputRegister                  0x08000b21   Thumb Code   106  ad5676.o(i.AD5676_SetInputRegister)
    AD5676_WriteFunction                     0x08000b91   Thumb Code    40  ad5676.o(i.AD5676_WriteFunction)
    CAN_ClearITPendingBit                    0x08000c55   Thumb Code   162  stm32f10x_can.o(i.CAN_ClearITPendingBit)
    CAN_FIFORelease                          0x08000cfd   Thumb Code    22  stm32f10x_can.o(i.CAN_FIFORelease)
    CAN_FilterInit                           0x08000d15   Thumb Code   258  stm32f10x_can.o(i.CAN_FilterInit)
    CAN_GetITStatus                          0x08000e1d   Thumb Code   284  stm32f10x_can.o(i.CAN_GetITStatus)
    CAN_ITConfig                             0x08000f3d   Thumb Code    18  stm32f10x_can.o(i.CAN_ITConfig)
    CAN_Init                                 0x08000f4f   Thumb Code   276  stm32f10x_can.o(i.CAN_Init)
    CAN_Mode_Init                            0x08001065   Thumb Code   346  can.o(i.CAN_Mode_Init)
    CAN_Receive                              0x080011d1   Thumb Code   240  stm32f10x_can.o(i.CAN_Receive)
    CAN_Transmit                             0x080012c1   Thumb Code   294  stm32f10x_can.o(i.CAN_Transmit)
    CAN_TransmitStatus                       0x080013e9   Thumb Code   138  stm32f10x_can.o(i.CAN_TransmitStatus)
    CS_Control                               0x08001489   Thumb Code    50  module.o(i.CS_Control)
    Can_Send_Msg                             0x080014c5   Thumb Code   116  can.o(i.Can_Send_Msg)
    Ch_Config                                0x0800153d   Thumb Code   140  ch.o(i.Ch_Config)
    Ch_Control                               0x080015c9   Thumb Code    72  ch.o(i.Ch_Control)
    EvrRtxEventFlagsWaitTimeout              0x08001831   Thumb Code     2  rtx_evr.o(i.EvrRtxEventFlagsWaitTimeout)
    EvrRtxKernelError                        0x08001833   Thumb Code     2  rtx_evr.o(i.EvrRtxKernelError)
    EvrRtxKernelInitialize                   0x08001835   Thumb Code     2  rtx_evr.o(i.EvrRtxKernelInitialize)
    EvrRtxKernelInitializeCompleted          0x08001837   Thumb Code     2  rtx_evr.o(i.EvrRtxKernelInitializeCompleted)
    EvrRtxKernelLock                         0x08001839   Thumb Code     2  rtx_evr.o(i.EvrRtxKernelLock)
    EvrRtxKernelLocked                       0x0800183b   Thumb Code     2  rtx_evr.o(i.EvrRtxKernelLocked)
    EvrRtxKernelStart                        0x0800183d   Thumb Code     2  rtx_evr.o(i.EvrRtxKernelStart)
    EvrRtxKernelStarted                      0x0800183f   Thumb Code     2  rtx_evr.o(i.EvrRtxKernelStarted)
    EvrRtxKernelUnlock                       0x08001841   Thumb Code     2  rtx_evr.o(i.EvrRtxKernelUnlock)
    EvrRtxKernelUnlocked                     0x08001843   Thumb Code     2  rtx_evr.o(i.EvrRtxKernelUnlocked)
    EvrRtxMemoryAlloc                        0x08001845   Thumb Code     2  rtx_evr.o(i.EvrRtxMemoryAlloc)
    EvrRtxMemoryBlockAlloc                   0x08001847   Thumb Code     2  rtx_evr.o(i.EvrRtxMemoryBlockAlloc)
    EvrRtxMemoryBlockFree                    0x08001849   Thumb Code     2  rtx_evr.o(i.EvrRtxMemoryBlockFree)
    EvrRtxMemoryBlockInit                    0x0800184b   Thumb Code     2  rtx_evr.o(i.EvrRtxMemoryBlockInit)
    EvrRtxMemoryFree                         0x0800184d   Thumb Code     2  rtx_evr.o(i.EvrRtxMemoryFree)
    EvrRtxMemoryInit                         0x0800184f   Thumb Code     2  rtx_evr.o(i.EvrRtxMemoryInit)
    EvrRtxMemoryPoolAllocTimeout             0x08001851   Thumb Code     2  rtx_evr.o(i.EvrRtxMemoryPoolAllocTimeout)
    EvrRtxMessageQueueCreated                0x08001853   Thumb Code     2  rtx_evr.o(i.EvrRtxMessageQueueCreated)
    EvrRtxMessageQueueError                  0x08001855   Thumb Code     2  rtx_evr.o(i.EvrRtxMessageQueueError)
    EvrRtxMessageQueueGet                    0x08001857   Thumb Code     2  rtx_evr.o(i.EvrRtxMessageQueueGet)
    EvrRtxMessageQueueGetPending             0x08001859   Thumb Code     2  rtx_evr.o(i.EvrRtxMessageQueueGetPending)
    EvrRtxMessageQueueGetTimeout             0x0800185b   Thumb Code     2  rtx_evr.o(i.EvrRtxMessageQueueGetTimeout)
    EvrRtxMessageQueueInsertPending          0x0800185d   Thumb Code     2  rtx_evr.o(i.EvrRtxMessageQueueInsertPending)
    EvrRtxMessageQueueInserted               0x0800185f   Thumb Code     2  rtx_evr.o(i.EvrRtxMessageQueueInserted)
    EvrRtxMessageQueueNew                    0x08001861   Thumb Code     2  rtx_evr.o(i.EvrRtxMessageQueueNew)
    EvrRtxMessageQueueNotInserted            0x08001863   Thumb Code     2  rtx_evr.o(i.EvrRtxMessageQueueNotInserted)
    EvrRtxMessageQueueNotRetrieved           0x08001865   Thumb Code     2  rtx_evr.o(i.EvrRtxMessageQueueNotRetrieved)
    EvrRtxMessageQueuePut                    0x08001867   Thumb Code     2  rtx_evr.o(i.EvrRtxMessageQueuePut)
    EvrRtxMessageQueuePutPending             0x08001869   Thumb Code     2  rtx_evr.o(i.EvrRtxMessageQueuePutPending)
    EvrRtxMessageQueuePutTimeout             0x0800186b   Thumb Code     2  rtx_evr.o(i.EvrRtxMessageQueuePutTimeout)
    EvrRtxMessageQueueRetrieved              0x0800186d   Thumb Code     2  rtx_evr.o(i.EvrRtxMessageQueueRetrieved)
    EvrRtxSemaphoreAcquireTimeout            0x0800186f   Thumb Code     2  rtx_evr.o(i.EvrRtxSemaphoreAcquireTimeout)
    EvrRtxThreadBlocked                      0x08001871   Thumb Code     2  rtx_evr.o(i.EvrRtxThreadBlocked)
    EvrRtxThreadCreated                      0x08001873   Thumb Code     2  rtx_evr.o(i.EvrRtxThreadCreated)
    EvrRtxThreadDelay                        0x08001875   Thumb Code     2  rtx_evr.o(i.EvrRtxThreadDelay)
    EvrRtxThreadDelayCompleted               0x08001877   Thumb Code     2  rtx_evr.o(i.EvrRtxThreadDelayCompleted)
    EvrRtxThreadDestroyed                    0x08001879   Thumb Code     2  rtx_evr.o(i.EvrRtxThreadDestroyed)
    EvrRtxThreadError                        0x0800187b   Thumb Code     2  rtx_evr.o(i.EvrRtxThreadError)
    EvrRtxThreadExit                         0x0800187d   Thumb Code     2  rtx_evr.o(i.EvrRtxThreadExit)
    EvrRtxThreadFlagsSet                     0x0800187f   Thumb Code     2  rtx_evr.o(i.EvrRtxThreadFlagsSet)
    EvrRtxThreadFlagsSetDone                 0x08001881   Thumb Code     2  rtx_evr.o(i.EvrRtxThreadFlagsSetDone)
    EvrRtxThreadFlagsWait                    0x08001883   Thumb Code     2  rtx_evr.o(i.EvrRtxThreadFlagsWait)
    EvrRtxThreadFlagsWaitCompleted           0x08001885   Thumb Code     2  rtx_evr.o(i.EvrRtxThreadFlagsWaitCompleted)
    EvrRtxThreadFlagsWaitNotCompleted        0x08001887   Thumb Code     2  rtx_evr.o(i.EvrRtxThreadFlagsWaitNotCompleted)
    EvrRtxThreadFlagsWaitPending             0x08001889   Thumb Code     2  rtx_evr.o(i.EvrRtxThreadFlagsWaitPending)
    EvrRtxThreadFlagsWaitTimeout             0x0800188b   Thumb Code     2  rtx_evr.o(i.EvrRtxThreadFlagsWaitTimeout)
    EvrRtxThreadJoined                       0x0800188d   Thumb Code     2  rtx_evr.o(i.EvrRtxThreadJoined)
    EvrRtxThreadNew                          0x0800188f   Thumb Code     2  rtx_evr.o(i.EvrRtxThreadNew)
    EvrRtxThreadPreempted                    0x08001891   Thumb Code     2  rtx_evr.o(i.EvrRtxThreadPreempted)
    EvrRtxThreadSuspend                      0x08001893   Thumb Code     2  rtx_evr.o(i.EvrRtxThreadSuspend)
    EvrRtxThreadSuspended                    0x08001895   Thumb Code     2  rtx_evr.o(i.EvrRtxThreadSuspended)
    EvrRtxThreadSwitched                     0x08001897   Thumb Code     2  rtx_evr.o(i.EvrRtxThreadSwitched)
    EvrRtxThreadUnblocked                    0x08001899   Thumb Code     2  rtx_evr.o(i.EvrRtxThreadUnblocked)
    EvrRtxTimerCallback                      0x0800189b   Thumb Code     2  rtx_evr.o(i.EvrRtxTimerCallback)
    FLASH_ErasePage                          0x0800189d   Thumb Code    72  stm32f10x_flash.o(i.FLASH_ErasePage)
    FLASH_GetBank1Status                     0x080018e9   Thumb Code    48  stm32f10x_flash.o(i.FLASH_GetBank1Status)
    FLASH_Lock                               0x0800191d   Thumb Code    14  stm32f10x_flash.o(i.FLASH_Lock)
    FLASH_ProgramHalfWord                    0x08001931   Thumb Code    60  stm32f10x_flash.o(i.FLASH_ProgramHalfWord)
    FLASH_Unlock                             0x08001971   Thumb Code    12  stm32f10x_flash.o(i.FLASH_Unlock)
    FLASH_WaitForLastOperation               0x08001989   Thumb Code    38  stm32f10x_flash.o(i.FLASH_WaitForLastOperation)
    GPIO_Init                                0x080019fb   Thumb Code   278  stm32f10x_gpio.o(i.GPIO_Init)
    GPIO_ResetBits                           0x08001b11   Thumb Code     4  stm32f10x_gpio.o(i.GPIO_ResetBits)
    GPIO_SetBits                             0x08001b15   Thumb Code     4  stm32f10x_gpio.o(i.GPIO_SetBits)
    Get_Crc16                                0x08001b61   Thumb Code    48  crc8_16.o(i.Get_Crc16)
    Get_Float                                0x08001c0d   Thumb Code    32  common.o(i.Get_Float)
    Get_U16                                  0x08001c2d   Thumb Code    22  common.o(i.Get_U16)
    Get_U32                                  0x08001c43   Thumb Code    32  common.o(i.Get_U32)
    HardFault_Handler                        0x08001cd9   Thumb Code     4  fault_dispose.o(i.HardFault_Handler)
    Io_Init                                  0x080022d1   Thumb Code   168  sys_def.o(i.Io_Init)
    Ltc1867_Init                             0x08002461   Thumb Code    54  ltc1867.o(i.Ltc1867_Init)
    Ltc1867_Read                             0x0800249d   Thumb Code    46  ltc1867.o(i.Ltc1867_Read)
    Module_Config                            0x080025b9   Thumb Code    76  module.o(i.Module_Config)
    Module_Control                           0x08002609   Thumb Code    72  module.o(i.Module_Control)
    Module_Pause                             0x08002651   Thumb Code    38  module.o(i.Module_Pause)
    Module_Start                             0x08002679   Thumb Code   278  module.o(i.Module_Start)
    Module_Stop                              0x08002795   Thumb Code    70  module.o(i.Module_Stop)
    NVIC_Init                                0x08002a49   Thumb Code   100  misc.o(i.NVIC_Init)
    NVIC_PriorityGroupConfig                 0x08002ab9   Thumb Code    10  misc.o(i.NVIC_PriorityGroupConfig)
    OS_Tick_AcknowledgeIRQ                   0x08002b01   Thumb Code     8  os_systick.o(i.OS_Tick_AcknowledgeIRQ)
    OS_Tick_Enable                           0x08002b09   Thumb Code    38  os_systick.o(i.OS_Tick_Enable)
    OS_Tick_GetIRQn                          0x08002b39   Thumb Code     6  os_systick.o(i.OS_Tick_GetIRQn)
    OS_Tick_Setup                            0x08002b41   Thumb Code    66  os_systick.o(i.OS_Tick_Setup)
    Pcio_Init                                0x08002b91   Thumb Code    58  sys_def.o(i.Pcio_Init)
    RCC_APB1PeriphClockCmd                   0x08002bd1   Thumb Code    26  stm32f10x_rcc.o(i.RCC_APB1PeriphClockCmd)
    RCC_APB2PeriphClockCmd                   0x08002bf1   Thumb Code    26  stm32f10x_rcc.o(i.RCC_APB2PeriphClockCmd)
    Refresh_Ch_Status                        0x08002c4d   Thumb Code   212  ch.o(i.Refresh_Ch_Status)
    Reset_PC0_7ODR                           0x08002d21   Thumb Code    24  sys_def.o(i.Reset_PC0_7ODR)
    SPI1_Init                                0x08002d3d   Thumb Code   132  ltc1867.o(i.SPI1_Init)
    SPI1_ReadWriteByte                       0x08002dc9   Thumb Code    76  ltc1867.o(i.SPI1_ReadWriteByte)
    SPI1_SetSpeed                            0x08002e19   Thumb Code    36  ltc1867.o(i.SPI1_SetSpeed)
    SPI2_Init                                0x08002e41   Thumb Code   138  spi2.o(i.SPI2_Init)
    SPI2_ReadWriteByte                       0x08002ed5   Thumb Code    78  spi2.o(i.SPI2_ReadWriteByte)
    SPI2_SetSpeed                            0x08002f29   Thumb Code    36  spi2.o(i.SPI2_SetSpeed)
    SPI_Cmd                                  0x08002f51   Thumb Code    24  stm32f10x_spi.o(i.SPI_Cmd)
    SPI_I2S_GetFlagStatus                    0x08002f69   Thumb Code    18  stm32f10x_spi.o(i.SPI_I2S_GetFlagStatus)
    SPI_I2S_ReceiveData                      0x08002f7b   Thumb Code     6  stm32f10x_spi.o(i.SPI_I2S_ReceiveData)
    SPI_I2S_SendData                         0x08002f81   Thumb Code     4  stm32f10x_spi.o(i.SPI_I2S_SendData)
    SPI_Init                                 0x08002f85   Thumb Code    60  stm32f10x_spi.o(i.SPI_Init)
    Set_PC0_7_ODR                            0x08003389   Thumb Code    24  sys_def.o(i.Set_PC0_7_ODR)
    SystemCoreClockUpdate                    0x080033e5   Thumb Code   142  system_stm32f10x.o(i.SystemCoreClockUpdate)
    SystemInit                               0x08003489   Thumb Code    78  system_stm32f10x.o(i.SystemInit)
    TIM2_IRQHandler                          0x080034e9   Thumb Code   118  can_send.o(i.TIM2_IRQHandler)
    TIM2_Init                                0x08003571   Thumb Code   100  init.o(i.TIM2_Init)
    TIM3_IRQHandler                          0x080035d5   Thumb Code   100  can_send.o(i.TIM3_IRQHandler)
    TIM3_Init                                0x08003655   Thumb Code    98  init.o(i.TIM3_Init)
    TIM_ClearFlag                            0x080036bd   Thumb Code     6  stm32f10x_tim.o(i.TIM_ClearFlag)
    TIM_ClearITPendingBit                    0x080036c3   Thumb Code     6  stm32f10x_tim.o(i.TIM_ClearITPendingBit)
    TIM_Cmd                                  0x080036c9   Thumb Code    24  stm32f10x_tim.o(i.TIM_Cmd)
    TIM_GetITStatus                          0x080036e1   Thumb Code    34  stm32f10x_tim.o(i.TIM_GetITStatus)
    TIM_ITConfig                             0x08003703   Thumb Code    18  stm32f10x_tim.o(i.TIM_ITConfig)
    TIM_TimeBaseInit                         0x08003715   Thumb Code   122  stm32f10x_tim.o(i.TIM_TimeBaseInit)
    U16_To_Byte                              0x0800387d   Thumb Code    18  common.o(i.U16_To_Byte)
    U32_To_Byte                              0x0800388f   Thumb Code    30  common.o(i.U32_To_Byte)
    USB_LP_CAN1_RX0_IRQHandler               0x080038ad   Thumb Code    92  can_receive.o(i.USB_LP_CAN1_RX0_IRQHandler)
    Wr_x_Correct                             0x08003ad9   Thumb Code    82  correct.o(i.Wr_x_Correct)
    __scatterload_copy                       0x08003c1f   Thumb Code    14  handlers.o(i.__scatterload_copy)
    __scatterload_null                       0x08003c2d   Thumb Code     2  handlers.o(i.__scatterload_null)
    __scatterload_zeroinit                   0x08003c2f   Thumb Code    14  handlers.o(i.__scatterload_zeroinit)
    can_re_task                              0x08003c3d   Thumb Code   390  can_receive.o(i.can_re_task)
    can_se_task                              0x08003de5   Thumb Code   250  can_send.o(i.can_se_task)
    data_acq_task                            0x08003ef5   Thumb Code    38  data_acquisition.o(i.data_acq_task)
    delay_us                                 0x08003f25   Thumb Code    76  delay.o(i.delay_us)
    main                                     0x08004185   Thumb Code   112  main.o(i.main)
    osDelay                                  0x0800422d   Thumb Code    56  rtx_delay.o(i.osDelay)
    osKernelInitialize                       0x08004269   Thumb Code    48  rtx_kernel.o(i.osKernelInitialize)
    osKernelLock                             0x0800429d   Thumb Code    48  rtx_kernel.o(i.osKernelLock)
    osKernelStart                            0x080042d1   Thumb Code    48  rtx_kernel.o(i.osKernelStart)
    osKernelUnlock                           0x08004305   Thumb Code    48  rtx_kernel.o(i.osKernelUnlock)
    osMessageQueueGet                        0x08004339   Thumb Code    78  rtx_msgqueue.o(i.osMessageQueueGet)
    osMessageQueueNew                        0x0800438d   Thumb Code    70  rtx_msgqueue.o(i.osMessageQueueNew)
    osMessageQueuePut                        0x080043d9   Thumb Code    78  rtx_msgqueue.o(i.osMessageQueuePut)
    osRtxErrorNotify                         0x0800442d   Thumb Code    32  rtx_config.o(i.osRtxErrorNotify)
    osRtxIdleThread                          0x0800444d   Thumb Code     4  rtx_config.o(i.osRtxIdleThread)
    osRtxMemoryAlloc                         0x0800445d   Thumb Code   238  rtx_memory.o(i.osRtxMemoryAlloc)
    osRtxMemoryFree                          0x0800454b   Thumb Code   124  rtx_memory.o(i.osRtxMemoryFree)
    osRtxMemoryInit                          0x080045c7   Thumb Code   106  rtx_memory.o(i.osRtxMemoryInit)
    osRtxMemoryPoolAlloc                     0x08004631   Thumb Code    58  rtx_mempool.o(i.osRtxMemoryPoolAlloc)
    osRtxMemoryPoolFree                      0x0800466b   Thumb Code    78  rtx_mempool.o(i.osRtxMemoryPoolFree)
    osRtxMemoryPoolInit                      0x080046b9   Thumb Code    88  rtx_mempool.o(i.osRtxMemoryPoolInit)
    osRtxMutexOwnerRelease                   0x08004839   Thumb Code    78  rtx_mutex.o(i.osRtxMutexOwnerRelease)
    osRtxPendSV_Handler                      0x08004889   Thumb Code   126  rtx_system.o(i.osRtxPendSV_Handler)
    osRtxPostProcess                         0x0800490d   Thumb Code    50  rtx_system.o(i.osRtxPostProcess)
    osRtxThreadDelayTick                     0x08004a65   Thumb Code   204  rtx_thread.o(i.osRtxThreadDelayTick)
    osRtxThreadDispatch                      0x08004b35   Thumb Code   106  rtx_thread.o(i.osRtxThreadDispatch)
    osRtxThreadListGet                       0x08004c11   Thumb Code    28  rtx_thread.o(i.osRtxThreadListGet)
    osRtxThreadListPut                       0x08004c2d   Thumb Code    50  rtx_thread.o(i.osRtxThreadListPut)
    osRtxThreadListRemove                    0x08004c5f   Thumb Code    26  rtx_thread.o(i.osRtxThreadListRemove)
    osRtxThreadReadyPut                      0x08004ccd   Thumb Code    18  rtx_thread.o(i.osRtxThreadReadyPut)
    osRtxThreadRegPtr                        0x08004ce5   Thumb Code    14  rtx_thread.o(i.osRtxThreadRegPtr)
    osRtxThreadStackCheck                    0x08004d01   Thumb Code    38  rtx_thread.o(i.osRtxThreadStackCheck)
    osRtxThreadStartup                       0x08004d2d   Thumb Code    78  rtx_thread.o(i.osRtxThreadStartup)
    osRtxThreadSwitch                        0x08004d8d   Thumb Code    24  rtx_thread.o(i.osRtxThreadSwitch)
    osRtxThreadWaitEnter                     0x08004da9   Thumb Code    78  rtx_thread.o(i.osRtxThreadWaitEnter)
    osRtxThreadWaitExit                      0x08004dfd   Thumb Code    54  rtx_thread.o(i.osRtxThreadWaitExit)
    osRtxTick_Handler                        0x08004e35   Thumb Code   154  rtx_system.o(i.osRtxTick_Handler)
    osRtxTimerThread                         0x08004ed5   Thumb Code    76  rtx_timer.o(i.osRtxTimerThread)
    osThreadExit                             0x08004f89   Thumb Code    28  rtx_thread.o(i.osThreadExit)
    osThreadFlagsSet                         0x08004fa9   Thumb Code    58  rtx_thread.o(i.osThreadFlagsSet)
    osThreadFlagsWait                        0x08004fe9   Thumb Code    72  rtx_thread.o(i.osThreadFlagsWait)
    osThreadNew                              0x08005035   Thumb Code    70  rtx_thread.o(i.osThreadNew)
    osThreadSuspend                          0x08005081   Thumb Code    56  rtx_thread.o(i.osThreadSuspend)
    read_correct                             0x080050bd   Thumb Code    28  correct.o(i.read_correct)
    start_task                               0x080050e9   Thumb Code   148  main.o(i.start_task)
    user_init                                0x08005eed   Thumb Code    74  main.o(i.user_init)
    ch1_resource                             0x08005f38   Data           8  ch_cfg.o(.constdata)
    ch2_resource                             0x08005f40   Data           8  ch_cfg.o(.constdata)
    ch3_resource                             0x08005f48   Data           8  ch_cfg.o(.constdata)
    ch4_resource                             0x08005f50   Data           8  ch_cfg.o(.constdata)
    ch1_obj                                  0x08005f58   Data          24  ch_cfg.o(.constdata)
    ch2_obj                                  0x08005f70   Data          24  ch_cfg.o(.constdata)
    ch3_obj                                  0x08005f88   Data          24  ch_cfg.o(.constdata)
    ch4_obj                                  0x08005fa0   Data          24  ch_cfg.o(.constdata)
    mod1_resource                            0x08005fb8   Data          12  module_cfg.o(.constdata)
    mod2_resource                            0x08005fc4   Data          12  module_cfg.o(.constdata)
    mod3_resource                            0x08005fd0   Data          12  module_cfg.o(.constdata)
    mod4_resource                            0x08005fdc   Data          12  module_cfg.o(.constdata)
    mod5_resource                            0x08005fe8   Data          12  module_cfg.o(.constdata)
    mod6_resource                            0x08005ff4   Data          12  module_cfg.o(.constdata)
    mod7_resource                            0x08006000   Data          12  module_cfg.o(.constdata)
    mod8_resource                            0x0800600c   Data          12  module_cfg.o(.constdata)
    module1                                  0x08006018   Data          20  module_cfg.o(.constdata)
    module2                                  0x0800602c   Data          20  module_cfg.o(.constdata)
    module3                                  0x08006040   Data          20  module_cfg.o(.constdata)
    module4                                  0x08006054   Data          20  module_cfg.o(.constdata)
    module5                                  0x08006068   Data          20  module_cfg.o(.constdata)
    module6                                  0x0800607c   Data          20  module_cfg.o(.constdata)
    module7                                  0x08006090   Data          20  module_cfg.o(.constdata)
    module8                                  0x080060a4   Data          20  module_cfg.o(.constdata)
    auchCRCHi                                0x080060b8   Data         256  crc8_16.o(.constdata)
    auchCRCLo                                0x080061b8   Data         256  crc8_16.o(.constdata)
    osRtxUserSVC                             0x08006318   Data           4  rtx_lib.o(.constdata)
    osRtxConfig                              0x08006328   Data         104  rtx_lib.o(.rodata)
    Region$$Table$$Base                      0x08006390   Number         0  anon$$obj.o(Region$$Table)
    Region$$Table$$Limit                     0x080063b0   Number         0  anon$$obj.o(Region$$Table)
    .bss.os.msgqueue.cb$$Base                0x20001060   Number         0  rtx_lib.o(.bss.os.msgqueue.cb)
    .bss.os.msgqueue.cb$$Limit               0x20001094   Number         0  rtx_lib.o(.bss.os.msgqueue.cb)
    .bss.os.thread.cb$$Base                  0x200010e4   Number         0  rtx_lib.o(.bss.os.thread.cb)
    .bss.os.thread.cb$$Limit                 0x2000116c   Number         0  rtx_lib.o(.bss.os.thread.cb)
    can_re_message_id                        0x20001300   Data           4  main.o(.data)
    start_task_id                            0x20001304   Data           4  main.o(.data)
    can_re_task_id                           0x20001308   Data           4  main.o(.data)
    can_se_task_id                           0x2000130c   Data           4  main.o(.data)
    data_acq_task_id                         0x20001310   Data           4  main.o(.data)
    fault_task_id                            0x20001314   Data           4  main.o(.data)
    se_data                                  0x20001318   Data          16  can_send.o(.data)
    times                                    0x20001328   Data           4  can_send.o(.data)
    correct_module                           0x2000132c   Data           4  data_acquisition.o(.data)
    correct_en                               0x20001330   Data           1  data_acquisition.o(.data)
    mod1_measure                             0x20001334   Data           8  module_cfg.o(.data)
    mod2_measure                             0x2000133c   Data           8  module_cfg.o(.data)
    mod3_measure                             0x20001344   Data           8  module_cfg.o(.data)
    mod4_measure                             0x2000134c   Data           8  module_cfg.o(.data)
    mod5_measure                             0x20001354   Data           8  module_cfg.o(.data)
    mod6_measure                             0x2000135c   Data           8  module_cfg.o(.data)
    mod7_measure                             0x20001364   Data           8  module_cfg.o(.data)
    mod8_measure                             0x2000136c   Data           8  module_cfg.o(.data)
    mod_correct_def                          0x20001374   Data          40  module_cfg.o(.data)
    DEVICE_ID                                0x2000139c   Data           1  sys_def.o(.data)
    pc0_7_odr                                0x2000139d   Data           4  sys_def.o(.data)
    SystemCoreClock                          0x200013a4   Data           4  system_stm32f10x.o(.data)
    AHBPrescTable                            0x200013a8   Data          16  system_stm32f10x.o(.data)
    osRtxInfo                                0x200013b8   Data         164  rtx_kernel.o(.data.os)
    Can_Re_Message                           0x20001460   Data          52  main.o(.bss)
    Can_Re_Buf                               0x20001494   Data         320  main.o(.bss)
    StartTaskTCB                             0x200015d4   Data          68  main.o(.bss)
    START_TASK_STK                           0x20001618   Data        2048  main.o(.bss)
    CAN_Re_TaskTCB                           0x20001e18   Data          68  main.o(.bss)
    CAN_RE_TASK_STK                          0x20001e60   Data         512  main.o(.bss)
    CAN_Se_TaskTCB                           0x20002060   Data          68  main.o(.bss)
    CAN_SE_TASK_STK                          0x200020a8   Data         512  main.o(.bss)
    DATA_Acq_TaskTCB                         0x200022a8   Data          68  main.o(.bss)
    DATA_ACQ_TASK_STK                        0x200022f0   Data         512  main.o(.bss)
    Fault_TaskTCB                            0x200024f0   Data          68  main.o(.bss)
    FAULT_TASK_STK                           0x20002538   Data         512  main.o(.bss)
    can_rx_msg                               0x20002738   Data          20  can_receive.o(.bss)
    receive_buf                              0x2000274c   Data          32  can_receive.o(.bss)
    re_data                                  0x2000276c   Data          38  can_receive.o(.bss)
    mod_adcorrect                            0x200027b4   Data        1280  correct.o(.bss)
    mod_dacorrect                            0x20002cb4   Data        1280  correct.o(.bss)
    ch1_info                                 0x200032e0   Data          20  ch_cfg.o(.bss)
    ch2_info                                 0x200032f4   Data          20  ch_cfg.o(.bss)
    ch3_info                                 0x20003308   Data          20  ch_cfg.o(.bss)
    ch4_info                                 0x2000331c   Data          20  ch_cfg.o(.bss)
    ch1_protect                              0x20003330   Data          16  ch_cfg.o(.bss)
    ch2_protect                              0x20003340   Data          16  ch_cfg.o(.bss)
    ch3_protect                              0x20003350   Data          16  ch_cfg.o(.bss)
    ch4_protect                              0x20003360   Data          16  ch_cfg.o(.bss)
    ch1_measure                              0x20003370   Data          16  ch_cfg.o(.bss)
    ch2_measure                              0x20003380   Data          16  ch_cfg.o(.bss)
    ch3_measure                              0x20003390   Data          16  ch_cfg.o(.bss)
    ch4_measure                              0x200033a0   Data          16  ch_cfg.o(.bss)
    mod1_info                                0x200033b0   Data          12  module_cfg.o(.bss)
    mod2_info                                0x200033bc   Data          12  module_cfg.o(.bss)
    mod3_info                                0x200033c8   Data          12  module_cfg.o(.bss)
    mod4_info                                0x200033d4   Data          12  module_cfg.o(.bss)
    mod5_info                                0x200033e0   Data          12  module_cfg.o(.bss)
    mod6_info                                0x200033ec   Data          12  module_cfg.o(.bss)
    mod7_info                                0x200033f8   Data          12  module_cfg.o(.bss)
    mod8_info                                0x20003404   Data          12  module_cfg.o(.bss)
    modulex_correct                          0x20003410   Data          40  module_cfg.o(.bss)
    __initial_sp                             0x20003838   Data           0  startup_stm32f10x_hd.o(STACK)



==============================================================================

Memory Map of the image

  Image Entry point : 0x08000131

  Load Region LR_IROM1 (Base: 0x08000000, Size: 0x0000780c, Max: 0x00040000, ABSOLUTE, COMPRESSED[0x00006424])

    Execution Region ER_IROM1 (Exec base: 0x08000000, Load base: 0x08000000, Size: 0x000063b0, Max: 0x00040000, ABSOLUTE)

    Exec Addr    Load Addr    Size         Type   Attr      Idx    E Section Name        Object

    0x08000000   0x08000000   0x00000130   Data   RO         5755    RESET               startup_stm32f10x_hd.o
    0x08000130   0x08000130   0x00000000   Code   RO         5806  * .ARM.Collect$$$$00000000  mc_w.l(entry.o)
    0x08000130   0x08000130   0x00000004   Code   RO         5827    .ARM.Collect$$$$00000001  mc_w.l(entry2.o)
    0x08000134   0x08000134   0x00000004   Code   RO         5830    .ARM.Collect$$$$00000004  mc_w.l(entry5.o)
    0x08000138   0x08000138   0x00000000   Code   RO         5832    .ARM.Collect$$$$00000008  mc_w.l(entry7b.o)
    0x08000138   0x08000138   0x00000000   Code   RO         5834    .ARM.Collect$$$$0000000A  mc_w.l(entry8b.o)
    0x08000138   0x08000138   0x00000008   Code   RO         5835    .ARM.Collect$$$$0000000B  mc_w.l(entry9a.o)
    0x08000140   0x08000140   0x00000000   Code   RO         5837    .ARM.Collect$$$$0000000D  mc_w.l(entry10a.o)
    0x08000140   0x08000140   0x00000000   Code   RO         5839    .ARM.Collect$$$$0000000F  mc_w.l(entry11a.o)
    0x08000140   0x08000140   0x00000004   Code   RO         5828    .ARM.Collect$$$$00002712  mc_w.l(entry2.o)
    0x08000144   0x08000144   0x00000154   Code   RO         3019    .emb_text           rtx_mempool.o
    0x08000298   0x08000298   0x00000154   Code   RO         3186    .emb_text           rtx_msgqueue.o
    0x080003ec   0x080003ec   0x00000154   Code   RO         3597    .emb_text           rtx_system.o
    0x08000540   0x08000540   0x00000154   Code   RO         3653    .emb_text           rtx_thread.o
    0x08000694   0x08000694   0x00000094   Code   RO         1562    .text               irq_cm3.o
    0x08000728   0x08000728   0x00000024   Code   RO         5756    .text               startup_stm32f10x_hd.o
    0x0800074c   0x0800074c   0x00000024   Code   RO         5809    .text               mc_w.l(memcpya.o)
    0x08000770   0x08000770   0x00000024   Code   RO         5811    .text               mc_w.l(memseta.o)
    0x08000794   0x08000794   0x000000b0   Code   RO         5815    .text               mf_w.l(fadd.o)
    0x08000844   0x08000844   0x00000064   Code   RO         5817    .text               mf_w.l(fmul.o)
    0x080008a8   0x080008a8   0x0000000a   Code   RO         5819    .text               mf_w.l(ffltui.o)
    0x080008b2   0x080008b2   0x00000028   Code   RO         5821    .text               mf_w.l(ffixui.o)
    0x080008da   0x080008da   0x00000026   Code   RO         5823    .text               mf_w.l(f2d.o)
    0x08000900   0x08000900   0x00000030   Code   RO         5825    .text               mf_w.l(cdcmple.o)
    0x08000930   0x08000930   0x00000000   Code   RO         5841    .text               mc_w.l(iusefp.o)
    0x08000930   0x08000930   0x0000006e   Code   RO         5842    .text               mf_w.l(fepilogue.o)
    0x0800099e   0x0800099e   0x00000002   PAD
    0x080009a0   0x080009a0   0x00000024   Code   RO         5844    .text               mc_w.l(init.o)
    0x080009c4   0x080009c4   0x0000003a   Code   RO         5854    .text               mc_w.l(__dczerorl.o)
    0x080009fe   0x080009fe   0x00000002   PAD
    0x08000a00   0x08000a00   0x00000040   Code   RO          669    i.AD5676_DCEN_Set   ad5676.o
    0x08000a40   0x08000a40   0x0000005c   Code   RO          670    i.AD5676_Init       ad5676.o
    0x08000a9c   0x08000a9c   0x00000084   Code   RO          672    i.AD5676_ReadBack   ad5676.o
    0x08000b20   0x08000b20   0x00000070   Code   RO          673    i.AD5676_SetInputRegister  ad5676.o
    0x08000b90   0x08000b90   0x00000028   Code   RO          675    i.AD5676_WriteFunction  ad5676.o
    0x08000bb8   0x08000bb8   0x0000003a   Code   RO          411    i.Ad_Filter         data_acquisition.o
    0x08000bf2   0x08000bf2   0x00000002   PAD
    0x08000bf4   0x08000bf4   0x00000060   Code   RO          412    i.Adc_Correct       data_acquisition.o
    0x08000c54   0x08000c54   0x000000a8   Code   RO         4351    i.CAN_ClearITPendingBit  stm32f10x_can.o
    0x08000cfc   0x08000cfc   0x00000016   Code   RO         4354    i.CAN_FIFORelease   stm32f10x_can.o
    0x08000d12   0x08000d12   0x00000002   PAD
    0x08000d14   0x08000d14   0x00000108   Code   RO         4355    i.CAN_FilterInit    stm32f10x_can.o
    0x08000e1c   0x08000e1c   0x00000120   Code   RO         4357    i.CAN_GetITStatus   stm32f10x_can.o
    0x08000f3c   0x08000f3c   0x00000012   Code   RO         4361    i.CAN_ITConfig      stm32f10x_can.o
    0x08000f4e   0x08000f4e   0x00000114   Code   RO         4362    i.CAN_Init          stm32f10x_can.o
    0x08001062   0x08001062   0x00000002   PAD
    0x08001064   0x08001064   0x0000016c   Code   RO          734    i.CAN_Mode_Init     can.o
    0x080011d0   0x080011d0   0x000000f0   Code   RO         4365    i.CAN_Receive       stm32f10x_can.o
    0x080012c0   0x080012c0   0x00000126   Code   RO         4370    i.CAN_Transmit      stm32f10x_can.o
    0x080013e6   0x080013e6   0x00000002   PAD
    0x080013e8   0x080013e8   0x000000a0   Code   RO         4371    i.CAN_TransmitStatus  stm32f10x_can.o
    0x08001488   0x08001488   0x0000003c   Code   RO          988    i.CS_Control        module.o
    0x080014c4   0x080014c4   0x00000078   Code   RO          735    i.Can_Send_Msg      can.o
    0x0800153c   0x0800153c   0x0000008c   Code   RO          764    i.Ch_Config         ch.o
    0x080015c8   0x080015c8   0x00000048   Code   RO          765    i.Ch_Control        ch.o
    0x08001610   0x08001610   0x0000003c   Code   RO          989    i.Ch_En             module.o
    0x0800164c   0x0800164c   0x0000002c   Code   RO          153    i.Cheak_Crc         can_receive.o
    0x08001678   0x08001678   0x00000012   Code   RO         4373    i.CheckITStatus     stm32f10x_can.o
    0x0800168a   0x0800168a   0x000000fc   Code   RO          154    i.Check_Parameter   can_receive.o
    0x08001786   0x08001786   0x00000002   PAD
    0x08001788   0x08001788   0x00000054   Code   RO          990    i.Convert_Cur_Dac   module.o
    0x080017dc   0x080017dc   0x00000054   Code   RO          991    i.Convert_Vol_Dac   module.o
    0x08001830   0x08001830   0x00000002   Code   RO         1804    i.EvrRtxEventFlagsWaitTimeout  rtx_evr.o
    0x08001832   0x08001832   0x00000002   Code   RO         1805    i.EvrRtxKernelError  rtx_evr.o
    0x08001834   0x08001834   0x00000002   Code   RO         1813    i.EvrRtxKernelInitialize  rtx_evr.o
    0x08001836   0x08001836   0x00000002   Code   RO         1814    i.EvrRtxKernelInitializeCompleted  rtx_evr.o
    0x08001838   0x08001838   0x00000002   Code   RO         1815    i.EvrRtxKernelLock  rtx_evr.o
    0x0800183a   0x0800183a   0x00000002   Code   RO         1817    i.EvrRtxKernelLocked  rtx_evr.o
    0x0800183c   0x0800183c   0x00000002   Code   RO         1821    i.EvrRtxKernelStart  rtx_evr.o
    0x0800183e   0x0800183e   0x00000002   Code   RO         1822    i.EvrRtxKernelStarted  rtx_evr.o
    0x08001840   0x08001840   0x00000002   Code   RO         1825    i.EvrRtxKernelUnlock  rtx_evr.o
    0x08001842   0x08001842   0x00000002   Code   RO         1826    i.EvrRtxKernelUnlocked  rtx_evr.o
    0x08001844   0x08001844   0x00000002   Code   RO         1827    i.EvrRtxMemoryAlloc  rtx_evr.o
    0x08001846   0x08001846   0x00000002   Code   RO         1828    i.EvrRtxMemoryBlockAlloc  rtx_evr.o
    0x08001848   0x08001848   0x00000002   Code   RO         1829    i.EvrRtxMemoryBlockFree  rtx_evr.o
    0x0800184a   0x0800184a   0x00000002   Code   RO         1830    i.EvrRtxMemoryBlockInit  rtx_evr.o
    0x0800184c   0x0800184c   0x00000002   Code   RO         1831    i.EvrRtxMemoryFree  rtx_evr.o
    0x0800184e   0x0800184e   0x00000002   Code   RO         1832    i.EvrRtxMemoryInit  rtx_evr.o
    0x08001850   0x08001850   0x00000002   Code   RO         1836    i.EvrRtxMemoryPoolAllocTimeout  rtx_evr.o
    0x08001852   0x08001852   0x00000002   Code   RO         1851    i.EvrRtxMessageQueueCreated  rtx_evr.o
    0x08001854   0x08001854   0x00000002   Code   RO         1854    i.EvrRtxMessageQueueError  rtx_evr.o
    0x08001856   0x08001856   0x00000002   Code   RO         1855    i.EvrRtxMessageQueueGet  rtx_evr.o
    0x08001858   0x08001858   0x00000002   Code   RO         1860    i.EvrRtxMessageQueueGetPending  rtx_evr.o
    0x0800185a   0x0800185a   0x00000002   Code   RO         1862    i.EvrRtxMessageQueueGetTimeout  rtx_evr.o
    0x0800185c   0x0800185c   0x00000002   Code   RO         1863    i.EvrRtxMessageQueueInsertPending  rtx_evr.o
    0x0800185e   0x0800185e   0x00000002   Code   RO         1864    i.EvrRtxMessageQueueInserted  rtx_evr.o
    0x08001860   0x08001860   0x00000002   Code   RO         1865    i.EvrRtxMessageQueueNew  rtx_evr.o
    0x08001862   0x08001862   0x00000002   Code   RO         1866    i.EvrRtxMessageQueueNotInserted  rtx_evr.o
    0x08001864   0x08001864   0x00000002   Code   RO         1867    i.EvrRtxMessageQueueNotRetrieved  rtx_evr.o
    0x08001866   0x08001866   0x00000002   Code   RO         1868    i.EvrRtxMessageQueuePut  rtx_evr.o
    0x08001868   0x08001868   0x00000002   Code   RO         1869    i.EvrRtxMessageQueuePutPending  rtx_evr.o
    0x0800186a   0x0800186a   0x00000002   Code   RO         1870    i.EvrRtxMessageQueuePutTimeout  rtx_evr.o
    0x0800186c   0x0800186c   0x00000002   Code   RO         1873    i.EvrRtxMessageQueueRetrieved  rtx_evr.o
    0x0800186e   0x0800186e   0x00000002   Code   RO         1876    i.EvrRtxSemaphoreAcquireTimeout  rtx_evr.o
    0x08001870   0x08001870   0x00000002   Code   RO         1888    i.EvrRtxThreadBlocked  rtx_evr.o
    0x08001872   0x08001872   0x00000002   Code   RO         1889    i.EvrRtxThreadCreated  rtx_evr.o
    0x08001874   0x08001874   0x00000002   Code   RO         1890    i.EvrRtxThreadDelay  rtx_evr.o
    0x08001876   0x08001876   0x00000002   Code   RO         1891    i.EvrRtxThreadDelayCompleted  rtx_evr.o
    0x08001878   0x08001878   0x00000002   Code   RO         1893    i.EvrRtxThreadDestroyed  rtx_evr.o
    0x0800187a   0x0800187a   0x00000002   Code   RO         1897    i.EvrRtxThreadError  rtx_evr.o
    0x0800187c   0x0800187c   0x00000002   Code   RO         1898    i.EvrRtxThreadExit  rtx_evr.o
    0x0800187e   0x0800187e   0x00000002   Code   RO         1902    i.EvrRtxThreadFlagsSet  rtx_evr.o
    0x08001880   0x08001880   0x00000002   Code   RO         1903    i.EvrRtxThreadFlagsSetDone  rtx_evr.o
    0x08001882   0x08001882   0x00000002   Code   RO         1904    i.EvrRtxThreadFlagsWait  rtx_evr.o
    0x08001884   0x08001884   0x00000002   Code   RO         1905    i.EvrRtxThreadFlagsWaitCompleted  rtx_evr.o
    0x08001886   0x08001886   0x00000002   Code   RO         1906    i.EvrRtxThreadFlagsWaitNotCompleted  rtx_evr.o
    0x08001888   0x08001888   0x00000002   Code   RO         1907    i.EvrRtxThreadFlagsWaitPending  rtx_evr.o
    0x0800188a   0x0800188a   0x00000002   Code   RO         1908    i.EvrRtxThreadFlagsWaitTimeout  rtx_evr.o
    0x0800188c   0x0800188c   0x00000002   Code   RO         1918    i.EvrRtxThreadJoined  rtx_evr.o
    0x0800188e   0x0800188e   0x00000002   Code   RO         1919    i.EvrRtxThreadNew   rtx_evr.o
    0x08001890   0x08001890   0x00000002   Code   RO         1920    i.EvrRtxThreadPreempted  rtx_evr.o
    0x08001892   0x08001892   0x00000002   Code   RO         1924    i.EvrRtxThreadSuspend  rtx_evr.o
    0x08001894   0x08001894   0x00000002   Code   RO         1925    i.EvrRtxThreadSuspended  rtx_evr.o
    0x08001896   0x08001896   0x00000002   Code   RO         1926    i.EvrRtxThreadSwitched  rtx_evr.o
    0x08001898   0x08001898   0x00000002   Code   RO         1928    i.EvrRtxThreadUnblocked  rtx_evr.o
    0x0800189a   0x0800189a   0x00000002   Code   RO         1930    i.EvrRtxTimerCallback  rtx_evr.o
    0x0800189c   0x0800189c   0x0000004c   Code   RO         4521    i.FLASH_ErasePage   stm32f10x_flash.o
    0x080018e8   0x080018e8   0x00000034   Code   RO         4522    i.FLASH_GetBank1Status  stm32f10x_flash.o
    0x0800191c   0x0800191c   0x00000014   Code   RO         4531    i.FLASH_Lock        stm32f10x_flash.o
    0x08001930   0x08001930   0x00000040   Code   RO         4534    i.FLASH_ProgramHalfWord  stm32f10x_flash.o
    0x08001970   0x08001970   0x00000018   Code   RO         4539    i.FLASH_Unlock      stm32f10x_flash.o
    0x08001988   0x08001988   0x00000026   Code   RO         4543    i.FLASH_WaitForLastOperation  stm32f10x_flash.o
    0x080019ae   0x080019ae   0x0000004c   Code   RO          413    i.Filter_Glide_Ave  data_acquisition.o
    0x080019fa   0x080019fa   0x00000116   Code   RO         4708    i.GPIO_Init         stm32f10x_gpio.o
    0x08001b10   0x08001b10   0x00000004   Code   RO         4715    i.GPIO_ResetBits    stm32f10x_gpio.o
    0x08001b14   0x08001b14   0x00000004   Code   RO         4716    i.GPIO_SetBits      stm32f10x_gpio.o
    0x08001b18   0x08001b18   0x0000001c   Code   RO          414    i.Get_Adc_Val       data_acquisition.o
    0x08001b34   0x08001b34   0x0000002a   Code   RO          416    i.Get_Ch_Measure    data_acquisition.o
    0x08001b5e   0x08001b5e   0x00000002   PAD
    0x08001b60   0x08001b60   0x00000038   Code   RO          871    i.Get_Crc16         crc8_16.o
    0x08001b98   0x08001b98   0x00000074   Code   RO          417    i.Get_Current       data_acquisition.o
    0x08001c0c   0x08001c0c   0x00000020   Code   RO          806    i.Get_Float         common.o
    0x08001c2c   0x08001c2c   0x00000016   Code   RO          807    i.Get_U16           common.o
    0x08001c42   0x08001c42   0x00000020   Code   RO          808    i.Get_U32           common.o
    0x08001c62   0x08001c62   0x00000002   PAD
    0x08001c64   0x08001c64   0x00000074   Code   RO          418    i.Get_Voltage       data_acquisition.o
    0x08001cd8   0x08001cd8   0x00000004   Code   RO          523    i.HardFault_Handler  fault_dispose.o
    0x08001cdc   0x08001cdc   0x000001f8   Code   RO          419    i.I_Sample          data_acquisition.o
    0x08001ed4   0x08001ed4   0x00000084   Code   RO          155    i.Idn_Cmd           can_receive.o
    0x08001f58   0x08001f58   0x00000094   Code   RO          156    i.Idn_Config        can_receive.o
    0x08001fec   0x08001fec   0x000000d0   Code   RO          157    i.Idn_Crt_Cmd       can_receive.o
    0x080020bc   0x080020bc   0x0000005c   Code   RO          158    i.Idn_Fault         can_receive.o
    0x08002118   0x08002118   0x00000098   Code   RO          159    i.Idn_Protect_Cfg   can_receive.o
    0x080021b0   0x080021b0   0x00000020   Code   RO          160    i.Idn_Re_X_Cfg      can_receive.o
    0x080021d0   0x080021d0   0x00000080   Code   RO          161    i.Idn_Wr_Ad_Cfg     can_receive.o
    0x08002250   0x08002250   0x00000080   Code   RO          162    i.Idn_Wr_Da_Cfg     can_receive.o
    0x080022d0   0x080022d0   0x000000b4   Code   RO          607    i.Io_Init           sys_def.o
    0x08002384   0x08002384   0x00000018   Code   RO         1570    i.IsIrqMasked       rtx_delay.o
    0x0800239c   0x0800239c   0x00000018   Code   RO         2726    i.IsIrqMasked       rtx_kernel.o
    0x080023b4   0x080023b4   0x00000018   Code   RO         3187    i.IsIrqMasked       rtx_msgqueue.o
    0x080023cc   0x080023cc   0x00000018   Code   RO         3654    i.IsIrqMasked       rtx_thread.o
    0x080023e4   0x080023e4   0x00000010   Code   RO         1571    i.IsIrqMode         rtx_delay.o
    0x080023f4   0x080023f4   0x00000010   Code   RO         2727    i.IsIrqMode         rtx_kernel.o
    0x08002404   0x08002404   0x00000010   Code   RO         3188    i.IsIrqMode         rtx_msgqueue.o
    0x08002414   0x08002414   0x00000010   Code   RO         3655    i.IsIrqMode         rtx_thread.o
    0x08002424   0x08002424   0x0000003c   Code   RO          766    i.LED_Control       ch.o
    0x08002460   0x08002460   0x0000003c   Code   RO          934    i.Ltc1867_Init      ltc1867.o
    0x0800249c   0x0800249c   0x00000034   Code   RO          936    i.Ltc1867_Read      ltc1867.o
    0x080024d0   0x080024d0   0x0000000a   Code   RO         2972    i.MemBlockPtr       rtx_memory.o
    0x080024da   0x080024da   0x00000034   Code   RO         3189    i.MessageQueueGet   rtx_msgqueue.o
    0x0800250e   0x0800250e   0x0000004c   Code   RO         3190    i.MessageQueuePut   rtx_msgqueue.o
    0x0800255a   0x0800255a   0x00000022   Code   RO         3191    i.MessageQueueRemove  rtx_msgqueue.o
    0x0800257c   0x0800257c   0x0000003c   Code   RO          992    i.Mode_Select       module.o
    0x080025b8   0x080025b8   0x00000050   Code   RO          993    i.Module_Config     module.o
    0x08002608   0x08002608   0x00000048   Code   RO          994    i.Module_Control    module.o
    0x08002650   0x08002650   0x00000026   Code   RO          995    i.Module_Pause      module.o
    0x08002676   0x08002676   0x00000002   PAD
    0x08002678   0x08002678   0x0000011c   Code   RO          996    i.Module_Start      module.o
    0x08002794   0x08002794   0x00000050   Code   RO          997    i.Module_Stop       module.o
    0x080027e4   0x080027e4   0x00000054   Code   RO          295    i.Msg_Ack           can_send.o
    0x08002838   0x08002838   0x00000048   Code   RO          296    i.Msg_Correct_Ack   can_send.o
    0x08002880   0x08002880   0x00000038   Code   RO          298    i.Msg_Heartbeat     can_send.o
    0x080028b8   0x080028b8   0x0000009c   Code   RO          299    i.Msg_Sample        can_send.o
    0x08002954   0x08002954   0x000000f4   Code   RO          163    i.Msg_Wr_To_Buf     can_receive.o
    0x08002a48   0x08002a48   0x00000070   Code   RO         4301    i.NVIC_Init         misc.o
    0x08002ab8   0x08002ab8   0x00000014   Code   RO         4302    i.NVIC_PriorityGroupConfig  misc.o
    0x08002acc   0x08002acc   0x00000034   Code   RO          420    i.Normal_Measures   data_acquisition.o
    0x08002b00   0x08002b00   0x00000008   Code   RO         4197    i.OS_Tick_AcknowledgeIRQ  os_systick.o
    0x08002b08   0x08002b08   0x00000030   Code   RO         4199    i.OS_Tick_Enable    os_systick.o
    0x08002b38   0x08002b38   0x00000006   Code   RO         4202    i.OS_Tick_GetIRQn   os_systick.o
    0x08002b3e   0x08002b3e   0x00000002   PAD
    0x08002b40   0x08002b40   0x00000050   Code   RO         4205    i.OS_Tick_Setup     os_systick.o
    0x08002b90   0x08002b90   0x00000040   Code   RO          608    i.Pcio_Init         sys_def.o
    0x08002bd0   0x08002bd0   0x00000020   Code   RO         4830    i.RCC_APB1PeriphClockCmd  stm32f10x_rcc.o
    0x08002bf0   0x08002bf0   0x00000020   Code   RO         4832    i.RCC_APB2PeriphClockCmd  stm32f10x_rcc.o
    0x08002c10   0x08002c10   0x0000003c   Code   RO          369    i.Re_x_Correct      correct.o
    0x08002c4c   0x08002c4c   0x000000d4   Code   RO          767    i.Refresh_Ch_Status  ch.o
    0x08002d20   0x08002d20   0x0000001c   Code   RO          611    i.Reset_PC0_7ODR    sys_def.o
    0x08002d3c   0x08002d3c   0x0000008c   Code   RO          937    i.SPI1_Init         ltc1867.o
    0x08002dc8   0x08002dc8   0x00000050   Code   RO          938    i.SPI1_ReadWriteByte  ltc1867.o
    0x08002e18   0x08002e18   0x00000028   Code   RO          939    i.SPI1_SetSpeed     ltc1867.o
    0x08002e40   0x08002e40   0x00000094   Code   RO         1078    i.SPI2_Init         spi2.o
    0x08002ed4   0x08002ed4   0x00000054   Code   RO         1079    i.SPI2_ReadWriteByte  spi2.o
    0x08002f28   0x08002f28   0x00000028   Code   RO         1080    i.SPI2_SetSpeed     spi2.o
    0x08002f50   0x08002f50   0x00000018   Code   RO         5045    i.SPI_Cmd           stm32f10x_spi.o
    0x08002f68   0x08002f68   0x00000012   Code   RO         5053    i.SPI_I2S_GetFlagStatus  stm32f10x_spi.o
    0x08002f7a   0x08002f7a   0x00000006   Code   RO         5056    i.SPI_I2S_ReceiveData  stm32f10x_spi.o
    0x08002f80   0x08002f80   0x00000004   Code   RO         5057    i.SPI_I2S_SendData  stm32f10x_spi.o
    0x08002f84   0x08002f84   0x0000003c   Code   RO         5058    i.SPI_Init          stm32f10x_spi.o
    0x08002fc0   0x08002fc0   0x00000066   Code   RO          300    i.Send_Msg          can_send.o
    0x08003026   0x08003026   0x00000008   Code   RO         5763    i.SetSysClock       system_stm32f10x.o
    0x0800302e   0x0800302e   0x00000002   PAD
    0x08003030   0x08003030   0x000000e0   Code   RO         5764    i.SetSysClockTo72   system_stm32f10x.o
    0x08003110   0x08003110   0x000000a4   Code   RO          421    i.Set_Adi_Correct   data_acquisition.o
    0x080031b4   0x080031b4   0x000000a4   Code   RO          422    i.Set_Adv_Correct   data_acquisition.o
    0x08003258   0x08003258   0x00000030   Code   RO          423    i.Set_Cs            data_acquisition.o
    0x08003288   0x08003288   0x00000100   Code   RO          998    i.Set_Da_Correct    module.o
    0x08003388   0x08003388   0x0000001c   Code   RO          612    i.Set_PC0_7_ODR     sys_def.o
    0x080033a4   0x080033a4   0x0000003e   Code   RO          424    i.Sort              data_acquisition.o
    0x080033e2   0x080033e2   0x00000002   PAD
    0x080033e4   0x080033e4   0x000000a4   Code   RO         5765    i.SystemCoreClockUpdate  system_stm32f10x.o
    0x08003488   0x08003488   0x00000060   Code   RO         5766    i.SystemInit        system_stm32f10x.o
    0x080034e8   0x080034e8   0x00000088   Code   RO          301    i.TIM2_IRQHandler   can_send.o
    0x08003570   0x08003570   0x00000064   Code   RO          904    i.TIM2_Init         init.o
    0x080035d4   0x080035d4   0x00000080   Code   RO          302    i.TIM3_IRQHandler   can_send.o
    0x08003654   0x08003654   0x00000068   Code   RO          905    i.TIM3_Init         init.o
    0x080036bc   0x080036bc   0x00000006   Code   RO         5206    i.TIM_ClearFlag     stm32f10x_tim.o
    0x080036c2   0x080036c2   0x00000006   Code   RO         5207    i.TIM_ClearITPendingBit  stm32f10x_tim.o
    0x080036c8   0x080036c8   0x00000018   Code   RO         5212    i.TIM_Cmd           stm32f10x_tim.o
    0x080036e0   0x080036e0   0x00000022   Code   RO         5233    i.TIM_GetITStatus   stm32f10x_tim.o
    0x08003702   0x08003702   0x00000012   Code   RO         5237    i.TIM_ITConfig      stm32f10x_tim.o
    0x08003714   0x08003714   0x000000a4   Code   RO         5283    i.TIM_TimeBaseInit  stm32f10x_tim.o
    0x080037b8   0x080037b8   0x00000056   Code   RO         3656    i.ThreadFlagsCheck  rtx_thread.o
    0x0800380e   0x0800380e   0x00000016   Code   RO         3658    i.ThreadFlagsSet    rtx_thread.o
    0x08003824   0x08003824   0x00000040   Code   RO         4073    i.TimerInsert       rtx_timer.o
    0x08003864   0x08003864   0x00000018   Code   RO         4075    i.TimerUnlink       rtx_timer.o
    0x0800387c   0x0800387c   0x00000012   Code   RO          810    i.U16_To_Byte       common.o
    0x0800388e   0x0800388e   0x0000001e   Code   RO          811    i.U32_To_Byte       common.o
    0x080038ac   0x080038ac   0x00000064   Code   RO          164    i.USB_LP_CAN1_RX0_IRQHandler  can_receive.o
    0x08003910   0x08003910   0x000001c8   Code   RO          426    i.V_Sample          data_acquisition.o
    0x08003ad8   0x08003ad8   0x00000052   Code   RO          370    i.Wr_x_Correct      correct.o
    0x08003b2a   0x08003b2a   0x0000004a   Code   RO         1000    i.Write_Channel     module.o
    0x08003b74   0x08003b74   0x000000aa   Code   RO          165    i.Write_Correct     can_receive.o
    0x08003c1e   0x08003c1e   0x0000000e   Code   RO         5848    i.__scatterload_copy  mc_w.l(handlers.o)
    0x08003c2c   0x08003c2c   0x00000002   Code   RO         5849    i.__scatterload_null  mc_w.l(handlers.o)
    0x08003c2e   0x08003c2e   0x0000000e   Code   RO         5850    i.__scatterload_zeroinit  mc_w.l(handlers.o)
    0x08003c3c   0x08003c3c   0x000001a8   Code   RO          166    i.can_re_task       can_receive.o
    0x08003de4   0x08003de4   0x00000110   Code   RO          303    i.can_se_task       can_send.o
    0x08003ef4   0x08003ef4   0x00000030   Code   RO          427    i.data_acq_task     data_acquisition.o
    0x08003f24   0x08003f24   0x00000050   Code   RO         1235    i.delay_us          delay.o
    0x08003f74   0x08003f74   0x00000096   Code   RO         3192    i.isrRtxMessageQueueGet  rtx_msgqueue.o
    0x0800400a   0x0800400a   0x0000009e   Code   RO         3193    i.isrRtxMessageQueuePut  rtx_msgqueue.o
    0x080040a8   0x080040a8   0x0000006a   Code   RO         3659    i.isrRtxThreadFlagsSet  rtx_thread.o
    0x08004112   0x08004112   0x00000002   PAD
    0x08004114   0x08004114   0x00000034   Code   RO         3598    i.isr_queue_get     rtx_system.o
    0x08004148   0x08004148   0x0000003c   Code   RO         3599    i.isr_queue_put     rtx_system.o
    0x08004184   0x08004184   0x000000a8   Code   RO            4    i.main              main.o
    0x0800422c   0x0800422c   0x0000003c   Code   RO         1572    i.osDelay           rtx_delay.o
    0x08004268   0x08004268   0x00000034   Code   RO         2737    i.osKernelInitialize  rtx_kernel.o
    0x0800429c   0x0800429c   0x00000034   Code   RO         2738    i.osKernelLock      rtx_kernel.o
    0x080042d0   0x080042d0   0x00000034   Code   RO         2741    i.osKernelStart     rtx_kernel.o
    0x08004304   0x08004304   0x00000034   Code   RO         2743    i.osKernelUnlock    rtx_kernel.o
    0x08004338   0x08004338   0x00000054   Code   RO         3195    i.osMessageQueueGet  rtx_msgqueue.o
    0x0800438c   0x0800438c   0x0000004c   Code   RO         3201    i.osMessageQueueNew  rtx_msgqueue.o
    0x080043d8   0x080043d8   0x00000054   Code   RO         3202    i.osMessageQueuePut  rtx_msgqueue.o
    0x0800442c   0x0800442c   0x00000020   Code   RO         4271    i.osRtxErrorNotify  rtx_config.o
    0x0800444c   0x0800444c   0x00000004   Code   RO         4272    i.osRtxIdleThread   rtx_config.o
    0x08004450   0x08004450   0x0000000c   Code   RO         3660    i.osRtxKernelGetState  rtx_thread.o
    0x0800445c   0x0800445c   0x000000ee   Code   RO         2973    i.osRtxMemoryAlloc  rtx_memory.o
    0x0800454a   0x0800454a   0x0000007c   Code   RO         2974    i.osRtxMemoryFree   rtx_memory.o
    0x080045c6   0x080045c6   0x0000006a   Code   RO         2975    i.osRtxMemoryInit   rtx_memory.o
    0x08004630   0x08004630   0x0000003a   Code   RO         3033    i.osRtxMemoryPoolAlloc  rtx_mempool.o
    0x0800466a   0x0800466a   0x0000004e   Code   RO         3034    i.osRtxMemoryPoolFree  rtx_mempool.o
    0x080046b8   0x080046b8   0x00000058   Code   RO         3035    i.osRtxMemoryPoolInit  rtx_mempool.o
    0x08004710   0x08004710   0x00000128   Code   RO         3204    i.osRtxMessageQueuePostProcess  rtx_msgqueue.o
    0x08004838   0x08004838   0x0000004e   Code   RO         3373    i.osRtxMutexOwnerRelease  rtx_mutex.o
    0x08004886   0x08004886   0x00000002   PAD
    0x08004888   0x08004888   0x00000084   Code   RO         3600    i.osRtxPendSV_Handler  rtx_system.o
    0x0800490c   0x0800490c   0x0000003c   Code   RO         3601    i.osRtxPostProcess  rtx_system.o
    0x08004948   0x08004948   0x00000040   Code   RO         3661    i.osRtxThreadBlock  rtx_thread.o
    0x08004988   0x08004988   0x00000068   Code   RO         3662    i.osRtxThreadDelayInsert  rtx_thread.o
    0x080049f0   0x080049f0   0x00000074   Code   RO         3663    i.osRtxThreadDelayRemove  rtx_thread.o
    0x08004a64   0x08004a64   0x000000d0   Code   RO         3664    i.osRtxThreadDelayTick  rtx_thread.o
    0x08004b34   0x08004b34   0x00000070   Code   RO         3665    i.osRtxThreadDispatch  rtx_thread.o
    0x08004ba4   0x08004ba4   0x00000060   Code   RO         3666    i.osRtxThreadFree   rtx_thread.o
    0x08004c04   0x08004c04   0x0000000c   Code   RO         3667    i.osRtxThreadGetRunning  rtx_thread.o
    0x08004c10   0x08004c10   0x0000001c   Code   RO         3668    i.osRtxThreadListGet  rtx_thread.o
    0x08004c2c   0x08004c2c   0x00000032   Code   RO         3669    i.osRtxThreadListPut  rtx_thread.o
    0x08004c5e   0x08004c5e   0x0000001a   Code   RO         3670    i.osRtxThreadListRemove  rtx_thread.o
    0x08004c78   0x08004c78   0x00000012   Code   RO         3671    i.osRtxThreadListRoot  rtx_thread.o
    0x08004c8a   0x08004c8a   0x00000040   Code   RO         3674    i.osRtxThreadPostProcess  rtx_thread.o
    0x08004cca   0x08004cca   0x00000002   PAD
    0x08004ccc   0x08004ccc   0x00000018   Code   RO         3675    i.osRtxThreadReadyPut  rtx_thread.o
    0x08004ce4   0x08004ce4   0x0000000e   Code   RO         3676    i.osRtxThreadRegPtr  rtx_thread.o
    0x08004cf2   0x08004cf2   0x00000002   PAD
    0x08004cf4   0x08004cf4   0x0000000c   Code   RO         3677    i.osRtxThreadSetRunning  rtx_thread.o
    0x08004d00   0x08004d00   0x0000002c   Code   RO         3678    i.osRtxThreadStackCheck  rtx_thread.o
    0x08004d2c   0x08004d2c   0x00000060   Code   RO         3679    i.osRtxThreadStartup  rtx_thread.o
    0x08004d8c   0x08004d8c   0x0000001c   Code   RO         3680    i.osRtxThreadSwitch  rtx_thread.o
    0x08004da8   0x08004da8   0x00000054   Code   RO         3681    i.osRtxThreadWaitEnter  rtx_thread.o
    0x08004dfc   0x08004dfc   0x00000036   Code   RO         3682    i.osRtxThreadWaitExit  rtx_thread.o
    0x08004e32   0x08004e32   0x00000002   PAD
    0x08004e34   0x08004e34   0x000000a0   Code   RO         3602    i.osRtxTick_Handler  rtx_system.o
    0x08004ed4   0x08004ed4   0x00000058   Code   RO         4076    i.osRtxTimerThread  rtx_timer.o
    0x08004f2c   0x08004f2c   0x0000005c   Code   RO         4077    i.osRtxTimerTick    rtx_timer.o
    0x08004f88   0x08004f88   0x00000020   Code   RO         3685    i.osThreadExit      rtx_thread.o
    0x08004fa8   0x08004fa8   0x00000040   Code   RO         3688    i.osThreadFlagsSet  rtx_thread.o
    0x08004fe8   0x08004fe8   0x0000004c   Code   RO         3689    i.osThreadFlagsWait  rtx_thread.o
    0x08005034   0x08005034   0x0000004c   Code   RO         3698    i.osThreadNew       rtx_thread.o
    0x08005080   0x08005080   0x0000003c   Code   RO         3701    i.osThreadSuspend   rtx_thread.o
    0x080050bc   0x080050bc   0x0000002c   Code   RO          371    i.read_correct      correct.o
    0x080050e8   0x080050e8   0x000000f0   Code   RO            5    i.start_task        main.o
    0x080051d8   0x080051d8   0x00000018   Code   RO         1574    i.svcRtxDelay       rtx_delay.o
    0x080051f0   0x080051f0   0x00000264   Code   RO         2750    i.svcRtxKernelInitialize  rtx_kernel.o
    0x08005454   0x08005454   0x00000044   Code   RO         2751    i.svcRtxKernelLock  rtx_kernel.o
    0x08005498   0x08005498   0x000000e8   Code   RO         2754    i.svcRtxKernelStart  rtx_kernel.o
    0x08005580   0x08005580   0x00000044   Code   RO         2756    i.svcRtxKernelUnlock  rtx_kernel.o
    0x080055c4   0x080055c4   0x00000158   Code   RO         3206    i.svcRtxMessageQueueGet  rtx_msgqueue.o
    0x0800571c   0x0800571c   0x00000198   Code   RO         3212    i.svcRtxMessageQueueNew  rtx_msgqueue.o
    0x080058b4   0x080058b4   0x00000140   Code   RO         3213    i.svcRtxMessageQueuePut  rtx_msgqueue.o
    0x080059f4   0x080059f4   0x00000094   Code   RO         3706    i.svcRtxThreadExit  rtx_thread.o
    0x08005a88   0x08005a88   0x0000009e   Code   RO         3709    i.svcRtxThreadFlagsSet  rtx_thread.o
    0x08005b26   0x08005b26   0x0000008e   Code   RO         3710    i.svcRtxThreadFlagsWait  rtx_thread.o
    0x08005bb4   0x08005bb4   0x00000274   Code   RO         3719    i.svcRtxThreadNew   rtx_thread.o
    0x08005e28   0x08005e28   0x000000c4   Code   RO         3722    i.svcRtxThreadSuspend  rtx_thread.o
    0x08005eec   0x08005eec   0x0000004a   Code   RO            6    i.user_init         main.o
    0x08005f36   0x08005f36   0x00000002   PAD
    0x08005f38   0x08005f38   0x00000080   Data   RO          552    .constdata          ch_cfg.o
    0x08005fb8   0x08005fb8   0x00000100   Data   RO          578    .constdata          module_cfg.o
    0x080060b8   0x080060b8   0x00000200   Data   RO          873    .constdata          crc8_16.o
    0x080062b8   0x080062b8   0x00000064   Data   RO         2943    .constdata          rtx_lib.o
    0x0800631c   0x0800631c   0x0000000b   Data   RO         2757    .conststrlit        rtx_kernel.o
    0x08006327   0x08006327   0x00000001   PAD
    0x08006328   0x08006328   0x00000068   Data   RO         2945    .rodata             rtx_lib.o
    0x08006390   0x08006390   0x00000020   Data   RO         5846    Region$$Table       anon$$obj.o


    Execution Region RW_IRAM1 (Exec base: 0x20000000, Load base: 0x080063b0, Size: 0x00003838, Max: 0x0000c000, ABSOLUTE, COMPRESSED[0x00000074])

    Exec Addr    Load Addr    Size         Type   Attr      Idx    E Section Name        Object

    0x20000000   COMPRESSED   0x00001060   Data   RW         2938    .bss.os             rtx_lib.o
    0x20001060   COMPRESSED   0x00000034   Data   RW         2939    .bss.os.msgqueue.cb  rtx_lib.o
    0x20001094   COMPRESSED   0x00000050   Data   RW         2940    .bss.os.msgqueue.mem  rtx_lib.o
    0x200010e4   COMPRESSED   0x00000088   Data   RW         2941    .bss.os.thread.cb   rtx_lib.o
    0x2000116c   COMPRESSED   0x00000004   PAD
    0x20001170   COMPRESSED   0x00000190   Data   RW         2942    .bss.os.thread.stack  rtx_lib.o
    0x20001300   COMPRESSED   0x00000018   Data   RW            8    .data               main.o
    0x20001318   COMPRESSED   0x00000014   Data   RW          305    .data               can_send.o
    0x2000132c   COMPRESSED   0x00000005   Data   RW          429    .data               data_acquisition.o
    0x20001331   COMPRESSED   0x00000003   PAD
    0x20001334   COMPRESSED   0x00000068   Data   RW          579    .data               module_cfg.o
    0x2000139c   COMPRESSED   0x00000005   Data   RW          613    .data               sys_def.o
    0x200013a1   COMPRESSED   0x00000001   Data   RW         1236    .data               delay.o
    0x200013a2   COMPRESSED   0x00000001   Data   RW         4206    .data               os_systick.o
    0x200013a3   COMPRESSED   0x00000001   PAD
    0x200013a4   COMPRESSED   0x00000014   Data   RW         5767    .data               system_stm32f10x.o
    0x200013b8   COMPRESSED   0x000000a4   Data   RW         2758    .data.os            rtx_kernel.o
    0x2000145c   COMPRESSED   0x00000004   PAD
    0x20001460        -       0x000012d8   Zero   RW            7    .bss                main.o
    0x20002738        -       0x0000005a   Zero   RW          167    .bss                can_receive.o
    0x20002792        -       0x00000020   Zero   RW          304    .bss                can_send.o
    0x200027b2   COMPRESSED   0x00000002   PAD
    0x200027b4        -       0x00000a00   Zero   RW          372    .bss                correct.o
    0x200031b4        -       0x0000012c   Zero   RW          428    .bss                data_acquisition.o
    0x200032e0        -       0x000000d0   Zero   RW          551    .bss                ch_cfg.o
    0x200033b0        -       0x00000088   Zero   RW          577    .bss                module_cfg.o
    0x20003438        -       0x00000400   Zero   RW         5753    STACK               startup_stm32f10x_hd.o


==============================================================================

Image component sizes


      Code (inc. data)   RO Data    RW Data    ZI Data      Debug   Object Name

       440         26          0          0          0       3083   ad5676.o
       484         22          0          0          0       2063   can.o
      2254        284          0          0         90     227902   can_receive.o
      1006         94          0         20         32       6082   can_send.o
       484         18          0          0          0       2901   ch.o
         0          0        128          0        208        922   ch_cfg.o
       134          0          0          0          0       2720   common.o
       186         16          0          0       2560       2436   correct.o
        56          8        512          0          0       1102   crc8_16.o
      2030        268          0          5        300      10152   data_acquisition.o
        80          4          0          1          0        739   delay.o
         4          0          0          0          0        396   fault_dispose.o
       204          6          0          0          0       1200   init.o
       148         10          0          0          0        496   irq_cm3.o
       372         28          0          0          0       2635   ltc1867.o
       482        148          0         24       4824     263578   main.o
       132         22          0          0          0       1439   misc.o
      1232        108          0          0          0       7546   module.o
         0          0        256        104        136       1514   module_cfg.o
       142         24          0          1          0       2104   os_systick.o
        36          6          0          0          0        925   rtx_config.o
       124          4          0          0          0       8102   rtx_delay.o
       108          0          0          0          0      27672   rtx_evr.o
      1228         54         11        164          0      19650   rtx_kernel.o
         0          0        204       4860          0       8275   rtx_lib.o
       478          0          0          0          0       3795   rtx_memory.o
       564          0          0          0          0       3671   rtx_mempool.o
      2462         34          0          0          0      20084   rtx_msgqueue.o
        78          0          0          0          0       1377   rtx_mutex.o
       804         40          0          0          0       9113   rtx_system.o
      3440        152          0          0          0      30645   rtx_thread.o
       268         28          0          0          0       2963   rtx_timer.o
       272         20          0          0          0       1637   spi2.o
        36          8        304          0       1024        788   startup_stm32f10x_hd.o
      1748         38          0          0          0       7281   stm32f10x_can.o
       274         30          0          0          0       3242   stm32f10x_flash.o
       286          0          0          0          0       2908   stm32f10x_gpio.o
        64         12          0          0          0       1074   stm32f10x_rcc.o
       112          0          0          0          0       3654   stm32f10x_spi.o
       252         42          0          0          0       3870   stm32f10x_tim.o
       300         26          0          5          0       4075   sys_def.o
       492         50          0         20          0       2697   system_stm32f10x.o

    ----------------------------------------------------------------------
     23330       1630       1448       5212       9180     708508   Object Totals
         0          0         32          0          0          0   (incl. Generated)
        34          0          1          8          6          0   (incl. Padding)

    ----------------------------------------------------------------------

      Code (inc. data)   RO Data    RW Data    ZI Data      Debug   Library Member Name

        58          0          0          0          0          0   __dczerorl.o
         0          0          0          0          0          0   entry.o
         0          0          0          0          0          0   entry10a.o
         0          0          0          0          0          0   entry11a.o
         8          4          0          0          0          0   entry2.o
         4          0          0          0          0          0   entry5.o
         0          0          0          0          0          0   entry7b.o
         0          0          0          0          0          0   entry8b.o
         8          4          0          0          0          0   entry9a.o
        30          0          0          0          0          0   handlers.o
        36          8          0          0          0         68   init.o
         0          0          0          0          0          0   iusefp.o
        36          0          0          0          0         68   memcpya.o
        36          0          0          0          0        108   memseta.o
        48          0          0          0          0         68   cdcmple.o
        38          0          0          0          0         68   f2d.o
       176          0          0          0          0        140   fadd.o
       110          0          0          0          0        168   fepilogue.o
        40          0          0          0          0         68   ffixui.o
        10          0          0          0          0         68   ffltui.o
       100          0          0          0          0         76   fmul.o

    ----------------------------------------------------------------------
       742         16          0          0          0        900   Library Totals
         4          0          0          0          0          0   (incl. Padding)

    ----------------------------------------------------------------------

      Code (inc. data)   RO Data    RW Data    ZI Data      Debug   Library Name

       216         16          0          0          0        244   mc_w.l
       522          0          0          0          0        656   mf_w.l

    ----------------------------------------------------------------------
       742         16          0          0          0        900   Library Totals

    ----------------------------------------------------------------------

==============================================================================


      Code (inc. data)   RO Data    RW Data    ZI Data      Debug   

     24072       1646       1448       5212       9180     695392   Grand Totals
     24072       1646       1448        116       9180     695392   ELF Image Totals (compressed)
     24072       1646       1448        116          0          0   ROM Totals

==============================================================================

    Total RO  Size (Code + RO Data)                25520 (  24.92kB)
    Total RW  Size (RW Data + ZI Data)             14392 (  14.05kB)
    Total ROM Size (Code + RO Data + RW Data)      25636 (  25.04kB)

==============================================================================

