<!doctype html public "-//w3c//dtd html 4.0 transitional//en">
<html><head>
<title>Static Call Graph - [.\Objects\60A.axf]</title></head>
<body><HR>
<H1>Static Call Graph for image .\Objects\60A.axf</H1><HR>
<BR><P>#&#060CALLGRAPH&#062# ARM Linker, 5060750: Last Updated: Fri Apr 27 11:46:40 2018
<BR><P>
<H3>Maximum Stack Usage =        280 bytes + Unknown(Cycles, Untraceable Function Pointers)</H3><H3>
Call chain for Maximum Stack Depth:</H3>
can_re_task &rArr; Idn_Cmd &rArr; Ch_Control &rArr; Module_Control &rArr; Module_Stop &rArr; Module_Config &rArr; Write_Channel &rArr; AD5676_ReadBack &rArr; AD5676_WriteFunction &rArr; AD5676_SetInputRegister &rArr; SPI2_ReadWriteByte
<P>
<H3>
Mutually Recursive functions
</H3> <LI><a href="#[1]">NMI_Handler</a>&nbsp;&nbsp;&nbsp;&rArr;&nbsp;&nbsp;&nbsp;<a href="#[1]">NMI_Handler</a><BR>
 <LI><a href="#[3]">MemManage_Handler</a>&nbsp;&nbsp;&nbsp;&rArr;&nbsp;&nbsp;&nbsp;<a href="#[3]">MemManage_Handler</a><BR>
 <LI><a href="#[4]">BusFault_Handler</a>&nbsp;&nbsp;&nbsp;&rArr;&nbsp;&nbsp;&nbsp;<a href="#[4]">BusFault_Handler</a><BR>
 <LI><a href="#[5]">UsageFault_Handler</a>&nbsp;&nbsp;&nbsp;&rArr;&nbsp;&nbsp;&nbsp;<a href="#[5]">UsageFault_Handler</a><BR>
 <LI><a href="#[7]">DebugMon_Handler</a>&nbsp;&nbsp;&nbsp;&rArr;&nbsp;&nbsp;&nbsp;<a href="#[7]">DebugMon_Handler</a><BR>
 <LI><a href="#[1c]">ADC1_2_IRQHandler</a>&nbsp;&nbsp;&nbsp;&rArr;&nbsp;&nbsp;&nbsp;<a href="#[1c]">ADC1_2_IRQHandler</a><BR>
 <LI><a href="#[62]">__asm___13_rtx_mempool_c_7914b4c7__atomic_link_put</a>&nbsp;&nbsp;&nbsp;&rArr;&nbsp;&nbsp;&nbsp;<a href="#[62]">__asm___13_rtx_mempool_c_7914b4c7__atomic_link_put</a><BR>
</UL>
<P>
<H3>
Function Pointers
</H3><UL>
 <LI><a href="#[1c]">ADC1_2_IRQHandler</a> from startup_stm32f10x_hd.o(.text) referenced from startup_stm32f10x_hd.o(RESET)
 <LI><a href="#[39]">ADC3_IRQHandler</a> from startup_stm32f10x_hd.o(.text) referenced from startup_stm32f10x_hd.o(RESET)
 <LI><a href="#[4]">BusFault_Handler</a> from startup_stm32f10x_hd.o(.text) referenced from startup_stm32f10x_hd.o(RESET)
 <LI><a href="#[1f]">CAN1_RX1_IRQHandler</a> from startup_stm32f10x_hd.o(.text) referenced from startup_stm32f10x_hd.o(RESET)
 <LI><a href="#[20]">CAN1_SCE_IRQHandler</a> from startup_stm32f10x_hd.o(.text) referenced from startup_stm32f10x_hd.o(RESET)
 <LI><a href="#[15]">DMA1_Channel1_IRQHandler</a> from startup_stm32f10x_hd.o(.text) referenced from startup_stm32f10x_hd.o(RESET)
 <LI><a href="#[16]">DMA1_Channel2_IRQHandler</a> from startup_stm32f10x_hd.o(.text) referenced from startup_stm32f10x_hd.o(RESET)
 <LI><a href="#[17]">DMA1_Channel3_IRQHandler</a> from startup_stm32f10x_hd.o(.text) referenced from startup_stm32f10x_hd.o(RESET)
 <LI><a href="#[18]">DMA1_Channel4_IRQHandler</a> from startup_stm32f10x_hd.o(.text) referenced from startup_stm32f10x_hd.o(RESET)
 <LI><a href="#[19]">DMA1_Channel5_IRQHandler</a> from startup_stm32f10x_hd.o(.text) referenced from startup_stm32f10x_hd.o(RESET)
 <LI><a href="#[1a]">DMA1_Channel6_IRQHandler</a> from startup_stm32f10x_hd.o(.text) referenced from startup_stm32f10x_hd.o(RESET)
 <LI><a href="#[1b]">DMA1_Channel7_IRQHandler</a> from startup_stm32f10x_hd.o(.text) referenced from startup_stm32f10x_hd.o(RESET)
 <LI><a href="#[42]">DMA2_Channel1_IRQHandler</a> from startup_stm32f10x_hd.o(.text) referenced from startup_stm32f10x_hd.o(RESET)
 <LI><a href="#[43]">DMA2_Channel2_IRQHandler</a> from startup_stm32f10x_hd.o(.text) referenced from startup_stm32f10x_hd.o(RESET)
 <LI><a href="#[44]">DMA2_Channel3_IRQHandler</a> from startup_stm32f10x_hd.o(.text) referenced from startup_stm32f10x_hd.o(RESET)
 <LI><a href="#[45]">DMA2_Channel4_5_IRQHandler</a> from startup_stm32f10x_hd.o(.text) referenced from startup_stm32f10x_hd.o(RESET)
 <LI><a href="#[7]">DebugMon_Handler</a> from startup_stm32f10x_hd.o(.text) referenced from startup_stm32f10x_hd.o(RESET)
 <LI><a href="#[10]">EXTI0_IRQHandler</a> from startup_stm32f10x_hd.o(.text) referenced from startup_stm32f10x_hd.o(RESET)
 <LI><a href="#[32]">EXTI15_10_IRQHandler</a> from startup_stm32f10x_hd.o(.text) referenced from startup_stm32f10x_hd.o(RESET)
 <LI><a href="#[11]">EXTI1_IRQHandler</a> from startup_stm32f10x_hd.o(.text) referenced from startup_stm32f10x_hd.o(RESET)
 <LI><a href="#[12]">EXTI2_IRQHandler</a> from startup_stm32f10x_hd.o(.text) referenced from startup_stm32f10x_hd.o(RESET)
 <LI><a href="#[13]">EXTI3_IRQHandler</a> from startup_stm32f10x_hd.o(.text) referenced from startup_stm32f10x_hd.o(RESET)
 <LI><a href="#[14]">EXTI4_IRQHandler</a> from startup_stm32f10x_hd.o(.text) referenced from startup_stm32f10x_hd.o(RESET)
 <LI><a href="#[21]">EXTI9_5_IRQHandler</a> from startup_stm32f10x_hd.o(.text) referenced from startup_stm32f10x_hd.o(RESET)
 <LI><a href="#[e]">FLASH_IRQHandler</a> from startup_stm32f10x_hd.o(.text) referenced from startup_stm32f10x_hd.o(RESET)
 <LI><a href="#[3a]">FSMC_IRQHandler</a> from startup_stm32f10x_hd.o(.text) referenced from startup_stm32f10x_hd.o(RESET)
 <LI><a href="#[2]">HardFault_Handler</a> from fault_dispose.o(i.HardFault_Handler) referenced from startup_stm32f10x_hd.o(RESET)
 <LI><a href="#[2a]">I2C1_ER_IRQHandler</a> from startup_stm32f10x_hd.o(.text) referenced from startup_stm32f10x_hd.o(RESET)
 <LI><a href="#[29]">I2C1_EV_IRQHandler</a> from startup_stm32f10x_hd.o(.text) referenced from startup_stm32f10x_hd.o(RESET)
 <LI><a href="#[2c]">I2C2_ER_IRQHandler</a> from startup_stm32f10x_hd.o(.text) referenced from startup_stm32f10x_hd.o(RESET)
 <LI><a href="#[2b]">I2C2_EV_IRQHandler</a> from startup_stm32f10x_hd.o(.text) referenced from startup_stm32f10x_hd.o(RESET)
 <LI><a href="#[3]">MemManage_Handler</a> from startup_stm32f10x_hd.o(.text) referenced from startup_stm32f10x_hd.o(RESET)
 <LI><a href="#[1]">NMI_Handler</a> from startup_stm32f10x_hd.o(.text) referenced from startup_stm32f10x_hd.o(RESET)
 <LI><a href="#[b]">PVD_IRQHandler</a> from startup_stm32f10x_hd.o(.text) referenced from startup_stm32f10x_hd.o(RESET)
 <LI><a href="#[8]">PendSV_Handler</a> from irq_cm3.o(.text) referenced from startup_stm32f10x_hd.o(RESET)
 <LI><a href="#[f]">RCC_IRQHandler</a> from startup_stm32f10x_hd.o(.text) referenced from startup_stm32f10x_hd.o(RESET)
 <LI><a href="#[33]">RTCAlarm_IRQHandler</a> from startup_stm32f10x_hd.o(.text) referenced from startup_stm32f10x_hd.o(RESET)
 <LI><a href="#[d]">RTC_IRQHandler</a> from startup_stm32f10x_hd.o(.text) referenced from startup_stm32f10x_hd.o(RESET)
 <LI><a href="#[0]">Reset_Handler</a> from startup_stm32f10x_hd.o(.text) referenced from startup_stm32f10x_hd.o(RESET)
 <LI><a href="#[3b]">SDIO_IRQHandler</a> from startup_stm32f10x_hd.o(.text) referenced from startup_stm32f10x_hd.o(RESET)
 <LI><a href="#[2d]">SPI1_IRQHandler</a> from startup_stm32f10x_hd.o(.text) referenced from startup_stm32f10x_hd.o(RESET)
 <LI><a href="#[2e]">SPI2_IRQHandler</a> from startup_stm32f10x_hd.o(.text) referenced from startup_stm32f10x_hd.o(RESET)
 <LI><a href="#[3d]">SPI3_IRQHandler</a> from startup_stm32f10x_hd.o(.text) referenced from startup_stm32f10x_hd.o(RESET)
 <LI><a href="#[6]">SVC_Handler</a> from irq_cm3.o(.text) referenced from startup_stm32f10x_hd.o(RESET)
 <LI><a href="#[9]">SysTick_Handler</a> from irq_cm3.o(.text) referenced from startup_stm32f10x_hd.o(RESET)
 <LI><a href="#[9]">SysTick_Handler</a> from irq_cm3.o(.text) referenced from rtx_kernel.o(i.svcRtxKernelStart)
 <LI><a href="#[47]">SystemInit</a> from system_stm32f10x.o(i.SystemInit) referenced from startup_stm32f10x_hd.o(.text)
 <LI><a href="#[c]">TAMPER_IRQHandler</a> from startup_stm32f10x_hd.o(.text) referenced from startup_stm32f10x_hd.o(RESET)
 <LI><a href="#[22]">TIM1_BRK_IRQHandler</a> from startup_stm32f10x_hd.o(.text) referenced from startup_stm32f10x_hd.o(RESET)
 <LI><a href="#[25]">TIM1_CC_IRQHandler</a> from startup_stm32f10x_hd.o(.text) referenced from startup_stm32f10x_hd.o(RESET)
 <LI><a href="#[24]">TIM1_TRG_COM_IRQHandler</a> from startup_stm32f10x_hd.o(.text) referenced from startup_stm32f10x_hd.o(RESET)
 <LI><a href="#[23]">TIM1_UP_IRQHandler</a> from startup_stm32f10x_hd.o(.text) referenced from startup_stm32f10x_hd.o(RESET)
 <LI><a href="#[26]">TIM2_IRQHandler</a> from can_send.o(i.TIM2_IRQHandler) referenced from startup_stm32f10x_hd.o(RESET)
 <LI><a href="#[27]">TIM3_IRQHandler</a> from can_send.o(i.TIM3_IRQHandler) referenced from startup_stm32f10x_hd.o(RESET)
 <LI><a href="#[28]">TIM4_IRQHandler</a> from startup_stm32f10x_hd.o(.text) referenced from startup_stm32f10x_hd.o(RESET)
 <LI><a href="#[3c]">TIM5_IRQHandler</a> from startup_stm32f10x_hd.o(.text) referenced from startup_stm32f10x_hd.o(RESET)
 <LI><a href="#[40]">TIM6_IRQHandler</a> from startup_stm32f10x_hd.o(.text) referenced from startup_stm32f10x_hd.o(RESET)
 <LI><a href="#[41]">TIM7_IRQHandler</a> from startup_stm32f10x_hd.o(.text) referenced from startup_stm32f10x_hd.o(RESET)
 <LI><a href="#[35]">TIM8_BRK_IRQHandler</a> from startup_stm32f10x_hd.o(.text) referenced from startup_stm32f10x_hd.o(RESET)
 <LI><a href="#[38]">TIM8_CC_IRQHandler</a> from startup_stm32f10x_hd.o(.text) referenced from startup_stm32f10x_hd.o(RESET)
 <LI><a href="#[37]">TIM8_TRG_COM_IRQHandler</a> from startup_stm32f10x_hd.o(.text) referenced from startup_stm32f10x_hd.o(RESET)
 <LI><a href="#[36]">TIM8_UP_IRQHandler</a> from startup_stm32f10x_hd.o(.text) referenced from startup_stm32f10x_hd.o(RESET)
 <LI><a href="#[3e]">UART4_IRQHandler</a> from startup_stm32f10x_hd.o(.text) referenced from startup_stm32f10x_hd.o(RESET)
 <LI><a href="#[3f]">UART5_IRQHandler</a> from startup_stm32f10x_hd.o(.text) referenced from startup_stm32f10x_hd.o(RESET)
 <LI><a href="#[2f]">USART1_IRQHandler</a> from startup_stm32f10x_hd.o(.text) referenced from startup_stm32f10x_hd.o(RESET)
 <LI><a href="#[30]">USART2_IRQHandler</a> from startup_stm32f10x_hd.o(.text) referenced from startup_stm32f10x_hd.o(RESET)
 <LI><a href="#[31]">USART3_IRQHandler</a> from startup_stm32f10x_hd.o(.text) referenced from startup_stm32f10x_hd.o(RESET)
 <LI><a href="#[34]">USBWakeUp_IRQHandler</a> from startup_stm32f10x_hd.o(.text) referenced from startup_stm32f10x_hd.o(RESET)
 <LI><a href="#[1d]">USB_HP_CAN1_TX_IRQHandler</a> from startup_stm32f10x_hd.o(.text) referenced from startup_stm32f10x_hd.o(RESET)
 <LI><a href="#[1e]">USB_LP_CAN1_RX0_IRQHandler</a> from can_receive.o(i.USB_LP_CAN1_RX0_IRQHandler) referenced from startup_stm32f10x_hd.o(RESET)
 <LI><a href="#[5]">UsageFault_Handler</a> from startup_stm32f10x_hd.o(.text) referenced from startup_stm32f10x_hd.o(RESET)
 <LI><a href="#[a]">WWDG_IRQHandler</a> from startup_stm32f10x_hd.o(.text) referenced from startup_stm32f10x_hd.o(RESET)
 <LI><a href="#[48]">__main</a> from entry.o(.ARM.Collect$$$$00000000) referenced from startup_stm32f10x_hd.o(.text)
 <LI><a href="#[5b]">can_re_task</a> from can_receive.o(i.can_re_task) referenced from main.o(i.start_task)
 <LI><a href="#[5c]">can_se_task</a> from can_send.o(i.can_se_task) referenced from main.o(i.start_task)
 <LI><a href="#[5a]">data_acq_task</a> from data_acquisition.o(i.data_acq_task) referenced from main.o(i.start_task)
 <LI><a href="#[46]">main</a> from main.o(i.main) referenced from entry9a.o(.ARM.Collect$$$$0000000B)
 <LI><a href="#[52]">osRtxIdleThread</a> from rtx_config.o(i.osRtxIdleThread) referenced from rtx_thread.o(i.osRtxThreadStartup)
 <LI><a href="#[5d]">osRtxMessageQueuePostProcess</a> from rtx_msgqueue.o(i.osRtxMessageQueuePostProcess) referenced from rtx_msgqueue.o(i.svcRtxMessageQueueNew)
 <LI><a href="#[5f]">osRtxThreadPostProcess</a> from rtx_thread.o(i.osRtxThreadPostProcess) referenced from rtx_thread.o(i.svcRtxThreadNew)
 <LI><a href="#[53]">osRtxTimerThread</a> from rtx_timer.o(i.osRtxTimerThread) referenced from rtx_thread.o(i.osRtxThreadStartup)
 <LI><a href="#[54]">osRtxTimerTick</a> from rtx_timer.o(i.osRtxTimerTick) referenced from rtx_timer.o(i.osRtxTimerThread)
 <LI><a href="#[5e]">osThreadExit</a> from rtx_thread.o(i.osThreadExit) referenced from rtx_thread.o(i.svcRtxThreadNew)
 <LI><a href="#[49]">start_task</a> from main.o(i.start_task) referenced from main.o(i.main)
 <LI><a href="#[4a]">svcRtxDelay</a> from rtx_delay.o(i.svcRtxDelay) referenced from rtx_delay.o(i.osDelay)
 <LI><a href="#[4b]">svcRtxKernelInitialize</a> from rtx_kernel.o(i.svcRtxKernelInitialize) referenced from rtx_kernel.o(i.osKernelInitialize)
 <LI><a href="#[4c]">svcRtxKernelLock</a> from rtx_kernel.o(i.svcRtxKernelLock) referenced from rtx_kernel.o(i.osKernelLock)
 <LI><a href="#[4d]">svcRtxKernelStart</a> from rtx_kernel.o(i.svcRtxKernelStart) referenced from rtx_kernel.o(i.osKernelStart)
 <LI><a href="#[4e]">svcRtxKernelUnlock</a> from rtx_kernel.o(i.svcRtxKernelUnlock) referenced from rtx_kernel.o(i.osKernelUnlock)
 <LI><a href="#[4f]">svcRtxMessageQueueGet</a> from rtx_msgqueue.o(i.svcRtxMessageQueueGet) referenced from rtx_msgqueue.o(i.osMessageQueueGet)
 <LI><a href="#[50]">svcRtxMessageQueueNew</a> from rtx_msgqueue.o(i.svcRtxMessageQueueNew) referenced from rtx_msgqueue.o(i.osMessageQueueNew)
 <LI><a href="#[51]">svcRtxMessageQueuePut</a> from rtx_msgqueue.o(i.svcRtxMessageQueuePut) referenced from rtx_msgqueue.o(i.osMessageQueuePut)
 <LI><a href="#[55]">svcRtxThreadExit</a> from rtx_thread.o(i.svcRtxThreadExit) referenced from rtx_thread.o(i.osThreadExit)
 <LI><a href="#[56]">svcRtxThreadFlagsSet</a> from rtx_thread.o(i.svcRtxThreadFlagsSet) referenced from rtx_thread.o(i.osThreadFlagsSet)
 <LI><a href="#[57]">svcRtxThreadFlagsWait</a> from rtx_thread.o(i.svcRtxThreadFlagsWait) referenced from rtx_thread.o(i.osThreadFlagsWait)
 <LI><a href="#[58]">svcRtxThreadNew</a> from rtx_thread.o(i.svcRtxThreadNew) referenced from rtx_thread.o(i.osThreadNew)
 <LI><a href="#[59]">svcRtxThreadSuspend</a> from rtx_thread.o(i.svcRtxThreadSuspend) referenced from rtx_thread.o(i.osThreadSuspend)
</UL>
<P>
<H3>
Global Symbols
</H3>
<P><STRONG><a name="[48]"></a>__main</STRONG> (Thumb, 0 bytes, Stack size unknown bytes, entry.o(.ARM.Collect$$$$00000000))
<BR>[Address Reference Count : 1]<UL><LI> startup_stm32f10x_hd.o(.text)
</UL>
<P><STRONG><a name="[170]"></a>_main_stk</STRONG> (Thumb, 0 bytes, Stack size unknown bytes, entry2.o(.ARM.Collect$$$$00000001))

<P><STRONG><a name="[60]"></a>_main_scatterload</STRONG> (Thumb, 0 bytes, Stack size unknown bytes, entry5.o(.ARM.Collect$$$$00000004))
<BR><BR>[Calls]<UL><LI><a href="#[61]">&gt;&gt;</a>&nbsp;&nbsp;&nbsp;__scatterload
</UL>

<P><STRONG><a name="[71]"></a>__main_after_scatterload</STRONG> (Thumb, 0 bytes, Stack size unknown bytes, entry5.o(.ARM.Collect$$$$00000004))
<BR><BR>[Called By]<UL><LI><a href="#[61]">&gt;&gt;</a>&nbsp;&nbsp;&nbsp;__scatterload
</UL>

<P><STRONG><a name="[171]"></a>_main_clock</STRONG> (Thumb, 0 bytes, Stack size unknown bytes, entry7b.o(.ARM.Collect$$$$00000008))

<P><STRONG><a name="[172]"></a>_main_cpp_init</STRONG> (Thumb, 0 bytes, Stack size unknown bytes, entry8b.o(.ARM.Collect$$$$0000000A))

<P><STRONG><a name="[173]"></a>_main_init</STRONG> (Thumb, 0 bytes, Stack size unknown bytes, entry9a.o(.ARM.Collect$$$$0000000B))

<P><STRONG><a name="[174]"></a>__rt_final_cpp</STRONG> (Thumb, 0 bytes, Stack size unknown bytes, entry10a.o(.ARM.Collect$$$$0000000D))

<P><STRONG><a name="[175]"></a>__rt_final_exit</STRONG> (Thumb, 0 bytes, Stack size unknown bytes, entry11a.o(.ARM.Collect$$$$0000000F))

<P><STRONG><a name="[176]"></a>__asm___13_rtx_mempool_c_7914b4c7__atomic_wr8</STRONG> (Thumb, 16 bytes, Stack size 0 bytes, rtx_mempool.o(.emb_text), UNUSED)

<P><STRONG><a name="[177]"></a>__asm___13_rtx_mempool_c_7914b4c7__atomic_set32</STRONG> (Thumb, 20 bytes, Stack size 0 bytes, rtx_mempool.o(.emb_text), UNUSED)

<P><STRONG><a name="[178]"></a>__asm___13_rtx_mempool_c_7914b4c7__atomic_clr32</STRONG> (Thumb, 22 bytes, Stack size 0 bytes, rtx_mempool.o(.emb_text), UNUSED)

<P><STRONG><a name="[179]"></a>__asm___13_rtx_mempool_c_7914b4c7__atomic_chk32_all</STRONG> (Thumb, 38 bytes, Stack size 0 bytes, rtx_mempool.o(.emb_text), UNUSED)

<P><STRONG><a name="[17a]"></a>__asm___13_rtx_mempool_c_7914b4c7__atomic_chk32_any</STRONG> (Thumb, 34 bytes, Stack size 0 bytes, rtx_mempool.o(.emb_text), UNUSED)

<P><STRONG><a name="[17b]"></a>__asm___13_rtx_mempool_c_7914b4c7__atomic_inc32</STRONG> (Thumb, 18 bytes, Stack size 0 bytes, rtx_mempool.o(.emb_text), UNUSED)

<P><STRONG><a name="[125]"></a>__asm___13_rtx_mempool_c_7914b4c7__atomic_inc32_lt</STRONG> (Thumb, 30 bytes, Stack size 0 bytes, rtx_mempool.o(.emb_text))
<BR><BR>[Called By]<UL><LI><a href="#[fd]">&gt;&gt;</a>&nbsp;&nbsp;&nbsp;osRtxMemoryPoolAlloc
</UL>

<P><STRONG><a name="[17c]"></a>__asm___13_rtx_mempool_c_7914b4c7__atomic_inc16_lt</STRONG> (Thumb, 30 bytes, Stack size 0 bytes, rtx_mempool.o(.emb_text), UNUSED)

<P><STRONG><a name="[17d]"></a>__asm___13_rtx_mempool_c_7914b4c7__atomic_inc16_lim</STRONG> (Thumb, 26 bytes, Stack size 0 bytes, rtx_mempool.o(.emb_text), UNUSED)

<P><STRONG><a name="[129]"></a>__asm___13_rtx_mempool_c_7914b4c7__atomic_dec32_nz</STRONG> (Thumb, 26 bytes, Stack size 0 bytes, rtx_mempool.o(.emb_text))
<BR><BR>[Called By]<UL><LI><a href="#[127]">&gt;&gt;</a>&nbsp;&nbsp;&nbsp;osRtxMemoryPoolFree
</UL>

<P><STRONG><a name="[17e]"></a>__asm___13_rtx_mempool_c_7914b4c7__atomic_dec16_nz</STRONG> (Thumb, 26 bytes, Stack size 0 bytes, rtx_mempool.o(.emb_text), UNUSED)

<P><STRONG><a name="[126]"></a>__asm___13_rtx_mempool_c_7914b4c7__atomic_link_get</STRONG> (Thumb, 26 bytes, Stack size 0 bytes, rtx_mempool.o(.emb_text))
<BR><BR>[Called By]<UL><LI><a href="#[fd]">&gt;&gt;</a>&nbsp;&nbsp;&nbsp;osRtxMemoryPoolAlloc
</UL>

<P><STRONG><a name="[62]"></a>__asm___13_rtx_mempool_c_7914b4c7__atomic_link_put</STRONG> (Thumb, 28 bytes, Stack size 0 bytes, rtx_mempool.o(.emb_text))
<BR><BR>[Calls]<UL><LI><a href="#[62]">&gt;&gt;</a>&nbsp;&nbsp;&nbsp;__asm___13_rtx_mempool_c_7914b4c7__atomic_link_put
</UL>
<BR>[Called By]<UL><LI><a href="#[127]">&gt;&gt;</a>&nbsp;&nbsp;&nbsp;osRtxMemoryPoolFree
<LI><a href="#[62]">&gt;&gt;</a>&nbsp;&nbsp;&nbsp;__asm___13_rtx_mempool_c_7914b4c7__atomic_link_put
</UL>

<P><STRONG><a name="[bc]"></a>__asm___14_rtx_msgqueue_c_ba128ae8__atomic_wr8</STRONG> (Thumb, 16 bytes, Stack size 0 bytes, rtx_msgqueue.o(.emb_text))
<BR><BR>[Called By]<UL><LI><a href="#[ba]">&gt;&gt;</a>&nbsp;&nbsp;&nbsp;MessageQueueGet
</UL>

<P><STRONG><a name="[17f]"></a>__asm___14_rtx_msgqueue_c_ba128ae8__atomic_set32</STRONG> (Thumb, 20 bytes, Stack size 0 bytes, rtx_msgqueue.o(.emb_text), UNUSED)

<P><STRONG><a name="[180]"></a>__asm___14_rtx_msgqueue_c_ba128ae8__atomic_clr32</STRONG> (Thumb, 22 bytes, Stack size 0 bytes, rtx_msgqueue.o(.emb_text), UNUSED)

<P><STRONG><a name="[181]"></a>__asm___14_rtx_msgqueue_c_ba128ae8__atomic_chk32_all</STRONG> (Thumb, 38 bytes, Stack size 0 bytes, rtx_msgqueue.o(.emb_text), UNUSED)

<P><STRONG><a name="[182]"></a>__asm___14_rtx_msgqueue_c_ba128ae8__atomic_chk32_any</STRONG> (Thumb, 34 bytes, Stack size 0 bytes, rtx_msgqueue.o(.emb_text), UNUSED)

<P><STRONG><a name="[be]"></a>__asm___14_rtx_msgqueue_c_ba128ae8__atomic_inc32</STRONG> (Thumb, 18 bytes, Stack size 0 bytes, rtx_msgqueue.o(.emb_text))
<BR><BR>[Called By]<UL><LI><a href="#[bd]">&gt;&gt;</a>&nbsp;&nbsp;&nbsp;MessageQueuePut
</UL>

<P><STRONG><a name="[183]"></a>__asm___14_rtx_msgqueue_c_ba128ae8__atomic_inc32_lt</STRONG> (Thumb, 30 bytes, Stack size 0 bytes, rtx_msgqueue.o(.emb_text), UNUSED)

<P><STRONG><a name="[184]"></a>__asm___14_rtx_msgqueue_c_ba128ae8__atomic_inc16_lt</STRONG> (Thumb, 30 bytes, Stack size 0 bytes, rtx_msgqueue.o(.emb_text), UNUSED)

<P><STRONG><a name="[185]"></a>__asm___14_rtx_msgqueue_c_ba128ae8__atomic_inc16_lim</STRONG> (Thumb, 26 bytes, Stack size 0 bytes, rtx_msgqueue.o(.emb_text), UNUSED)

<P><STRONG><a name="[bb]"></a>__asm___14_rtx_msgqueue_c_ba128ae8__atomic_dec32_nz</STRONG> (Thumb, 26 bytes, Stack size 0 bytes, rtx_msgqueue.o(.emb_text))
<BR><BR>[Called By]<UL><LI><a href="#[ba]">&gt;&gt;</a>&nbsp;&nbsp;&nbsp;MessageQueueGet
</UL>

<P><STRONG><a name="[186]"></a>__asm___14_rtx_msgqueue_c_ba128ae8__atomic_dec16_nz</STRONG> (Thumb, 26 bytes, Stack size 0 bytes, rtx_msgqueue.o(.emb_text), UNUSED)

<P><STRONG><a name="[187]"></a>__asm___14_rtx_msgqueue_c_ba128ae8__atomic_link_get</STRONG> (Thumb, 26 bytes, Stack size 0 bytes, rtx_msgqueue.o(.emb_text), UNUSED)

<P><STRONG><a name="[63]"></a>__asm___14_rtx_msgqueue_c_ba128ae8__atomic_link_put</STRONG> (Thumb, 28 bytes, Stack size 0 bytes, rtx_msgqueue.o(.emb_text), UNUSED)
<BR><BR>[Calls]<UL><LI><a href="#[63]">&gt;&gt;</a>&nbsp;&nbsp;&nbsp;__asm___14_rtx_msgqueue_c_ba128ae8__atomic_link_put
</UL>
<BR>[Called By]<UL><LI><a href="#[63]">&gt;&gt;</a>&nbsp;&nbsp;&nbsp;__asm___14_rtx_msgqueue_c_ba128ae8__atomic_link_put
</UL>

<P><STRONG><a name="[188]"></a>__asm___12_rtx_system_c_024f2f18__atomic_wr8</STRONG> (Thumb, 16 bytes, Stack size 0 bytes, rtx_system.o(.emb_text), UNUSED)

<P><STRONG><a name="[189]"></a>__asm___12_rtx_system_c_024f2f18__atomic_set32</STRONG> (Thumb, 20 bytes, Stack size 0 bytes, rtx_system.o(.emb_text), UNUSED)

<P><STRONG><a name="[18a]"></a>__asm___12_rtx_system_c_024f2f18__atomic_clr32</STRONG> (Thumb, 22 bytes, Stack size 0 bytes, rtx_system.o(.emb_text), UNUSED)

<P><STRONG><a name="[18b]"></a>__asm___12_rtx_system_c_024f2f18__atomic_chk32_all</STRONG> (Thumb, 38 bytes, Stack size 0 bytes, rtx_system.o(.emb_text), UNUSED)

<P><STRONG><a name="[18c]"></a>__asm___12_rtx_system_c_024f2f18__atomic_chk32_any</STRONG> (Thumb, 34 bytes, Stack size 0 bytes, rtx_system.o(.emb_text), UNUSED)

<P><STRONG><a name="[18d]"></a>__asm___12_rtx_system_c_024f2f18__atomic_inc32</STRONG> (Thumb, 18 bytes, Stack size 0 bytes, rtx_system.o(.emb_text), UNUSED)

<P><STRONG><a name="[18e]"></a>__asm___12_rtx_system_c_024f2f18__atomic_inc32_lt</STRONG> (Thumb, 30 bytes, Stack size 0 bytes, rtx_system.o(.emb_text), UNUSED)

<P><STRONG><a name="[107]"></a>__asm___12_rtx_system_c_024f2f18__atomic_inc16_lt</STRONG> (Thumb, 30 bytes, Stack size 0 bytes, rtx_system.o(.emb_text))
<BR><BR>[Called By]<UL><LI><a href="#[106]">&gt;&gt;</a>&nbsp;&nbsp;&nbsp;isr_queue_put
</UL>

<P><STRONG><a name="[105]"></a>__asm___12_rtx_system_c_024f2f18__atomic_inc16_lim</STRONG> (Thumb, 26 bytes, Stack size 0 bytes, rtx_system.o(.emb_text))
<BR><BR>[Called By]<UL><LI><a href="#[106]">&gt;&gt;</a>&nbsp;&nbsp;&nbsp;isr_queue_put
<LI><a href="#[103]">&gt;&gt;</a>&nbsp;&nbsp;&nbsp;isr_queue_get
</UL>

<P><STRONG><a name="[18f]"></a>__asm___12_rtx_system_c_024f2f18__atomic_dec32_nz</STRONG> (Thumb, 26 bytes, Stack size 0 bytes, rtx_system.o(.emb_text), UNUSED)

<P><STRONG><a name="[104]"></a>__asm___12_rtx_system_c_024f2f18__atomic_dec16_nz</STRONG> (Thumb, 26 bytes, Stack size 0 bytes, rtx_system.o(.emb_text))
<BR><BR>[Called By]<UL><LI><a href="#[103]">&gt;&gt;</a>&nbsp;&nbsp;&nbsp;isr_queue_get
</UL>

<P><STRONG><a name="[190]"></a>__asm___12_rtx_system_c_024f2f18__atomic_link_get</STRONG> (Thumb, 26 bytes, Stack size 0 bytes, rtx_system.o(.emb_text), UNUSED)

<P><STRONG><a name="[64]"></a>__asm___12_rtx_system_c_024f2f18__atomic_link_put</STRONG> (Thumb, 28 bytes, Stack size 0 bytes, rtx_system.o(.emb_text), UNUSED)
<BR><BR>[Calls]<UL><LI><a href="#[64]">&gt;&gt;</a>&nbsp;&nbsp;&nbsp;__asm___12_rtx_system_c_024f2f18__atomic_link_put
</UL>
<BR>[Called By]<UL><LI><a href="#[64]">&gt;&gt;</a>&nbsp;&nbsp;&nbsp;__asm___12_rtx_system_c_024f2f18__atomic_link_put
</UL>

<P><STRONG><a name="[191]"></a>__asm___12_rtx_thread_c_add96be5__atomic_wr8</STRONG> (Thumb, 16 bytes, Stack size 0 bytes, rtx_thread.o(.emb_text), UNUSED)

<P><STRONG><a name="[e8]"></a>__asm___12_rtx_thread_c_add96be5__atomic_set32</STRONG> (Thumb, 20 bytes, Stack size 0 bytes, rtx_thread.o(.emb_text))
<BR><BR>[Called By]<UL><LI><a href="#[e7]">&gt;&gt;</a>&nbsp;&nbsp;&nbsp;ThreadFlagsSet
</UL>

<P><STRONG><a name="[192]"></a>__asm___12_rtx_thread_c_add96be5__atomic_clr32</STRONG> (Thumb, 22 bytes, Stack size 0 bytes, rtx_thread.o(.emb_text), UNUSED)

<P><STRONG><a name="[e5]"></a>__asm___12_rtx_thread_c_add96be5__atomic_chk32_all</STRONG> (Thumb, 38 bytes, Stack size 0 bytes, rtx_thread.o(.emb_text))
<BR><BR>[Called By]<UL><LI><a href="#[e4]">&gt;&gt;</a>&nbsp;&nbsp;&nbsp;ThreadFlagsCheck
</UL>

<P><STRONG><a name="[e6]"></a>__asm___12_rtx_thread_c_add96be5__atomic_chk32_any</STRONG> (Thumb, 34 bytes, Stack size 0 bytes, rtx_thread.o(.emb_text))
<BR><BR>[Called By]<UL><LI><a href="#[e4]">&gt;&gt;</a>&nbsp;&nbsp;&nbsp;ThreadFlagsCheck
</UL>

<P><STRONG><a name="[193]"></a>__asm___12_rtx_thread_c_add96be5__atomic_inc32</STRONG> (Thumb, 18 bytes, Stack size 0 bytes, rtx_thread.o(.emb_text), UNUSED)

<P><STRONG><a name="[194]"></a>__asm___12_rtx_thread_c_add96be5__atomic_inc32_lt</STRONG> (Thumb, 30 bytes, Stack size 0 bytes, rtx_thread.o(.emb_text), UNUSED)

<P><STRONG><a name="[195]"></a>__asm___12_rtx_thread_c_add96be5__atomic_inc16_lt</STRONG> (Thumb, 30 bytes, Stack size 0 bytes, rtx_thread.o(.emb_text), UNUSED)

<P><STRONG><a name="[196]"></a>__asm___12_rtx_thread_c_add96be5__atomic_inc16_lim</STRONG> (Thumb, 26 bytes, Stack size 0 bytes, rtx_thread.o(.emb_text), UNUSED)

<P><STRONG><a name="[197]"></a>__asm___12_rtx_thread_c_add96be5__atomic_dec32_nz</STRONG> (Thumb, 26 bytes, Stack size 0 bytes, rtx_thread.o(.emb_text), UNUSED)

<P><STRONG><a name="[198]"></a>__asm___12_rtx_thread_c_add96be5__atomic_dec16_nz</STRONG> (Thumb, 26 bytes, Stack size 0 bytes, rtx_thread.o(.emb_text), UNUSED)

<P><STRONG><a name="[199]"></a>__asm___12_rtx_thread_c_add96be5__atomic_link_get</STRONG> (Thumb, 26 bytes, Stack size 0 bytes, rtx_thread.o(.emb_text), UNUSED)

<P><STRONG><a name="[65]"></a>__asm___12_rtx_thread_c_add96be5__atomic_link_put</STRONG> (Thumb, 28 bytes, Stack size 0 bytes, rtx_thread.o(.emb_text), UNUSED)
<BR><BR>[Calls]<UL><LI><a href="#[65]">&gt;&gt;</a>&nbsp;&nbsp;&nbsp;__asm___12_rtx_thread_c_add96be5__atomic_link_put
</UL>
<BR>[Called By]<UL><LI><a href="#[65]">&gt;&gt;</a>&nbsp;&nbsp;&nbsp;__asm___12_rtx_thread_c_add96be5__atomic_link_put
</UL>

<P><STRONG><a name="[6]"></a>SVC_Handler</STRONG> (Thumb, 108 bytes, Stack size 0 bytes, irq_cm3.o(.text))
<BR>[Address Reference Count : 1]<UL><LI> startup_stm32f10x_hd.o(RESET)
</UL>
<P><STRONG><a name="[8]"></a>PendSV_Handler</STRONG> (Thumb, 16 bytes, Stack size 0 bytes, irq_cm3.o(.text))
<BR><BR>[Stack]<UL><LI>Max Depth = 64<LI>Call Chain = PendSV_Handler &rArr; osRtxPendSV_Handler &rArr; osRtxThreadDispatch &rArr; osRtxThreadBlock
</UL>
<BR>[Calls]<UL><LI><a href="#[66]">&gt;&gt;</a>&nbsp;&nbsp;&nbsp;osRtxPendSV_Handler
</UL>
<BR>[Address Reference Count : 1]<UL><LI> startup_stm32f10x_hd.o(RESET)
</UL>
<P><STRONG><a name="[9]"></a>SysTick_Handler</STRONG> (Thumb, 16 bytes, Stack size 0 bytes, irq_cm3.o(.text))
<BR><BR>[Stack]<UL><LI>Max Depth = 56<LI>Call Chain = SysTick_Handler &rArr; osRtxTick_Handler &rArr; osRtxThreadDispatch &rArr; osRtxThreadBlock
</UL>
<BR>[Calls]<UL><LI><a href="#[67]">&gt;&gt;</a>&nbsp;&nbsp;&nbsp;osRtxTick_Handler
</UL>
<BR>[Address Reference Count : 2]<UL><LI> rtx_kernel.o(i.svcRtxKernelStart)
<LI> startup_stm32f10x_hd.o(RESET)
</UL>
<P><STRONG><a name="[0]"></a>Reset_Handler</STRONG> (Thumb, 8 bytes, Stack size 0 bytes, startup_stm32f10x_hd.o(.text))
<BR>[Address Reference Count : 1]<UL><LI> startup_stm32f10x_hd.o(RESET)
</UL>
<P><STRONG><a name="[1]"></a>NMI_Handler</STRONG> (Thumb, 2 bytes, Stack size 0 bytes, startup_stm32f10x_hd.o(.text))
<BR><BR>[Calls]<UL><LI><a href="#[1]">&gt;&gt;</a>&nbsp;&nbsp;&nbsp;NMI_Handler
</UL>
<BR>[Called By]<UL><LI><a href="#[1]">&gt;&gt;</a>&nbsp;&nbsp;&nbsp;NMI_Handler
</UL>
<BR>[Address Reference Count : 1]<UL><LI> startup_stm32f10x_hd.o(RESET)
</UL>
<P><STRONG><a name="[3]"></a>MemManage_Handler</STRONG> (Thumb, 2 bytes, Stack size 0 bytes, startup_stm32f10x_hd.o(.text))
<BR><BR>[Calls]<UL><LI><a href="#[3]">&gt;&gt;</a>&nbsp;&nbsp;&nbsp;MemManage_Handler
</UL>
<BR>[Called By]<UL><LI><a href="#[3]">&gt;&gt;</a>&nbsp;&nbsp;&nbsp;MemManage_Handler
</UL>
<BR>[Address Reference Count : 1]<UL><LI> startup_stm32f10x_hd.o(RESET)
</UL>
<P><STRONG><a name="[4]"></a>BusFault_Handler</STRONG> (Thumb, 2 bytes, Stack size 0 bytes, startup_stm32f10x_hd.o(.text))
<BR><BR>[Calls]<UL><LI><a href="#[4]">&gt;&gt;</a>&nbsp;&nbsp;&nbsp;BusFault_Handler
</UL>
<BR>[Called By]<UL><LI><a href="#[4]">&gt;&gt;</a>&nbsp;&nbsp;&nbsp;BusFault_Handler
</UL>
<BR>[Address Reference Count : 1]<UL><LI> startup_stm32f10x_hd.o(RESET)
</UL>
<P><STRONG><a name="[5]"></a>UsageFault_Handler</STRONG> (Thumb, 2 bytes, Stack size 0 bytes, startup_stm32f10x_hd.o(.text))
<BR><BR>[Calls]<UL><LI><a href="#[5]">&gt;&gt;</a>&nbsp;&nbsp;&nbsp;UsageFault_Handler
</UL>
<BR>[Called By]<UL><LI><a href="#[5]">&gt;&gt;</a>&nbsp;&nbsp;&nbsp;UsageFault_Handler
</UL>
<BR>[Address Reference Count : 1]<UL><LI> startup_stm32f10x_hd.o(RESET)
</UL>
<P><STRONG><a name="[7]"></a>DebugMon_Handler</STRONG> (Thumb, 2 bytes, Stack size 0 bytes, startup_stm32f10x_hd.o(.text))
<BR><BR>[Calls]<UL><LI><a href="#[7]">&gt;&gt;</a>&nbsp;&nbsp;&nbsp;DebugMon_Handler
</UL>
<BR>[Called By]<UL><LI><a href="#[7]">&gt;&gt;</a>&nbsp;&nbsp;&nbsp;DebugMon_Handler
</UL>
<BR>[Address Reference Count : 1]<UL><LI> startup_stm32f10x_hd.o(RESET)
</UL>
<P><STRONG><a name="[1c]"></a>ADC1_2_IRQHandler</STRONG> (Thumb, 0 bytes, Stack size 0 bytes, startup_stm32f10x_hd.o(.text))
<BR><BR>[Calls]<UL><LI><a href="#[1c]">&gt;&gt;</a>&nbsp;&nbsp;&nbsp;ADC1_2_IRQHandler
</UL>
<BR>[Called By]<UL><LI><a href="#[1c]">&gt;&gt;</a>&nbsp;&nbsp;&nbsp;ADC1_2_IRQHandler
</UL>
<BR>[Address Reference Count : 1]<UL><LI> startup_stm32f10x_hd.o(RESET)
</UL>
<P><STRONG><a name="[39]"></a>ADC3_IRQHandler</STRONG> (Thumb, 0 bytes, Stack size 0 bytes, startup_stm32f10x_hd.o(.text))
<BR>[Address Reference Count : 1]<UL><LI> startup_stm32f10x_hd.o(RESET)
</UL>
<P><STRONG><a name="[1f]"></a>CAN1_RX1_IRQHandler</STRONG> (Thumb, 0 bytes, Stack size 0 bytes, startup_stm32f10x_hd.o(.text))
<BR>[Address Reference Count : 1]<UL><LI> startup_stm32f10x_hd.o(RESET)
</UL>
<P><STRONG><a name="[20]"></a>CAN1_SCE_IRQHandler</STRONG> (Thumb, 0 bytes, Stack size 0 bytes, startup_stm32f10x_hd.o(.text))
<BR>[Address Reference Count : 1]<UL><LI> startup_stm32f10x_hd.o(RESET)
</UL>
<P><STRONG><a name="[15]"></a>DMA1_Channel1_IRQHandler</STRONG> (Thumb, 0 bytes, Stack size 0 bytes, startup_stm32f10x_hd.o(.text))
<BR>[Address Reference Count : 1]<UL><LI> startup_stm32f10x_hd.o(RESET)
</UL>
<P><STRONG><a name="[16]"></a>DMA1_Channel2_IRQHandler</STRONG> (Thumb, 0 bytes, Stack size 0 bytes, startup_stm32f10x_hd.o(.text))
<BR>[Address Reference Count : 1]<UL><LI> startup_stm32f10x_hd.o(RESET)
</UL>
<P><STRONG><a name="[17]"></a>DMA1_Channel3_IRQHandler</STRONG> (Thumb, 0 bytes, Stack size 0 bytes, startup_stm32f10x_hd.o(.text))
<BR>[Address Reference Count : 1]<UL><LI> startup_stm32f10x_hd.o(RESET)
</UL>
<P><STRONG><a name="[18]"></a>DMA1_Channel4_IRQHandler</STRONG> (Thumb, 0 bytes, Stack size 0 bytes, startup_stm32f10x_hd.o(.text))
<BR>[Address Reference Count : 1]<UL><LI> startup_stm32f10x_hd.o(RESET)
</UL>
<P><STRONG><a name="[19]"></a>DMA1_Channel5_IRQHandler</STRONG> (Thumb, 0 bytes, Stack size 0 bytes, startup_stm32f10x_hd.o(.text))
<BR>[Address Reference Count : 1]<UL><LI> startup_stm32f10x_hd.o(RESET)
</UL>
<P><STRONG><a name="[1a]"></a>DMA1_Channel6_IRQHandler</STRONG> (Thumb, 0 bytes, Stack size 0 bytes, startup_stm32f10x_hd.o(.text))
<BR>[Address Reference Count : 1]<UL><LI> startup_stm32f10x_hd.o(RESET)
</UL>
<P><STRONG><a name="[1b]"></a>DMA1_Channel7_IRQHandler</STRONG> (Thumb, 0 bytes, Stack size 0 bytes, startup_stm32f10x_hd.o(.text))
<BR>[Address Reference Count : 1]<UL><LI> startup_stm32f10x_hd.o(RESET)
</UL>
<P><STRONG><a name="[42]"></a>DMA2_Channel1_IRQHandler</STRONG> (Thumb, 0 bytes, Stack size 0 bytes, startup_stm32f10x_hd.o(.text))
<BR>[Address Reference Count : 1]<UL><LI> startup_stm32f10x_hd.o(RESET)
</UL>
<P><STRONG><a name="[43]"></a>DMA2_Channel2_IRQHandler</STRONG> (Thumb, 0 bytes, Stack size 0 bytes, startup_stm32f10x_hd.o(.text))
<BR>[Address Reference Count : 1]<UL><LI> startup_stm32f10x_hd.o(RESET)
</UL>
<P><STRONG><a name="[44]"></a>DMA2_Channel3_IRQHandler</STRONG> (Thumb, 0 bytes, Stack size 0 bytes, startup_stm32f10x_hd.o(.text))
<BR>[Address Reference Count : 1]<UL><LI> startup_stm32f10x_hd.o(RESET)
</UL>
<P><STRONG><a name="[45]"></a>DMA2_Channel4_5_IRQHandler</STRONG> (Thumb, 0 bytes, Stack size 0 bytes, startup_stm32f10x_hd.o(.text))
<BR>[Address Reference Count : 1]<UL><LI> startup_stm32f10x_hd.o(RESET)
</UL>
<P><STRONG><a name="[10]"></a>EXTI0_IRQHandler</STRONG> (Thumb, 0 bytes, Stack size 0 bytes, startup_stm32f10x_hd.o(.text))
<BR>[Address Reference Count : 1]<UL><LI> startup_stm32f10x_hd.o(RESET)
</UL>
<P><STRONG><a name="[32]"></a>EXTI15_10_IRQHandler</STRONG> (Thumb, 0 bytes, Stack size 0 bytes, startup_stm32f10x_hd.o(.text))
<BR>[Address Reference Count : 1]<UL><LI> startup_stm32f10x_hd.o(RESET)
</UL>
<P><STRONG><a name="[11]"></a>EXTI1_IRQHandler</STRONG> (Thumb, 0 bytes, Stack size 0 bytes, startup_stm32f10x_hd.o(.text))
<BR>[Address Reference Count : 1]<UL><LI> startup_stm32f10x_hd.o(RESET)
</UL>
<P><STRONG><a name="[12]"></a>EXTI2_IRQHandler</STRONG> (Thumb, 0 bytes, Stack size 0 bytes, startup_stm32f10x_hd.o(.text))
<BR>[Address Reference Count : 1]<UL><LI> startup_stm32f10x_hd.o(RESET)
</UL>
<P><STRONG><a name="[13]"></a>EXTI3_IRQHandler</STRONG> (Thumb, 0 bytes, Stack size 0 bytes, startup_stm32f10x_hd.o(.text))
<BR>[Address Reference Count : 1]<UL><LI> startup_stm32f10x_hd.o(RESET)
</UL>
<P><STRONG><a name="[14]"></a>EXTI4_IRQHandler</STRONG> (Thumb, 0 bytes, Stack size 0 bytes, startup_stm32f10x_hd.o(.text))
<BR>[Address Reference Count : 1]<UL><LI> startup_stm32f10x_hd.o(RESET)
</UL>
<P><STRONG><a name="[21]"></a>EXTI9_5_IRQHandler</STRONG> (Thumb, 0 bytes, Stack size 0 bytes, startup_stm32f10x_hd.o(.text))
<BR>[Address Reference Count : 1]<UL><LI> startup_stm32f10x_hd.o(RESET)
</UL>
<P><STRONG><a name="[e]"></a>FLASH_IRQHandler</STRONG> (Thumb, 0 bytes, Stack size 0 bytes, startup_stm32f10x_hd.o(.text))
<BR>[Address Reference Count : 1]<UL><LI> startup_stm32f10x_hd.o(RESET)
</UL>
<P><STRONG><a name="[3a]"></a>FSMC_IRQHandler</STRONG> (Thumb, 0 bytes, Stack size 0 bytes, startup_stm32f10x_hd.o(.text))
<BR>[Address Reference Count : 1]<UL><LI> startup_stm32f10x_hd.o(RESET)
</UL>
<P><STRONG><a name="[2a]"></a>I2C1_ER_IRQHandler</STRONG> (Thumb, 0 bytes, Stack size 0 bytes, startup_stm32f10x_hd.o(.text))
<BR>[Address Reference Count : 1]<UL><LI> startup_stm32f10x_hd.o(RESET)
</UL>
<P><STRONG><a name="[29]"></a>I2C1_EV_IRQHandler</STRONG> (Thumb, 0 bytes, Stack size 0 bytes, startup_stm32f10x_hd.o(.text))
<BR>[Address Reference Count : 1]<UL><LI> startup_stm32f10x_hd.o(RESET)
</UL>
<P><STRONG><a name="[2c]"></a>I2C2_ER_IRQHandler</STRONG> (Thumb, 0 bytes, Stack size 0 bytes, startup_stm32f10x_hd.o(.text))
<BR>[Address Reference Count : 1]<UL><LI> startup_stm32f10x_hd.o(RESET)
</UL>
<P><STRONG><a name="[2b]"></a>I2C2_EV_IRQHandler</STRONG> (Thumb, 0 bytes, Stack size 0 bytes, startup_stm32f10x_hd.o(.text))
<BR>[Address Reference Count : 1]<UL><LI> startup_stm32f10x_hd.o(RESET)
</UL>
<P><STRONG><a name="[b]"></a>PVD_IRQHandler</STRONG> (Thumb, 0 bytes, Stack size 0 bytes, startup_stm32f10x_hd.o(.text))
<BR>[Address Reference Count : 1]<UL><LI> startup_stm32f10x_hd.o(RESET)
</UL>
<P><STRONG><a name="[f]"></a>RCC_IRQHandler</STRONG> (Thumb, 0 bytes, Stack size 0 bytes, startup_stm32f10x_hd.o(.text))
<BR>[Address Reference Count : 1]<UL><LI> startup_stm32f10x_hd.o(RESET)
</UL>
<P><STRONG><a name="[33]"></a>RTCAlarm_IRQHandler</STRONG> (Thumb, 0 bytes, Stack size 0 bytes, startup_stm32f10x_hd.o(.text))
<BR>[Address Reference Count : 1]<UL><LI> startup_stm32f10x_hd.o(RESET)
</UL>
<P><STRONG><a name="[d]"></a>RTC_IRQHandler</STRONG> (Thumb, 0 bytes, Stack size 0 bytes, startup_stm32f10x_hd.o(.text))
<BR>[Address Reference Count : 1]<UL><LI> startup_stm32f10x_hd.o(RESET)
</UL>
<P><STRONG><a name="[3b]"></a>SDIO_IRQHandler</STRONG> (Thumb, 0 bytes, Stack size 0 bytes, startup_stm32f10x_hd.o(.text))
<BR>[Address Reference Count : 1]<UL><LI> startup_stm32f10x_hd.o(RESET)
</UL>
<P><STRONG><a name="[2d]"></a>SPI1_IRQHandler</STRONG> (Thumb, 0 bytes, Stack size 0 bytes, startup_stm32f10x_hd.o(.text))
<BR>[Address Reference Count : 1]<UL><LI> startup_stm32f10x_hd.o(RESET)
</UL>
<P><STRONG><a name="[2e]"></a>SPI2_IRQHandler</STRONG> (Thumb, 0 bytes, Stack size 0 bytes, startup_stm32f10x_hd.o(.text))
<BR>[Address Reference Count : 1]<UL><LI> startup_stm32f10x_hd.o(RESET)
</UL>
<P><STRONG><a name="[3d]"></a>SPI3_IRQHandler</STRONG> (Thumb, 0 bytes, Stack size 0 bytes, startup_stm32f10x_hd.o(.text))
<BR>[Address Reference Count : 1]<UL><LI> startup_stm32f10x_hd.o(RESET)
</UL>
<P><STRONG><a name="[c]"></a>TAMPER_IRQHandler</STRONG> (Thumb, 0 bytes, Stack size 0 bytes, startup_stm32f10x_hd.o(.text))
<BR>[Address Reference Count : 1]<UL><LI> startup_stm32f10x_hd.o(RESET)
</UL>
<P><STRONG><a name="[22]"></a>TIM1_BRK_IRQHandler</STRONG> (Thumb, 0 bytes, Stack size 0 bytes, startup_stm32f10x_hd.o(.text))
<BR>[Address Reference Count : 1]<UL><LI> startup_stm32f10x_hd.o(RESET)
</UL>
<P><STRONG><a name="[25]"></a>TIM1_CC_IRQHandler</STRONG> (Thumb, 0 bytes, Stack size 0 bytes, startup_stm32f10x_hd.o(.text))
<BR>[Address Reference Count : 1]<UL><LI> startup_stm32f10x_hd.o(RESET)
</UL>
<P><STRONG><a name="[24]"></a>TIM1_TRG_COM_IRQHandler</STRONG> (Thumb, 0 bytes, Stack size 0 bytes, startup_stm32f10x_hd.o(.text))
<BR>[Address Reference Count : 1]<UL><LI> startup_stm32f10x_hd.o(RESET)
</UL>
<P><STRONG><a name="[23]"></a>TIM1_UP_IRQHandler</STRONG> (Thumb, 0 bytes, Stack size 0 bytes, startup_stm32f10x_hd.o(.text))
<BR>[Address Reference Count : 1]<UL><LI> startup_stm32f10x_hd.o(RESET)
</UL>
<P><STRONG><a name="[28]"></a>TIM4_IRQHandler</STRONG> (Thumb, 0 bytes, Stack size 0 bytes, startup_stm32f10x_hd.o(.text))
<BR>[Address Reference Count : 1]<UL><LI> startup_stm32f10x_hd.o(RESET)
</UL>
<P><STRONG><a name="[3c]"></a>TIM5_IRQHandler</STRONG> (Thumb, 0 bytes, Stack size 0 bytes, startup_stm32f10x_hd.o(.text))
<BR>[Address Reference Count : 1]<UL><LI> startup_stm32f10x_hd.o(RESET)
</UL>
<P><STRONG><a name="[40]"></a>TIM6_IRQHandler</STRONG> (Thumb, 0 bytes, Stack size 0 bytes, startup_stm32f10x_hd.o(.text))
<BR>[Address Reference Count : 1]<UL><LI> startup_stm32f10x_hd.o(RESET)
</UL>
<P><STRONG><a name="[41]"></a>TIM7_IRQHandler</STRONG> (Thumb, 0 bytes, Stack size 0 bytes, startup_stm32f10x_hd.o(.text))
<BR>[Address Reference Count : 1]<UL><LI> startup_stm32f10x_hd.o(RESET)
</UL>
<P><STRONG><a name="[35]"></a>TIM8_BRK_IRQHandler</STRONG> (Thumb, 0 bytes, Stack size 0 bytes, startup_stm32f10x_hd.o(.text))
<BR>[Address Reference Count : 1]<UL><LI> startup_stm32f10x_hd.o(RESET)
</UL>
<P><STRONG><a name="[38]"></a>TIM8_CC_IRQHandler</STRONG> (Thumb, 0 bytes, Stack size 0 bytes, startup_stm32f10x_hd.o(.text))
<BR>[Address Reference Count : 1]<UL><LI> startup_stm32f10x_hd.o(RESET)
</UL>
<P><STRONG><a name="[37]"></a>TIM8_TRG_COM_IRQHandler</STRONG> (Thumb, 0 bytes, Stack size 0 bytes, startup_stm32f10x_hd.o(.text))
<BR>[Address Reference Count : 1]<UL><LI> startup_stm32f10x_hd.o(RESET)
</UL>
<P><STRONG><a name="[36]"></a>TIM8_UP_IRQHandler</STRONG> (Thumb, 0 bytes, Stack size 0 bytes, startup_stm32f10x_hd.o(.text))
<BR>[Address Reference Count : 1]<UL><LI> startup_stm32f10x_hd.o(RESET)
</UL>
<P><STRONG><a name="[3e]"></a>UART4_IRQHandler</STRONG> (Thumb, 0 bytes, Stack size 0 bytes, startup_stm32f10x_hd.o(.text))
<BR>[Address Reference Count : 1]<UL><LI> startup_stm32f10x_hd.o(RESET)
</UL>
<P><STRONG><a name="[3f]"></a>UART5_IRQHandler</STRONG> (Thumb, 0 bytes, Stack size 0 bytes, startup_stm32f10x_hd.o(.text))
<BR>[Address Reference Count : 1]<UL><LI> startup_stm32f10x_hd.o(RESET)
</UL>
<P><STRONG><a name="[2f]"></a>USART1_IRQHandler</STRONG> (Thumb, 0 bytes, Stack size 0 bytes, startup_stm32f10x_hd.o(.text))
<BR>[Address Reference Count : 1]<UL><LI> startup_stm32f10x_hd.o(RESET)
</UL>
<P><STRONG><a name="[30]"></a>USART2_IRQHandler</STRONG> (Thumb, 0 bytes, Stack size 0 bytes, startup_stm32f10x_hd.o(.text))
<BR>[Address Reference Count : 1]<UL><LI> startup_stm32f10x_hd.o(RESET)
</UL>
<P><STRONG><a name="[31]"></a>USART3_IRQHandler</STRONG> (Thumb, 0 bytes, Stack size 0 bytes, startup_stm32f10x_hd.o(.text))
<BR>[Address Reference Count : 1]<UL><LI> startup_stm32f10x_hd.o(RESET)
</UL>
<P><STRONG><a name="[34]"></a>USBWakeUp_IRQHandler</STRONG> (Thumb, 0 bytes, Stack size 0 bytes, startup_stm32f10x_hd.o(.text))
<BR>[Address Reference Count : 1]<UL><LI> startup_stm32f10x_hd.o(RESET)
</UL>
<P><STRONG><a name="[1d]"></a>USB_HP_CAN1_TX_IRQHandler</STRONG> (Thumb, 0 bytes, Stack size 0 bytes, startup_stm32f10x_hd.o(.text))
<BR>[Address Reference Count : 1]<UL><LI> startup_stm32f10x_hd.o(RESET)
</UL>
<P><STRONG><a name="[a]"></a>WWDG_IRQHandler</STRONG> (Thumb, 0 bytes, Stack size 0 bytes, startup_stm32f10x_hd.o(.text))
<BR>[Address Reference Count : 1]<UL><LI> startup_stm32f10x_hd.o(RESET)
</UL>
<P><STRONG><a name="[cc]"></a>__aeabi_memcpy</STRONG> (Thumb, 36 bytes, Stack size 0 bytes, memcpya.o(.text))
<BR><BR>[Called By]<UL><LI><a href="#[d8]">&gt;&gt;</a>&nbsp;&nbsp;&nbsp;Send_Msg
<LI><a href="#[cb]">&gt;&gt;</a>&nbsp;&nbsp;&nbsp;Msg_Wr_To_Buf
<LI><a href="#[51]">&gt;&gt;</a>&nbsp;&nbsp;&nbsp;svcRtxMessageQueuePut
<LI><a href="#[4f]">&gt;&gt;</a>&nbsp;&nbsp;&nbsp;svcRtxMessageQueueGet
<LI><a href="#[5d]">&gt;&gt;</a>&nbsp;&nbsp;&nbsp;osRtxMessageQueuePostProcess
<LI><a href="#[fc]">&gt;&gt;</a>&nbsp;&nbsp;&nbsp;isrRtxMessageQueuePut
<LI><a href="#[f7]">&gt;&gt;</a>&nbsp;&nbsp;&nbsp;isrRtxMessageQueueGet
</UL>

<P><STRONG><a name="[19a]"></a>__aeabi_memcpy4</STRONG> (Thumb, 0 bytes, Stack size 0 bytes, memcpya.o(.text), UNUSED)

<P><STRONG><a name="[19b]"></a>__aeabi_memcpy8</STRONG> (Thumb, 0 bytes, Stack size 0 bytes, memcpya.o(.text), UNUSED)

<P><STRONG><a name="[69]"></a>__aeabi_memset</STRONG> (Thumb, 14 bytes, Stack size 0 bytes, memseta.o(.text))
<BR><BR>[Called By]<UL><LI><a href="#[6a]">&gt;&gt;</a>&nbsp;&nbsp;&nbsp;_memset$wrapper
<LI><a href="#[68]">&gt;&gt;</a>&nbsp;&nbsp;&nbsp;__aeabi_memclr
</UL>

<P><STRONG><a name="[19c]"></a>__aeabi_memset4</STRONG> (Thumb, 0 bytes, Stack size 0 bytes, memseta.o(.text), UNUSED)

<P><STRONG><a name="[19d]"></a>__aeabi_memset8</STRONG> (Thumb, 0 bytes, Stack size 0 bytes, memseta.o(.text), UNUSED)

<P><STRONG><a name="[68]"></a>__aeabi_memclr</STRONG> (Thumb, 4 bytes, Stack size 0 bytes, memseta.o(.text))
<BR><BR>[Calls]<UL><LI><a href="#[69]">&gt;&gt;</a>&nbsp;&nbsp;&nbsp;__aeabi_memset
</UL>
<BR>[Called By]<UL><LI><a href="#[50]">&gt;&gt;</a>&nbsp;&nbsp;&nbsp;svcRtxMessageQueueNew
</UL>

<P><STRONG><a name="[15e]"></a>__aeabi_memclr4</STRONG> (Thumb, 0 bytes, Stack size 0 bytes, memseta.o(.text))
<BR><BR>[Called By]<UL><LI><a href="#[4b]">&gt;&gt;</a>&nbsp;&nbsp;&nbsp;svcRtxKernelInitialize
</UL>

<P><STRONG><a name="[19e]"></a>__aeabi_memclr8</STRONG> (Thumb, 0 bytes, Stack size 0 bytes, memseta.o(.text), UNUSED)

<P><STRONG><a name="[6a]"></a>_memset$wrapper</STRONG> (Thumb, 18 bytes, Stack size 8 bytes, memseta.o(.text), UNUSED)
<BR><BR>[Calls]<UL><LI><a href="#[69]">&gt;&gt;</a>&nbsp;&nbsp;&nbsp;__aeabi_memset
</UL>

<P><STRONG><a name="[6b]"></a>__aeabi_fadd</STRONG> (Thumb, 164 bytes, Stack size 16 bytes, fadd.o(.text))
<BR><BR>[Stack]<UL><LI>Max Depth = 20<LI>Call Chain = __aeabi_fadd &rArr; _float_epilogue
</UL>
<BR>[Calls]<UL><LI><a href="#[6d]">&gt;&gt;</a>&nbsp;&nbsp;&nbsp;_float_round
<LI><a href="#[6c]">&gt;&gt;</a>&nbsp;&nbsp;&nbsp;_float_epilogue
</UL>
<BR>[Called By]<UL><LI><a href="#[a4]">&gt;&gt;</a>&nbsp;&nbsp;&nbsp;Get_Voltage
<LI><a href="#[a2]">&gt;&gt;</a>&nbsp;&nbsp;&nbsp;Get_Current
<LI><a href="#[9c]">&gt;&gt;</a>&nbsp;&nbsp;&nbsp;Convert_Vol_Dac
<LI><a href="#[97]">&gt;&gt;</a>&nbsp;&nbsp;&nbsp;Convert_Cur_Dac
<LI><a href="#[6f]">&gt;&gt;</a>&nbsp;&nbsp;&nbsp;__aeabi_frsub
<LI><a href="#[6e]">&gt;&gt;</a>&nbsp;&nbsp;&nbsp;__aeabi_fsub
</UL>

<P><STRONG><a name="[6e]"></a>__aeabi_fsub</STRONG> (Thumb, 6 bytes, Stack size 0 bytes, fadd.o(.text), UNUSED)
<BR><BR>[Calls]<UL><LI><a href="#[6b]">&gt;&gt;</a>&nbsp;&nbsp;&nbsp;__aeabi_fadd
</UL>

<P><STRONG><a name="[6f]"></a>__aeabi_frsub</STRONG> (Thumb, 6 bytes, Stack size 0 bytes, fadd.o(.text), UNUSED)
<BR><BR>[Calls]<UL><LI><a href="#[6b]">&gt;&gt;</a>&nbsp;&nbsp;&nbsp;__aeabi_fadd
</UL>

<P><STRONG><a name="[98]"></a>__aeabi_fmul</STRONG> (Thumb, 100 bytes, Stack size 8 bytes, fmul.o(.text))
<BR><BR>[Stack]<UL><LI>Max Depth = 8<LI>Call Chain = __aeabi_fmul
</UL>
<BR>[Called By]<UL><LI><a href="#[a4]">&gt;&gt;</a>&nbsp;&nbsp;&nbsp;Get_Voltage
<LI><a href="#[a2]">&gt;&gt;</a>&nbsp;&nbsp;&nbsp;Get_Current
<LI><a href="#[9c]">&gt;&gt;</a>&nbsp;&nbsp;&nbsp;Convert_Vol_Dac
<LI><a href="#[97]">&gt;&gt;</a>&nbsp;&nbsp;&nbsp;Convert_Cur_Dac
</UL>

<P><STRONG><a name="[70]"></a>__aeabi_ui2f</STRONG> (Thumb, 10 bytes, Stack size 0 bytes, ffltui.o(.text))
<BR><BR>[Stack]<UL><LI>Max Depth = 4<LI>Call Chain = __aeabi_ui2f &rArr; _float_epilogue
</UL>
<BR>[Calls]<UL><LI><a href="#[6c]">&gt;&gt;</a>&nbsp;&nbsp;&nbsp;_float_epilogue
</UL>
<BR>[Called By]<UL><LI><a href="#[a4]">&gt;&gt;</a>&nbsp;&nbsp;&nbsp;Get_Voltage
<LI><a href="#[a2]">&gt;&gt;</a>&nbsp;&nbsp;&nbsp;Get_Current
<LI><a href="#[9c]">&gt;&gt;</a>&nbsp;&nbsp;&nbsp;Convert_Vol_Dac
<LI><a href="#[97]">&gt;&gt;</a>&nbsp;&nbsp;&nbsp;Convert_Cur_Dac
</UL>

<P><STRONG><a name="[9b]"></a>__aeabi_f2uiz</STRONG> (Thumb, 40 bytes, Stack size 0 bytes, ffixui.o(.text))
<BR><BR>[Called By]<UL><LI><a href="#[a4]">&gt;&gt;</a>&nbsp;&nbsp;&nbsp;Get_Voltage
<LI><a href="#[a2]">&gt;&gt;</a>&nbsp;&nbsp;&nbsp;Get_Current
<LI><a href="#[9c]">&gt;&gt;</a>&nbsp;&nbsp;&nbsp;Convert_Vol_Dac
<LI><a href="#[97]">&gt;&gt;</a>&nbsp;&nbsp;&nbsp;Convert_Cur_Dac
</UL>

<P><STRONG><a name="[99]"></a>__aeabi_f2d</STRONG> (Thumb, 38 bytes, Stack size 0 bytes, f2d.o(.text))
<BR><BR>[Called By]<UL><LI><a href="#[a5]">&gt;&gt;</a>&nbsp;&nbsp;&nbsp;Set_Adv_Correct
<LI><a href="#[a3]">&gt;&gt;</a>&nbsp;&nbsp;&nbsp;Set_Adi_Correct
<LI><a href="#[a4]">&gt;&gt;</a>&nbsp;&nbsp;&nbsp;Get_Voltage
<LI><a href="#[a2]">&gt;&gt;</a>&nbsp;&nbsp;&nbsp;Get_Current
<LI><a href="#[c1]">&gt;&gt;</a>&nbsp;&nbsp;&nbsp;Set_Da_Correct
<LI><a href="#[9c]">&gt;&gt;</a>&nbsp;&nbsp;&nbsp;Convert_Vol_Dac
<LI><a href="#[97]">&gt;&gt;</a>&nbsp;&nbsp;&nbsp;Convert_Cur_Dac
</UL>

<P><STRONG><a name="[19f]"></a>__aeabi_cdcmpeq</STRONG> (Thumb, 0 bytes, Stack size 0 bytes, cdcmple.o(.text), UNUSED)

<P><STRONG><a name="[9a]"></a>__aeabi_cdcmple</STRONG> (Thumb, 48 bytes, Stack size 0 bytes, cdcmple.o(.text))
<BR><BR>[Called By]<UL><LI><a href="#[a5]">&gt;&gt;</a>&nbsp;&nbsp;&nbsp;Set_Adv_Correct
<LI><a href="#[a3]">&gt;&gt;</a>&nbsp;&nbsp;&nbsp;Set_Adi_Correct
<LI><a href="#[a4]">&gt;&gt;</a>&nbsp;&nbsp;&nbsp;Get_Voltage
<LI><a href="#[a2]">&gt;&gt;</a>&nbsp;&nbsp;&nbsp;Get_Current
<LI><a href="#[c1]">&gt;&gt;</a>&nbsp;&nbsp;&nbsp;Set_Da_Correct
<LI><a href="#[9c]">&gt;&gt;</a>&nbsp;&nbsp;&nbsp;Convert_Vol_Dac
<LI><a href="#[97]">&gt;&gt;</a>&nbsp;&nbsp;&nbsp;Convert_Cur_Dac
</UL>

<P><STRONG><a name="[1a0]"></a>__I$use$fp</STRONG> (Thumb, 0 bytes, Stack size 0 bytes, iusefp.o(.text), UNUSED)

<P><STRONG><a name="[6d]"></a>_float_round</STRONG> (Thumb, 18 bytes, Stack size 0 bytes, fepilogue.o(.text))
<BR><BR>[Called By]<UL><LI><a href="#[6b]">&gt;&gt;</a>&nbsp;&nbsp;&nbsp;__aeabi_fadd
</UL>

<P><STRONG><a name="[6c]"></a>_float_epilogue</STRONG> (Thumb, 92 bytes, Stack size 4 bytes, fepilogue.o(.text))
<BR><BR>[Stack]<UL><LI>Max Depth = 4<LI>Call Chain = _float_epilogue
</UL>
<BR>[Called By]<UL><LI><a href="#[70]">&gt;&gt;</a>&nbsp;&nbsp;&nbsp;__aeabi_ui2f
<LI><a href="#[6b]">&gt;&gt;</a>&nbsp;&nbsp;&nbsp;__aeabi_fadd
</UL>

<P><STRONG><a name="[61]"></a>__scatterload</STRONG> (Thumb, 28 bytes, Stack size 0 bytes, init.o(.text))
<BR><BR>[Calls]<UL><LI><a href="#[71]">&gt;&gt;</a>&nbsp;&nbsp;&nbsp;__main_after_scatterload
</UL>
<BR>[Called By]<UL><LI><a href="#[60]">&gt;&gt;</a>&nbsp;&nbsp;&nbsp;_main_scatterload
</UL>

<P><STRONG><a name="[1a1]"></a>__scatterload_rt2</STRONG> (Thumb, 0 bytes, Stack size 0 bytes, init.o(.text), UNUSED)

<P><STRONG><a name="[1a2]"></a>__decompress</STRONG> (Thumb, 0 bytes, Stack size unknown bytes, __dczerorl.o(.text), UNUSED)

<P><STRONG><a name="[1a3]"></a>__decompress0</STRONG> (Thumb, 58 bytes, Stack size unknown bytes, __dczerorl.o(.text), UNUSED)

<P><STRONG><a name="[72]"></a>AD5676_DCEN_Set</STRONG> (Thumb, 58 bytes, Stack size 16 bytes, ad5676.o(i.AD5676_DCEN_Set))
<BR><BR>[Stack]<UL><LI>Max Depth = 32<LI>Call Chain = AD5676_DCEN_Set &rArr; SPI2_ReadWriteByte
</UL>
<BR>[Calls]<UL><LI><a href="#[75]">&gt;&gt;</a>&nbsp;&nbsp;&nbsp;GPIO_SetBits
<LI><a href="#[73]">&gt;&gt;</a>&nbsp;&nbsp;&nbsp;GPIO_ResetBits
<LI><a href="#[74]">&gt;&gt;</a>&nbsp;&nbsp;&nbsp;SPI2_ReadWriteByte
</UL>
<BR>[Called By]<UL><LI><a href="#[76]">&gt;&gt;</a>&nbsp;&nbsp;&nbsp;AD5676_Init
</UL>

<P><STRONG><a name="[76]"></a>AD5676_Init</STRONG> (Thumb, 84 bytes, Stack size 8 bytes, ad5676.o(i.AD5676_Init))
<BR><BR>[Stack]<UL><LI>Max Depth = 40<LI>Call Chain = AD5676_Init &rArr; AD5676_DCEN_Set &rArr; SPI2_ReadWriteByte
</UL>
<BR>[Calls]<UL><LI><a href="#[77]">&gt;&gt;</a>&nbsp;&nbsp;&nbsp;RCC_APB2PeriphClockCmd
<LI><a href="#[78]">&gt;&gt;</a>&nbsp;&nbsp;&nbsp;GPIO_Init
<LI><a href="#[75]">&gt;&gt;</a>&nbsp;&nbsp;&nbsp;GPIO_SetBits
<LI><a href="#[73]">&gt;&gt;</a>&nbsp;&nbsp;&nbsp;GPIO_ResetBits
<LI><a href="#[72]">&gt;&gt;</a>&nbsp;&nbsp;&nbsp;AD5676_DCEN_Set
</UL>
<BR>[Called By]<UL><LI><a href="#[109]">&gt;&gt;</a>&nbsp;&nbsp;&nbsp;user_init
</UL>

<P><STRONG><a name="[79]"></a>AD5676_ReadBack</STRONG> (Thumb, 126 bytes, Stack size 32 bytes, ad5676.o(i.AD5676_ReadBack))
<BR><BR>[Stack]<UL><LI>Max Depth = 104<LI>Call Chain = AD5676_ReadBack &rArr; AD5676_WriteFunction &rArr; AD5676_SetInputRegister &rArr; SPI2_ReadWriteByte
</UL>
<BR>[Calls]<UL><LI><a href="#[75]">&gt;&gt;</a>&nbsp;&nbsp;&nbsp;GPIO_SetBits
<LI><a href="#[73]">&gt;&gt;</a>&nbsp;&nbsp;&nbsp;GPIO_ResetBits
<LI><a href="#[74]">&gt;&gt;</a>&nbsp;&nbsp;&nbsp;SPI2_ReadWriteByte
<LI><a href="#[7a]">&gt;&gt;</a>&nbsp;&nbsp;&nbsp;AD5676_WriteFunction
</UL>
<BR>[Called By]<UL><LI><a href="#[c2]">&gt;&gt;</a>&nbsp;&nbsp;&nbsp;Write_Channel
</UL>

<P><STRONG><a name="[7b]"></a>AD5676_SetInputRegister</STRONG> (Thumb, 106 bytes, Stack size 32 bytes, ad5676.o(i.AD5676_SetInputRegister))
<BR><BR>[Stack]<UL><LI>Max Depth = 48<LI>Call Chain = AD5676_SetInputRegister &rArr; SPI2_ReadWriteByte
</UL>
<BR>[Calls]<UL><LI><a href="#[75]">&gt;&gt;</a>&nbsp;&nbsp;&nbsp;GPIO_SetBits
<LI><a href="#[73]">&gt;&gt;</a>&nbsp;&nbsp;&nbsp;GPIO_ResetBits
<LI><a href="#[74]">&gt;&gt;</a>&nbsp;&nbsp;&nbsp;SPI2_ReadWriteByte
</UL>
<BR>[Called By]<UL><LI><a href="#[7a]">&gt;&gt;</a>&nbsp;&nbsp;&nbsp;AD5676_WriteFunction
</UL>

<P><STRONG><a name="[7a]"></a>AD5676_WriteFunction</STRONG> (Thumb, 40 bytes, Stack size 24 bytes, ad5676.o(i.AD5676_WriteFunction))
<BR><BR>[Stack]<UL><LI>Max Depth = 72<LI>Call Chain = AD5676_WriteFunction &rArr; AD5676_SetInputRegister &rArr; SPI2_ReadWriteByte
</UL>
<BR>[Calls]<UL><LI><a href="#[7b]">&gt;&gt;</a>&nbsp;&nbsp;&nbsp;AD5676_SetInputRegister
</UL>
<BR>[Called By]<UL><LI><a href="#[c2]">&gt;&gt;</a>&nbsp;&nbsp;&nbsp;Write_Channel
<LI><a href="#[79]">&gt;&gt;</a>&nbsp;&nbsp;&nbsp;AD5676_ReadBack
</UL>

<P><STRONG><a name="[eb]"></a>CAN_ClearITPendingBit</STRONG> (Thumb, 162 bytes, Stack size 0 bytes, stm32f10x_can.o(i.CAN_ClearITPendingBit))
<BR><BR>[Called By]<UL><LI><a href="#[1e]">&gt;&gt;</a>&nbsp;&nbsp;&nbsp;USB_LP_CAN1_RX0_IRQHandler
</UL>

<P><STRONG><a name="[ec]"></a>CAN_FIFORelease</STRONG> (Thumb, 22 bytes, Stack size 0 bytes, stm32f10x_can.o(i.CAN_FIFORelease))
<BR><BR>[Called By]<UL><LI><a href="#[1e]">&gt;&gt;</a>&nbsp;&nbsp;&nbsp;USB_LP_CAN1_RX0_IRQHandler
</UL>

<P><STRONG><a name="[86]"></a>CAN_FilterInit</STRONG> (Thumb, 258 bytes, Stack size 8 bytes, stm32f10x_can.o(i.CAN_FilterInit))
<BR><BR>[Stack]<UL><LI>Max Depth = 8<LI>Call Chain = CAN_FilterInit
</UL>
<BR>[Called By]<UL><LI><a href="#[83]">&gt;&gt;</a>&nbsp;&nbsp;&nbsp;CAN_Mode_Init
</UL>

<P><STRONG><a name="[81]"></a>CAN_GetITStatus</STRONG> (Thumb, 284 bytes, Stack size 16 bytes, stm32f10x_can.o(i.CAN_GetITStatus))
<BR><BR>[Stack]<UL><LI>Max Depth = 16<LI>Call Chain = CAN_GetITStatus
</UL>
<BR>[Calls]<UL><LI><a href="#[82]">&gt;&gt;</a>&nbsp;&nbsp;&nbsp;CheckITStatus
</UL>
<BR>[Called By]<UL><LI><a href="#[1e]">&gt;&gt;</a>&nbsp;&nbsp;&nbsp;USB_LP_CAN1_RX0_IRQHandler
</UL>

<P><STRONG><a name="[88]"></a>CAN_ITConfig</STRONG> (Thumb, 18 bytes, Stack size 0 bytes, stm32f10x_can.o(i.CAN_ITConfig))
<BR><BR>[Called By]<UL><LI><a href="#[83]">&gt;&gt;</a>&nbsp;&nbsp;&nbsp;CAN_Mode_Init
</UL>

<P><STRONG><a name="[85]"></a>CAN_Init</STRONG> (Thumb, 276 bytes, Stack size 12 bytes, stm32f10x_can.o(i.CAN_Init))
<BR><BR>[Stack]<UL><LI>Max Depth = 12<LI>Call Chain = CAN_Init
</UL>
<BR>[Called By]<UL><LI><a href="#[83]">&gt;&gt;</a>&nbsp;&nbsp;&nbsp;CAN_Mode_Init
</UL>

<P><STRONG><a name="[83]"></a>CAN_Mode_Init</STRONG> (Thumb, 346 bytes, Stack size 64 bytes, can.o(i.CAN_Mode_Init))
<BR><BR>[Stack]<UL><LI>Max Depth = 88<LI>Call Chain = CAN_Mode_Init &rArr; GPIO_Init
</UL>
<BR>[Calls]<UL><LI><a href="#[77]">&gt;&gt;</a>&nbsp;&nbsp;&nbsp;RCC_APB2PeriphClockCmd
<LI><a href="#[78]">&gt;&gt;</a>&nbsp;&nbsp;&nbsp;GPIO_Init
<LI><a href="#[84]">&gt;&gt;</a>&nbsp;&nbsp;&nbsp;RCC_APB1PeriphClockCmd
<LI><a href="#[87]">&gt;&gt;</a>&nbsp;&nbsp;&nbsp;NVIC_Init
<LI><a href="#[85]">&gt;&gt;</a>&nbsp;&nbsp;&nbsp;CAN_Init
<LI><a href="#[88]">&gt;&gt;</a>&nbsp;&nbsp;&nbsp;CAN_ITConfig
<LI><a href="#[86]">&gt;&gt;</a>&nbsp;&nbsp;&nbsp;CAN_FilterInit
</UL>
<BR>[Called By]<UL><LI><a href="#[109]">&gt;&gt;</a>&nbsp;&nbsp;&nbsp;user_init
</UL>

<P><STRONG><a name="[e9]"></a>CAN_Receive</STRONG> (Thumb, 240 bytes, Stack size 8 bytes, stm32f10x_can.o(i.CAN_Receive))
<BR><BR>[Stack]<UL><LI>Max Depth = 8<LI>Call Chain = CAN_Receive
</UL>
<BR>[Called By]<UL><LI><a href="#[1e]">&gt;&gt;</a>&nbsp;&nbsp;&nbsp;USB_LP_CAN1_RX0_IRQHandler
</UL>

<P><STRONG><a name="[8e]"></a>CAN_Transmit</STRONG> (Thumb, 294 bytes, Stack size 8 bytes, stm32f10x_can.o(i.CAN_Transmit))
<BR><BR>[Stack]<UL><LI>Max Depth = 8<LI>Call Chain = CAN_Transmit
</UL>
<BR>[Called By]<UL><LI><a href="#[8d]">&gt;&gt;</a>&nbsp;&nbsp;&nbsp;Can_Send_Msg
</UL>

<P><STRONG><a name="[8f]"></a>CAN_TransmitStatus</STRONG> (Thumb, 138 bytes, Stack size 8 bytes, stm32f10x_can.o(i.CAN_TransmitStatus))
<BR><BR>[Stack]<UL><LI>Max Depth = 8<LI>Call Chain = CAN_TransmitStatus
</UL>
<BR>[Called By]<UL><LI><a href="#[8d]">&gt;&gt;</a>&nbsp;&nbsp;&nbsp;Can_Send_Msg
</UL>

<P><STRONG><a name="[89]"></a>CS_Control</STRONG> (Thumb, 50 bytes, Stack size 16 bytes, module.o(i.CS_Control))
<BR><BR>[Stack]<UL><LI>Max Depth = 36<LI>Call Chain = CS_Control &rArr; delay_us
</UL>
<BR>[Calls]<UL><LI><a href="#[8c]">&gt;&gt;</a>&nbsp;&nbsp;&nbsp;delay_us
<LI><a href="#[8a]">&gt;&gt;</a>&nbsp;&nbsp;&nbsp;Set_PC0_7_ODR
<LI><a href="#[8b]">&gt;&gt;</a>&nbsp;&nbsp;&nbsp;Reset_PC0_7ODR
<LI><a href="#[75]">&gt;&gt;</a>&nbsp;&nbsp;&nbsp;GPIO_SetBits
<LI><a href="#[73]">&gt;&gt;</a>&nbsp;&nbsp;&nbsp;GPIO_ResetBits
</UL>
<BR>[Called By]<UL><LI><a href="#[a8]">&gt;&gt;</a>&nbsp;&nbsp;&nbsp;Set_Cs
<LI><a href="#[c5]">&gt;&gt;</a>&nbsp;&nbsp;&nbsp;Module_Stop
</UL>

<P><STRONG><a name="[8d]"></a>Can_Send_Msg</STRONG> (Thumb, 116 bytes, Stack size 48 bytes, can.o(i.Can_Send_Msg))
<BR><BR>[Stack]<UL><LI>Max Depth = 56<LI>Call Chain = Can_Send_Msg &rArr; CAN_TransmitStatus
</UL>
<BR>[Calls]<UL><LI><a href="#[8f]">&gt;&gt;</a>&nbsp;&nbsp;&nbsp;CAN_TransmitStatus
<LI><a href="#[8e]">&gt;&gt;</a>&nbsp;&nbsp;&nbsp;CAN_Transmit
</UL>
<BR>[Called By]<UL><LI><a href="#[d8]">&gt;&gt;</a>&nbsp;&nbsp;&nbsp;Send_Msg
</UL>

<P><STRONG><a name="[91]"></a>Ch_Config</STRONG> (Thumb, 140 bytes, Stack size 32 bytes, ch.o(i.Ch_Config))
<BR><BR>[Stack]<UL><LI>Max Depth = 32<LI>Call Chain = Ch_Config
</UL>
<BR>[Called By]<UL><LI><a href="#[90]">&gt;&gt;</a>&nbsp;&nbsp;&nbsp;Ch_Control
</UL>

<P><STRONG><a name="[90]"></a>Ch_Control</STRONG> (Thumb, 72 bytes, Stack size 24 bytes, ch.o(i.Ch_Control))
<BR><BR>[Stack]<UL><LI>Max Depth = 224<LI>Call Chain = Ch_Control &rArr; Module_Control &rArr; Module_Stop &rArr; Module_Config &rArr; Write_Channel &rArr; AD5676_ReadBack &rArr; AD5676_WriteFunction &rArr; AD5676_SetInputRegister &rArr; SPI2_ReadWriteByte
</UL>
<BR>[Calls]<UL><LI><a href="#[92]">&gt;&gt;</a>&nbsp;&nbsp;&nbsp;Module_Control
<LI><a href="#[93]">&gt;&gt;</a>&nbsp;&nbsp;&nbsp;Refresh_Ch_Status
<LI><a href="#[91]">&gt;&gt;</a>&nbsp;&nbsp;&nbsp;Ch_Config
</UL>
<BR>[Called By]<UL><LI><a href="#[a9]">&gt;&gt;</a>&nbsp;&nbsp;&nbsp;Idn_Cmd
</UL>

<P><STRONG><a name="[13a]"></a>EvrRtxEventFlagsWaitTimeout</STRONG> (Thumb, 2 bytes, Stack size 0 bytes, rtx_evr.o(i.EvrRtxEventFlagsWaitTimeout))
<BR><BR>[Called By]<UL><LI><a href="#[136]">&gt;&gt;</a>&nbsp;&nbsp;&nbsp;osRtxThreadDelayTick
</UL>

<P><STRONG><a name="[114]"></a>EvrRtxKernelError</STRONG> (Thumb, 2 bytes, Stack size 0 bytes, rtx_evr.o(i.EvrRtxKernelError))
<BR><BR>[Called By]<UL><LI><a href="#[c7]">&gt;&gt;</a>&nbsp;&nbsp;&nbsp;osKernelUnlock
<LI><a href="#[10d]">&gt;&gt;</a>&nbsp;&nbsp;&nbsp;osKernelStart
<LI><a href="#[c3]">&gt;&gt;</a>&nbsp;&nbsp;&nbsp;osKernelLock
<LI><a href="#[10a]">&gt;&gt;</a>&nbsp;&nbsp;&nbsp;osKernelInitialize
<LI><a href="#[4e]">&gt;&gt;</a>&nbsp;&nbsp;&nbsp;svcRtxKernelUnlock
<LI><a href="#[4d]">&gt;&gt;</a>&nbsp;&nbsp;&nbsp;svcRtxKernelStart
<LI><a href="#[4c]">&gt;&gt;</a>&nbsp;&nbsp;&nbsp;svcRtxKernelLock
<LI><a href="#[4b]">&gt;&gt;</a>&nbsp;&nbsp;&nbsp;svcRtxKernelInitialize
</UL>

<P><STRONG><a name="[111]"></a>EvrRtxKernelInitialize</STRONG> (Thumb, 2 bytes, Stack size 0 bytes, rtx_evr.o(i.EvrRtxKernelInitialize))
<BR><BR>[Called By]<UL><LI><a href="#[10a]">&gt;&gt;</a>&nbsp;&nbsp;&nbsp;osKernelInitialize
</UL>

<P><STRONG><a name="[15d]"></a>EvrRtxKernelInitializeCompleted</STRONG> (Thumb, 2 bytes, Stack size 0 bytes, rtx_evr.o(i.EvrRtxKernelInitializeCompleted))
<BR><BR>[Called By]<UL><LI><a href="#[4b]">&gt;&gt;</a>&nbsp;&nbsp;&nbsp;svcRtxKernelInitialize
</UL>

<P><STRONG><a name="[115]"></a>EvrRtxKernelLock</STRONG> (Thumb, 2 bytes, Stack size 0 bytes, rtx_evr.o(i.EvrRtxKernelLock))
<BR><BR>[Called By]<UL><LI><a href="#[c3]">&gt;&gt;</a>&nbsp;&nbsp;&nbsp;osKernelLock
</UL>

<P><STRONG><a name="[15f]"></a>EvrRtxKernelLocked</STRONG> (Thumb, 2 bytes, Stack size 0 bytes, rtx_evr.o(i.EvrRtxKernelLocked))
<BR><BR>[Called By]<UL><LI><a href="#[4c]">&gt;&gt;</a>&nbsp;&nbsp;&nbsp;svcRtxKernelLock
</UL>

<P><STRONG><a name="[116]"></a>EvrRtxKernelStart</STRONG> (Thumb, 2 bytes, Stack size 0 bytes, rtx_evr.o(i.EvrRtxKernelStart))
<BR><BR>[Called By]<UL><LI><a href="#[10d]">&gt;&gt;</a>&nbsp;&nbsp;&nbsp;osKernelStart
</UL>

<P><STRONG><a name="[163]"></a>EvrRtxKernelStarted</STRONG> (Thumb, 2 bytes, Stack size 0 bytes, rtx_evr.o(i.EvrRtxKernelStarted))
<BR><BR>[Called By]<UL><LI><a href="#[4d]">&gt;&gt;</a>&nbsp;&nbsp;&nbsp;svcRtxKernelStart
</UL>

<P><STRONG><a name="[117]"></a>EvrRtxKernelUnlock</STRONG> (Thumb, 2 bytes, Stack size 0 bytes, rtx_evr.o(i.EvrRtxKernelUnlock))
<BR><BR>[Called By]<UL><LI><a href="#[c7]">&gt;&gt;</a>&nbsp;&nbsp;&nbsp;osKernelUnlock
</UL>

<P><STRONG><a name="[164]"></a>EvrRtxKernelUnlocked</STRONG> (Thumb, 2 bytes, Stack size 0 bytes, rtx_evr.o(i.EvrRtxKernelUnlocked))
<BR><BR>[Called By]<UL><LI><a href="#[4e]">&gt;&gt;</a>&nbsp;&nbsp;&nbsp;svcRtxKernelUnlock
</UL>

<P><STRONG><a name="[11e]"></a>EvrRtxMemoryAlloc</STRONG> (Thumb, 2 bytes, Stack size 0 bytes, rtx_evr.o(i.EvrRtxMemoryAlloc))
<BR><BR>[Called By]<UL><LI><a href="#[11d]">&gt;&gt;</a>&nbsp;&nbsp;&nbsp;osRtxMemoryAlloc
</UL>

<P><STRONG><a name="[124]"></a>EvrRtxMemoryBlockAlloc</STRONG> (Thumb, 2 bytes, Stack size 0 bytes, rtx_evr.o(i.EvrRtxMemoryBlockAlloc))
<BR><BR>[Called By]<UL><LI><a href="#[fd]">&gt;&gt;</a>&nbsp;&nbsp;&nbsp;osRtxMemoryPoolAlloc
</UL>

<P><STRONG><a name="[128]"></a>EvrRtxMemoryBlockFree</STRONG> (Thumb, 2 bytes, Stack size 0 bytes, rtx_evr.o(i.EvrRtxMemoryBlockFree))
<BR><BR>[Called By]<UL><LI><a href="#[127]">&gt;&gt;</a>&nbsp;&nbsp;&nbsp;osRtxMemoryPoolFree
</UL>

<P><STRONG><a name="[12b]"></a>EvrRtxMemoryBlockInit</STRONG> (Thumb, 2 bytes, Stack size 0 bytes, rtx_evr.o(i.EvrRtxMemoryBlockInit))
<BR><BR>[Called By]<UL><LI><a href="#[12a]">&gt;&gt;</a>&nbsp;&nbsp;&nbsp;osRtxMemoryPoolInit
</UL>

<P><STRONG><a name="[121]"></a>EvrRtxMemoryFree</STRONG> (Thumb, 2 bytes, Stack size 0 bytes, rtx_evr.o(i.EvrRtxMemoryFree))
<BR><BR>[Called By]<UL><LI><a href="#[120]">&gt;&gt;</a>&nbsp;&nbsp;&nbsp;osRtxMemoryFree
</UL>

<P><STRONG><a name="[123]"></a>EvrRtxMemoryInit</STRONG> (Thumb, 2 bytes, Stack size 0 bytes, rtx_evr.o(i.EvrRtxMemoryInit))
<BR><BR>[Called By]<UL><LI><a href="#[122]">&gt;&gt;</a>&nbsp;&nbsp;&nbsp;osRtxMemoryInit
</UL>

<P><STRONG><a name="[13c]"></a>EvrRtxMemoryPoolAllocTimeout</STRONG> (Thumb, 2 bytes, Stack size 0 bytes, rtx_evr.o(i.EvrRtxMemoryPoolAllocTimeout))
<BR><BR>[Called By]<UL><LI><a href="#[136]">&gt;&gt;</a>&nbsp;&nbsp;&nbsp;osRtxThreadDelayTick
</UL>

<P><STRONG><a name="[166]"></a>EvrRtxMessageQueueCreated</STRONG> (Thumb, 2 bytes, Stack size 0 bytes, rtx_evr.o(i.EvrRtxMessageQueueCreated))
<BR><BR>[Called By]<UL><LI><a href="#[50]">&gt;&gt;</a>&nbsp;&nbsp;&nbsp;svcRtxMessageQueueNew
</UL>

<P><STRONG><a name="[f8]"></a>EvrRtxMessageQueueError</STRONG> (Thumb, 2 bytes, Stack size 0 bytes, rtx_evr.o(i.EvrRtxMessageQueueError))
<BR><BR>[Called By]<UL><LI><a href="#[10b]">&gt;&gt;</a>&nbsp;&nbsp;&nbsp;osMessageQueueNew
<LI><a href="#[51]">&gt;&gt;</a>&nbsp;&nbsp;&nbsp;svcRtxMessageQueuePut
<LI><a href="#[50]">&gt;&gt;</a>&nbsp;&nbsp;&nbsp;svcRtxMessageQueueNew
<LI><a href="#[4f]">&gt;&gt;</a>&nbsp;&nbsp;&nbsp;svcRtxMessageQueueGet
<LI><a href="#[fc]">&gt;&gt;</a>&nbsp;&nbsp;&nbsp;isrRtxMessageQueuePut
<LI><a href="#[f7]">&gt;&gt;</a>&nbsp;&nbsp;&nbsp;isrRtxMessageQueueGet
</UL>

<P><STRONG><a name="[118]"></a>EvrRtxMessageQueueGet</STRONG> (Thumb, 2 bytes, Stack size 0 bytes, rtx_evr.o(i.EvrRtxMessageQueueGet))
<BR><BR>[Called By]<UL><LI><a href="#[f1]">&gt;&gt;</a>&nbsp;&nbsp;&nbsp;osMessageQueueGet
</UL>

<P><STRONG><a name="[165]"></a>EvrRtxMessageQueueGetPending</STRONG> (Thumb, 2 bytes, Stack size 0 bytes, rtx_evr.o(i.EvrRtxMessageQueueGetPending))
<BR><BR>[Called By]<UL><LI><a href="#[4f]">&gt;&gt;</a>&nbsp;&nbsp;&nbsp;svcRtxMessageQueueGet
</UL>

<P><STRONG><a name="[13d]"></a>EvrRtxMessageQueueGetTimeout</STRONG> (Thumb, 2 bytes, Stack size 0 bytes, rtx_evr.o(i.EvrRtxMessageQueueGetTimeout))
<BR><BR>[Called By]<UL><LI><a href="#[4f]">&gt;&gt;</a>&nbsp;&nbsp;&nbsp;svcRtxMessageQueueGet
<LI><a href="#[136]">&gt;&gt;</a>&nbsp;&nbsp;&nbsp;osRtxThreadDelayTick
</UL>

<P><STRONG><a name="[fe]"></a>EvrRtxMessageQueueInsertPending</STRONG> (Thumb, 2 bytes, Stack size 0 bytes, rtx_evr.o(i.EvrRtxMessageQueueInsertPending))
<BR><BR>[Called By]<UL><LI><a href="#[fc]">&gt;&gt;</a>&nbsp;&nbsp;&nbsp;isrRtxMessageQueuePut
</UL>

<P><STRONG><a name="[130]"></a>EvrRtxMessageQueueInserted</STRONG> (Thumb, 2 bytes, Stack size 0 bytes, rtx_evr.o(i.EvrRtxMessageQueueInserted))
<BR><BR>[Called By]<UL><LI><a href="#[51]">&gt;&gt;</a>&nbsp;&nbsp;&nbsp;svcRtxMessageQueuePut
<LI><a href="#[4f]">&gt;&gt;</a>&nbsp;&nbsp;&nbsp;svcRtxMessageQueueGet
<LI><a href="#[5d]">&gt;&gt;</a>&nbsp;&nbsp;&nbsp;osRtxMessageQueuePostProcess
</UL>

<P><STRONG><a name="[11b]"></a>EvrRtxMessageQueueNew</STRONG> (Thumb, 2 bytes, Stack size 0 bytes, rtx_evr.o(i.EvrRtxMessageQueueNew))
<BR><BR>[Called By]<UL><LI><a href="#[10b]">&gt;&gt;</a>&nbsp;&nbsp;&nbsp;osMessageQueueNew
</UL>

<P><STRONG><a name="[ff]"></a>EvrRtxMessageQueueNotInserted</STRONG> (Thumb, 2 bytes, Stack size 0 bytes, rtx_evr.o(i.EvrRtxMessageQueueNotInserted))
<BR><BR>[Called By]<UL><LI><a href="#[51]">&gt;&gt;</a>&nbsp;&nbsp;&nbsp;svcRtxMessageQueuePut
<LI><a href="#[fc]">&gt;&gt;</a>&nbsp;&nbsp;&nbsp;isrRtxMessageQueuePut
</UL>

<P><STRONG><a name="[fb]"></a>EvrRtxMessageQueueNotRetrieved</STRONG> (Thumb, 2 bytes, Stack size 0 bytes, rtx_evr.o(i.EvrRtxMessageQueueNotRetrieved))
<BR><BR>[Called By]<UL><LI><a href="#[4f]">&gt;&gt;</a>&nbsp;&nbsp;&nbsp;svcRtxMessageQueueGet
<LI><a href="#[f7]">&gt;&gt;</a>&nbsp;&nbsp;&nbsp;isrRtxMessageQueueGet
</UL>

<P><STRONG><a name="[11c]"></a>EvrRtxMessageQueuePut</STRONG> (Thumb, 2 bytes, Stack size 0 bytes, rtx_evr.o(i.EvrRtxMessageQueuePut))
<BR><BR>[Called By]<UL><LI><a href="#[ea]">&gt;&gt;</a>&nbsp;&nbsp;&nbsp;osMessageQueuePut
</UL>

<P><STRONG><a name="[167]"></a>EvrRtxMessageQueuePutPending</STRONG> (Thumb, 2 bytes, Stack size 0 bytes, rtx_evr.o(i.EvrRtxMessageQueuePutPending))
<BR><BR>[Called By]<UL><LI><a href="#[51]">&gt;&gt;</a>&nbsp;&nbsp;&nbsp;svcRtxMessageQueuePut
</UL>

<P><STRONG><a name="[13e]"></a>EvrRtxMessageQueuePutTimeout</STRONG> (Thumb, 2 bytes, Stack size 0 bytes, rtx_evr.o(i.EvrRtxMessageQueuePutTimeout))
<BR><BR>[Called By]<UL><LI><a href="#[51]">&gt;&gt;</a>&nbsp;&nbsp;&nbsp;svcRtxMessageQueuePut
<LI><a href="#[136]">&gt;&gt;</a>&nbsp;&nbsp;&nbsp;osRtxThreadDelayTick
</UL>

<P><STRONG><a name="[fa]"></a>EvrRtxMessageQueueRetrieved</STRONG> (Thumb, 2 bytes, Stack size 0 bytes, rtx_evr.o(i.EvrRtxMessageQueueRetrieved))
<BR><BR>[Called By]<UL><LI><a href="#[51]">&gt;&gt;</a>&nbsp;&nbsp;&nbsp;svcRtxMessageQueuePut
<LI><a href="#[4f]">&gt;&gt;</a>&nbsp;&nbsp;&nbsp;svcRtxMessageQueueGet
<LI><a href="#[5d]">&gt;&gt;</a>&nbsp;&nbsp;&nbsp;osRtxMessageQueuePostProcess
<LI><a href="#[f7]">&gt;&gt;</a>&nbsp;&nbsp;&nbsp;isrRtxMessageQueueGet
</UL>

<P><STRONG><a name="[13b]"></a>EvrRtxSemaphoreAcquireTimeout</STRONG> (Thumb, 2 bytes, Stack size 0 bytes, rtx_evr.o(i.EvrRtxSemaphoreAcquireTimeout))
<BR><BR>[Called By]<UL><LI><a href="#[136]">&gt;&gt;</a>&nbsp;&nbsp;&nbsp;osRtxThreadDelayTick
</UL>

<P><STRONG><a name="[14c]"></a>EvrRtxThreadBlocked</STRONG> (Thumb, 2 bytes, Stack size 0 bytes, rtx_evr.o(i.EvrRtxThreadBlocked))
<BR><BR>[Called By]<UL><LI><a href="#[14b]">&gt;&gt;</a>&nbsp;&nbsp;&nbsp;osRtxThreadWaitEnter
</UL>

<P><STRONG><a name="[16d]"></a>EvrRtxThreadCreated</STRONG> (Thumb, 2 bytes, Stack size 0 bytes, rtx_evr.o(i.EvrRtxThreadCreated))
<BR><BR>[Called By]<UL><LI><a href="#[58]">&gt;&gt;</a>&nbsp;&nbsp;&nbsp;svcRtxThreadNew
</UL>

<P><STRONG><a name="[10e]"></a>EvrRtxThreadDelay</STRONG> (Thumb, 2 bytes, Stack size 0 bytes, rtx_evr.o(i.EvrRtxThreadDelay))
<BR><BR>[Called By]<UL><LI><a href="#[a7]">&gt;&gt;</a>&nbsp;&nbsp;&nbsp;osDelay
</UL>

<P><STRONG><a name="[137]"></a>EvrRtxThreadDelayCompleted</STRONG> (Thumb, 2 bytes, Stack size 0 bytes, rtx_evr.o(i.EvrRtxThreadDelayCompleted))
<BR><BR>[Called By]<UL><LI><a href="#[4a]">&gt;&gt;</a>&nbsp;&nbsp;&nbsp;svcRtxDelay
<LI><a href="#[136]">&gt;&gt;</a>&nbsp;&nbsp;&nbsp;osRtxThreadDelayTick
</UL>

<P><STRONG><a name="[16a]"></a>EvrRtxThreadDestroyed</STRONG> (Thumb, 2 bytes, Stack size 0 bytes, rtx_evr.o(i.EvrRtxThreadDestroyed))
<BR><BR>[Called By]<UL><LI><a href="#[55]">&gt;&gt;</a>&nbsp;&nbsp;&nbsp;svcRtxThreadExit
</UL>

<P><STRONG><a name="[101]"></a>EvrRtxThreadError</STRONG> (Thumb, 2 bytes, Stack size 0 bytes, rtx_evr.o(i.EvrRtxThreadError))
<BR><BR>[Called By]<UL><LI><a href="#[a7]">&gt;&gt;</a>&nbsp;&nbsp;&nbsp;osDelay
<LI><a href="#[f3]">&gt;&gt;</a>&nbsp;&nbsp;&nbsp;osThreadFlagsWait
<LI><a href="#[159]">&gt;&gt;</a>&nbsp;&nbsp;&nbsp;osThreadSuspend
<LI><a href="#[10c]">&gt;&gt;</a>&nbsp;&nbsp;&nbsp;osThreadNew
<LI><a href="#[59]">&gt;&gt;</a>&nbsp;&nbsp;&nbsp;svcRtxThreadSuspend
<LI><a href="#[58]">&gt;&gt;</a>&nbsp;&nbsp;&nbsp;svcRtxThreadNew
<LI><a href="#[57]">&gt;&gt;</a>&nbsp;&nbsp;&nbsp;svcRtxThreadFlagsWait
<LI><a href="#[56]">&gt;&gt;</a>&nbsp;&nbsp;&nbsp;svcRtxThreadFlagsSet
<LI><a href="#[100]">&gt;&gt;</a>&nbsp;&nbsp;&nbsp;isrRtxThreadFlagsSet
<LI><a href="#[5e]">&gt;&gt;</a>&nbsp;&nbsp;&nbsp;osThreadExit
</UL>

<P><STRONG><a name="[153]"></a>EvrRtxThreadExit</STRONG> (Thumb, 2 bytes, Stack size 0 bytes, rtx_evr.o(i.EvrRtxThreadExit))
<BR><BR>[Called By]<UL><LI><a href="#[5e]">&gt;&gt;</a>&nbsp;&nbsp;&nbsp;osThreadExit
</UL>

<P><STRONG><a name="[154]"></a>EvrRtxThreadFlagsSet</STRONG> (Thumb, 2 bytes, Stack size 0 bytes, rtx_evr.o(i.EvrRtxThreadFlagsSet))
<BR><BR>[Called By]<UL><LI><a href="#[e2]">&gt;&gt;</a>&nbsp;&nbsp;&nbsp;osThreadFlagsSet
</UL>

<P><STRONG><a name="[102]"></a>EvrRtxThreadFlagsSetDone</STRONG> (Thumb, 2 bytes, Stack size 0 bytes, rtx_evr.o(i.EvrRtxThreadFlagsSetDone))
<BR><BR>[Called By]<UL><LI><a href="#[56]">&gt;&gt;</a>&nbsp;&nbsp;&nbsp;svcRtxThreadFlagsSet
<LI><a href="#[100]">&gt;&gt;</a>&nbsp;&nbsp;&nbsp;isrRtxThreadFlagsSet
</UL>

<P><STRONG><a name="[157]"></a>EvrRtxThreadFlagsWait</STRONG> (Thumb, 2 bytes, Stack size 0 bytes, rtx_evr.o(i.EvrRtxThreadFlagsWait))
<BR><BR>[Called By]<UL><LI><a href="#[f3]">&gt;&gt;</a>&nbsp;&nbsp;&nbsp;osThreadFlagsWait
</UL>

<P><STRONG><a name="[146]"></a>EvrRtxThreadFlagsWaitCompleted</STRONG> (Thumb, 2 bytes, Stack size 0 bytes, rtx_evr.o(i.EvrRtxThreadFlagsWaitCompleted))
<BR><BR>[Called By]<UL><LI><a href="#[57]">&gt;&gt;</a>&nbsp;&nbsp;&nbsp;svcRtxThreadFlagsWait
<LI><a href="#[56]">&gt;&gt;</a>&nbsp;&nbsp;&nbsp;svcRtxThreadFlagsSet
<LI><a href="#[5f]">&gt;&gt;</a>&nbsp;&nbsp;&nbsp;osRtxThreadPostProcess
</UL>

<P><STRONG><a name="[16c]"></a>EvrRtxThreadFlagsWaitNotCompleted</STRONG> (Thumb, 2 bytes, Stack size 0 bytes, rtx_evr.o(i.EvrRtxThreadFlagsWaitNotCompleted))
<BR><BR>[Called By]<UL><LI><a href="#[57]">&gt;&gt;</a>&nbsp;&nbsp;&nbsp;svcRtxThreadFlagsWait
</UL>

<P><STRONG><a name="[16b]"></a>EvrRtxThreadFlagsWaitPending</STRONG> (Thumb, 2 bytes, Stack size 0 bytes, rtx_evr.o(i.EvrRtxThreadFlagsWaitPending))
<BR><BR>[Called By]<UL><LI><a href="#[57]">&gt;&gt;</a>&nbsp;&nbsp;&nbsp;svcRtxThreadFlagsWait
</UL>

<P><STRONG><a name="[138]"></a>EvrRtxThreadFlagsWaitTimeout</STRONG> (Thumb, 2 bytes, Stack size 0 bytes, rtx_evr.o(i.EvrRtxThreadFlagsWaitTimeout))
<BR><BR>[Called By]<UL><LI><a href="#[57]">&gt;&gt;</a>&nbsp;&nbsp;&nbsp;svcRtxThreadFlagsWait
<LI><a href="#[136]">&gt;&gt;</a>&nbsp;&nbsp;&nbsp;osRtxThreadDelayTick
</UL>

<P><STRONG><a name="[168]"></a>EvrRtxThreadJoined</STRONG> (Thumb, 2 bytes, Stack size 0 bytes, rtx_evr.o(i.EvrRtxThreadJoined))
<BR><BR>[Called By]<UL><LI><a href="#[55]">&gt;&gt;</a>&nbsp;&nbsp;&nbsp;svcRtxThreadExit
</UL>

<P><STRONG><a name="[158]"></a>EvrRtxThreadNew</STRONG> (Thumb, 2 bytes, Stack size 0 bytes, rtx_evr.o(i.EvrRtxThreadNew))
<BR><BR>[Called By]<UL><LI><a href="#[10c]">&gt;&gt;</a>&nbsp;&nbsp;&nbsp;osThreadNew
</UL>

<P><STRONG><a name="[135]"></a>EvrRtxThreadPreempted</STRONG> (Thumb, 2 bytes, Stack size 0 bytes, rtx_evr.o(i.EvrRtxThreadPreempted))
<BR><BR>[Called By]<UL><LI><a href="#[67]">&gt;&gt;</a>&nbsp;&nbsp;&nbsp;osRtxTick_Handler
<LI><a href="#[134]">&gt;&gt;</a>&nbsp;&nbsp;&nbsp;osRtxThreadBlock
</UL>

<P><STRONG><a name="[15a]"></a>EvrRtxThreadSuspend</STRONG> (Thumb, 2 bytes, Stack size 0 bytes, rtx_evr.o(i.EvrRtxThreadSuspend))
<BR><BR>[Called By]<UL><LI><a href="#[159]">&gt;&gt;</a>&nbsp;&nbsp;&nbsp;osThreadSuspend
</UL>

<P><STRONG><a name="[16e]"></a>EvrRtxThreadSuspended</STRONG> (Thumb, 2 bytes, Stack size 0 bytes, rtx_evr.o(i.EvrRtxThreadSuspended))
<BR><BR>[Called By]<UL><LI><a href="#[59]">&gt;&gt;</a>&nbsp;&nbsp;&nbsp;svcRtxThreadSuspend
</UL>

<P><STRONG><a name="[14a]"></a>EvrRtxThreadSwitched</STRONG> (Thumb, 2 bytes, Stack size 0 bytes, rtx_evr.o(i.EvrRtxThreadSwitched))
<BR><BR>[Called By]<UL><LI><a href="#[144]">&gt;&gt;</a>&nbsp;&nbsp;&nbsp;osRtxThreadSwitch
</UL>

<P><STRONG><a name="[13f]"></a>EvrRtxThreadUnblocked</STRONG> (Thumb, 2 bytes, Stack size 0 bytes, rtx_evr.o(i.EvrRtxThreadUnblocked))
<BR><BR>[Called By]<UL><LI><a href="#[12e]">&gt;&gt;</a>&nbsp;&nbsp;&nbsp;osRtxThreadWaitExit
<LI><a href="#[136]">&gt;&gt;</a>&nbsp;&nbsp;&nbsp;osRtxThreadDelayTick
</UL>

<P><STRONG><a name="[150]"></a>EvrRtxTimerCallback</STRONG> (Thumb, 2 bytes, Stack size 0 bytes, rtx_evr.o(i.EvrRtxTimerCallback))
<BR><BR>[Called By]<UL><LI><a href="#[53]">&gt;&gt;</a>&nbsp;&nbsp;&nbsp;osRtxTimerThread
</UL>

<P><STRONG><a name="[9d]"></a>FLASH_ErasePage</STRONG> (Thumb, 72 bytes, Stack size 12 bytes, stm32f10x_flash.o(i.FLASH_ErasePage))
<BR><BR>[Stack]<UL><LI>Max Depth = 16<LI>Call Chain = FLASH_ErasePage &rArr; FLASH_WaitForLastOperation
</UL>
<BR>[Calls]<UL><LI><a href="#[9e]">&gt;&gt;</a>&nbsp;&nbsp;&nbsp;FLASH_WaitForLastOperation
</UL>
<BR>[Called By]<UL><LI><a href="#[ed]">&gt;&gt;</a>&nbsp;&nbsp;&nbsp;Wr_x_Correct
</UL>

<P><STRONG><a name="[a0]"></a>FLASH_GetBank1Status</STRONG> (Thumb, 48 bytes, Stack size 0 bytes, stm32f10x_flash.o(i.FLASH_GetBank1Status))
<BR><BR>[Called By]<UL><LI><a href="#[9e]">&gt;&gt;</a>&nbsp;&nbsp;&nbsp;FLASH_WaitForLastOperation
</UL>

<P><STRONG><a name="[ef]"></a>FLASH_Lock</STRONG> (Thumb, 14 bytes, Stack size 0 bytes, stm32f10x_flash.o(i.FLASH_Lock))
<BR><BR>[Called By]<UL><LI><a href="#[ed]">&gt;&gt;</a>&nbsp;&nbsp;&nbsp;Wr_x_Correct
</UL>

<P><STRONG><a name="[9f]"></a>FLASH_ProgramHalfWord</STRONG> (Thumb, 60 bytes, Stack size 16 bytes, stm32f10x_flash.o(i.FLASH_ProgramHalfWord))
<BR><BR>[Stack]<UL><LI>Max Depth = 20<LI>Call Chain = FLASH_ProgramHalfWord &rArr; FLASH_WaitForLastOperation
</UL>
<BR>[Calls]<UL><LI><a href="#[9e]">&gt;&gt;</a>&nbsp;&nbsp;&nbsp;FLASH_WaitForLastOperation
</UL>
<BR>[Called By]<UL><LI><a href="#[ed]">&gt;&gt;</a>&nbsp;&nbsp;&nbsp;Wr_x_Correct
</UL>

<P><STRONG><a name="[ee]"></a>FLASH_Unlock</STRONG> (Thumb, 12 bytes, Stack size 0 bytes, stm32f10x_flash.o(i.FLASH_Unlock))
<BR><BR>[Called By]<UL><LI><a href="#[ed]">&gt;&gt;</a>&nbsp;&nbsp;&nbsp;Wr_x_Correct
</UL>

<P><STRONG><a name="[9e]"></a>FLASH_WaitForLastOperation</STRONG> (Thumb, 38 bytes, Stack size 4 bytes, stm32f10x_flash.o(i.FLASH_WaitForLastOperation))
<BR><BR>[Stack]<UL><LI>Max Depth = 4<LI>Call Chain = FLASH_WaitForLastOperation
</UL>
<BR>[Calls]<UL><LI><a href="#[a0]">&gt;&gt;</a>&nbsp;&nbsp;&nbsp;FLASH_GetBank1Status
</UL>
<BR>[Called By]<UL><LI><a href="#[9f]">&gt;&gt;</a>&nbsp;&nbsp;&nbsp;FLASH_ProgramHalfWord
<LI><a href="#[9d]">&gt;&gt;</a>&nbsp;&nbsp;&nbsp;FLASH_ErasePage
</UL>

<P><STRONG><a name="[78]"></a>GPIO_Init</STRONG> (Thumb, 278 bytes, Stack size 24 bytes, stm32f10x_gpio.o(i.GPIO_Init))
<BR><BR>[Stack]<UL><LI>Max Depth = 24<LI>Call Chain = GPIO_Init
</UL>
<BR>[Called By]<UL><LI><a href="#[d6]">&gt;&gt;</a>&nbsp;&nbsp;&nbsp;SPI2_Init
<LI><a href="#[d0]">&gt;&gt;</a>&nbsp;&nbsp;&nbsp;Pcio_Init
<LI><a href="#[b6]">&gt;&gt;</a>&nbsp;&nbsp;&nbsp;Ltc1867_Init
<LI><a href="#[b4]">&gt;&gt;</a>&nbsp;&nbsp;&nbsp;Io_Init
<LI><a href="#[83]">&gt;&gt;</a>&nbsp;&nbsp;&nbsp;CAN_Mode_Init
<LI><a href="#[76]">&gt;&gt;</a>&nbsp;&nbsp;&nbsp;AD5676_Init
<LI><a href="#[b7]">&gt;&gt;</a>&nbsp;&nbsp;&nbsp;SPI1_Init
</UL>

<P><STRONG><a name="[73]"></a>GPIO_ResetBits</STRONG> (Thumb, 4 bytes, Stack size 0 bytes, stm32f10x_gpio.o(i.GPIO_ResetBits))
<BR><BR>[Called By]<UL><LI><a href="#[7f]">&gt;&gt;</a>&nbsp;&nbsp;&nbsp;Ltc1867_Read
<LI><a href="#[89]">&gt;&gt;</a>&nbsp;&nbsp;&nbsp;CS_Control
<LI><a href="#[a6]">&gt;&gt;</a>&nbsp;&nbsp;&nbsp;I_Sample
<LI><a href="#[d0]">&gt;&gt;</a>&nbsp;&nbsp;&nbsp;Pcio_Init
<LI><a href="#[b4]">&gt;&gt;</a>&nbsp;&nbsp;&nbsp;Io_Init
<LI><a href="#[76]">&gt;&gt;</a>&nbsp;&nbsp;&nbsp;AD5676_Init
<LI><a href="#[c5]">&gt;&gt;</a>&nbsp;&nbsp;&nbsp;Module_Stop
<LI><a href="#[bf]">&gt;&gt;</a>&nbsp;&nbsp;&nbsp;Mode_Select
<LI><a href="#[94]">&gt;&gt;</a>&nbsp;&nbsp;&nbsp;Ch_En
<LI><a href="#[b5]">&gt;&gt;</a>&nbsp;&nbsp;&nbsp;LED_Control
<LI><a href="#[7b]">&gt;&gt;</a>&nbsp;&nbsp;&nbsp;AD5676_SetInputRegister
<LI><a href="#[79]">&gt;&gt;</a>&nbsp;&nbsp;&nbsp;AD5676_ReadBack
<LI><a href="#[72]">&gt;&gt;</a>&nbsp;&nbsp;&nbsp;AD5676_DCEN_Set
</UL>

<P><STRONG><a name="[75]"></a>GPIO_SetBits</STRONG> (Thumb, 4 bytes, Stack size 0 bytes, stm32f10x_gpio.o(i.GPIO_SetBits))
<BR><BR>[Called By]<UL><LI><a href="#[7f]">&gt;&gt;</a>&nbsp;&nbsp;&nbsp;Ltc1867_Read
<LI><a href="#[89]">&gt;&gt;</a>&nbsp;&nbsp;&nbsp;CS_Control
<LI><a href="#[ce]">&gt;&gt;</a>&nbsp;&nbsp;&nbsp;V_Sample
<LI><a href="#[a6]">&gt;&gt;</a>&nbsp;&nbsp;&nbsp;I_Sample
<LI><a href="#[d6]">&gt;&gt;</a>&nbsp;&nbsp;&nbsp;SPI2_Init
<LI><a href="#[b6]">&gt;&gt;</a>&nbsp;&nbsp;&nbsp;Ltc1867_Init
<LI><a href="#[b4]">&gt;&gt;</a>&nbsp;&nbsp;&nbsp;Io_Init
<LI><a href="#[76]">&gt;&gt;</a>&nbsp;&nbsp;&nbsp;AD5676_Init
<LI><a href="#[c4]">&gt;&gt;</a>&nbsp;&nbsp;&nbsp;Module_Start
<LI><a href="#[bf]">&gt;&gt;</a>&nbsp;&nbsp;&nbsp;Mode_Select
<LI><a href="#[94]">&gt;&gt;</a>&nbsp;&nbsp;&nbsp;Ch_En
<LI><a href="#[b7]">&gt;&gt;</a>&nbsp;&nbsp;&nbsp;SPI1_Init
<LI><a href="#[b5]">&gt;&gt;</a>&nbsp;&nbsp;&nbsp;LED_Control
<LI><a href="#[7b]">&gt;&gt;</a>&nbsp;&nbsp;&nbsp;AD5676_SetInputRegister
<LI><a href="#[79]">&gt;&gt;</a>&nbsp;&nbsp;&nbsp;AD5676_ReadBack
<LI><a href="#[72]">&gt;&gt;</a>&nbsp;&nbsp;&nbsp;AD5676_DCEN_Set
</UL>

<P><STRONG><a name="[96]"></a>Get_Crc16</STRONG> (Thumb, 48 bytes, Stack size 16 bytes, crc8_16.o(i.Get_Crc16))
<BR><BR>[Stack]<UL><LI>Max Depth = 16<LI>Call Chain = Get_Crc16
</UL>
<BR>[Called By]<UL><LI><a href="#[c8]">&gt;&gt;</a>&nbsp;&nbsp;&nbsp;Msg_Sample
<LI><a href="#[95]">&gt;&gt;</a>&nbsp;&nbsp;&nbsp;Cheak_Crc
</UL>

<P><STRONG><a name="[f0]"></a>Get_Float</STRONG> (Thumb, 32 bytes, Stack size 8 bytes, common.o(i.Get_Float))
<BR><BR>[Stack]<UL><LI>Max Depth = 8<LI>Call Chain = Get_Float
</UL>
<BR>[Called By]<UL><LI><a href="#[b2]">&gt;&gt;</a>&nbsp;&nbsp;&nbsp;Write_Correct
</UL>

<P><STRONG><a name="[ab]"></a>Get_U16</STRONG> (Thumb, 22 bytes, Stack size 8 bytes, common.o(i.Get_U16))
<BR><BR>[Stack]<UL><LI>Max Depth = 8<LI>Call Chain = Get_U16
</UL>
<BR>[Called By]<UL><LI><a href="#[b0]">&gt;&gt;</a>&nbsp;&nbsp;&nbsp;Idn_Protect_Cfg
<LI><a href="#[af]">&gt;&gt;</a>&nbsp;&nbsp;&nbsp;Idn_Fault
<LI><a href="#[ae]">&gt;&gt;</a>&nbsp;&nbsp;&nbsp;Idn_Crt_Cmd
<LI><a href="#[aa]">&gt;&gt;</a>&nbsp;&nbsp;&nbsp;Idn_Config
</UL>

<P><STRONG><a name="[ac]"></a>Get_U32</STRONG> (Thumb, 32 bytes, Stack size 8 bytes, common.o(i.Get_U32))
<BR><BR>[Stack]<UL><LI>Max Depth = 8<LI>Call Chain = Get_U32
</UL>
<BR>[Called By]<UL><LI><a href="#[b0]">&gt;&gt;</a>&nbsp;&nbsp;&nbsp;Idn_Protect_Cfg
<LI><a href="#[aa]">&gt;&gt;</a>&nbsp;&nbsp;&nbsp;Idn_Config
</UL>

<P><STRONG><a name="[2]"></a>HardFault_Handler</STRONG> (Thumb, 4 bytes, Stack size 0 bytes, fault_dispose.o(i.HardFault_Handler))
<BR>[Address Reference Count : 1]<UL><LI> startup_stm32f10x_hd.o(RESET)
</UL>
<P><STRONG><a name="[b4]"></a>Io_Init</STRONG> (Thumb, 168 bytes, Stack size 8 bytes, sys_def.o(i.Io_Init))
<BR><BR>[Stack]<UL><LI>Max Depth = 32<LI>Call Chain = Io_Init &rArr; GPIO_Init
</UL>
<BR>[Calls]<UL><LI><a href="#[8c]">&gt;&gt;</a>&nbsp;&nbsp;&nbsp;delay_us
<LI><a href="#[77]">&gt;&gt;</a>&nbsp;&nbsp;&nbsp;RCC_APB2PeriphClockCmd
<LI><a href="#[78]">&gt;&gt;</a>&nbsp;&nbsp;&nbsp;GPIO_Init
<LI><a href="#[75]">&gt;&gt;</a>&nbsp;&nbsp;&nbsp;GPIO_SetBits
<LI><a href="#[73]">&gt;&gt;</a>&nbsp;&nbsp;&nbsp;GPIO_ResetBits
</UL>
<BR>[Called By]<UL><LI><a href="#[109]">&gt;&gt;</a>&nbsp;&nbsp;&nbsp;user_init
</UL>

<P><STRONG><a name="[b6]"></a>Ltc1867_Init</STRONG> (Thumb, 54 bytes, Stack size 8 bytes, ltc1867.o(i.Ltc1867_Init))
<BR><BR>[Stack]<UL><LI>Max Depth = 64<LI>Call Chain = Ltc1867_Init &rArr; SPI1_Init &rArr; GPIO_Init
</UL>
<BR>[Calls]<UL><LI><a href="#[77]">&gt;&gt;</a>&nbsp;&nbsp;&nbsp;RCC_APB2PeriphClockCmd
<LI><a href="#[78]">&gt;&gt;</a>&nbsp;&nbsp;&nbsp;GPIO_Init
<LI><a href="#[75]">&gt;&gt;</a>&nbsp;&nbsp;&nbsp;GPIO_SetBits
<LI><a href="#[b8]">&gt;&gt;</a>&nbsp;&nbsp;&nbsp;SPI1_SetSpeed
<LI><a href="#[b7]">&gt;&gt;</a>&nbsp;&nbsp;&nbsp;SPI1_Init
</UL>
<BR>[Called By]<UL><LI><a href="#[109]">&gt;&gt;</a>&nbsp;&nbsp;&nbsp;user_init
</UL>

<P><STRONG><a name="[7f]"></a>Ltc1867_Read</STRONG> (Thumb, 46 bytes, Stack size 16 bytes, ltc1867.o(i.Ltc1867_Read))
[...]
<LI><a href="#[fd]">&gt;&gt;</a>&nbsp;&nbsp;&nbsp;osRtxMemoryPoolAlloc
<LI><a href="#[ff]">&gt;&gt;</a>&nbsp;&nbsp;&nbsp;EvrRtxMessageQueueNotInserted
<LI><a href="#[fe]">&gt;&gt;</a>&nbsp;&nbsp;&nbsp;EvrRtxMessageQueueInsertPending
<LI><a href="#[f8]">&gt;&gt;</a>&nbsp;&nbsp;&nbsp;EvrRtxMessageQueueError
<LI><a href="#[cc]">&gt;&gt;</a>&nbsp;&nbsp;&nbsp;__aeabi_memcpy
</UL>
<BR>[Called By]<UL><LI><a href="#[ea]">&gt;&gt;</a>&nbsp;&nbsp;&nbsp;osMessageQueuePut
</UL>

<P><STRONG><a name="[5d]"></a>osRtxMessageQueuePostProcess</STRONG> (Thumb, 296 bytes, Stack size 40 bytes, rtx_msgqueue.o(i.osRtxMessageQueuePostProcess))
<BR><BR>[Stack]<UL><LI>Max Depth = 112<LI>Call Chain = osRtxMessageQueuePostProcess &rArr; osRtxThreadWaitExit &rArr; osRtxThreadDispatch &rArr; osRtxThreadBlock
</UL>
<BR>[Calls]<UL><LI><a href="#[12e]">&gt;&gt;</a>&nbsp;&nbsp;&nbsp;osRtxThreadWaitExit
<LI><a href="#[12d]">&gt;&gt;</a>&nbsp;&nbsp;&nbsp;osRtxThreadListGet
<LI><a href="#[127]">&gt;&gt;</a>&nbsp;&nbsp;&nbsp;osRtxMemoryPoolFree
<LI><a href="#[fd]">&gt;&gt;</a>&nbsp;&nbsp;&nbsp;osRtxMemoryPoolAlloc
<LI><a href="#[12f]">&gt;&gt;</a>&nbsp;&nbsp;&nbsp;osRtxThreadRegPtr
<LI><a href="#[12c]">&gt;&gt;</a>&nbsp;&nbsp;&nbsp;MessageQueueRemove
<LI><a href="#[bd]">&gt;&gt;</a>&nbsp;&nbsp;&nbsp;MessageQueuePut
<LI><a href="#[fa]">&gt;&gt;</a>&nbsp;&nbsp;&nbsp;EvrRtxMessageQueueRetrieved
<LI><a href="#[130]">&gt;&gt;</a>&nbsp;&nbsp;&nbsp;EvrRtxMessageQueueInserted
<LI><a href="#[cc]">&gt;&gt;</a>&nbsp;&nbsp;&nbsp;__aeabi_memcpy
</UL>
<BR>[Address Reference Count : 1]<UL><LI> rtx_msgqueue.o(i.svcRtxMessageQueueNew)
</UL>
<P><STRONG><a name="[4f]"></a>svcRtxMessageQueueGet</STRONG> (Thumb, 340 bytes, Stack size 56 bytes, rtx_msgqueue.o(i.svcRtxMessageQueueGet))
<BR><BR>[Stack]<UL><LI>Max Depth = 128<LI>Call Chain = svcRtxMessageQueueGet &rArr; osRtxThreadWaitExit &rArr; osRtxThreadDispatch &rArr; osRtxThreadBlock
</UL>
<BR>[Calls]<UL><LI><a href="#[12e]">&gt;&gt;</a>&nbsp;&nbsp;&nbsp;osRtxThreadWaitExit
<LI><a href="#[147]">&gt;&gt;</a>&nbsp;&nbsp;&nbsp;osRtxThreadListPut
<LI><a href="#[12d]">&gt;&gt;</a>&nbsp;&nbsp;&nbsp;osRtxThreadListGet
<LI><a href="#[127]">&gt;&gt;</a>&nbsp;&nbsp;&nbsp;osRtxMemoryPoolFree
<LI><a href="#[fd]">&gt;&gt;</a>&nbsp;&nbsp;&nbsp;osRtxMemoryPoolAlloc
<LI><a href="#[14b]">&gt;&gt;</a>&nbsp;&nbsp;&nbsp;osRtxThreadWaitEnter
<LI><a href="#[12f]">&gt;&gt;</a>&nbsp;&nbsp;&nbsp;osRtxThreadRegPtr
<LI><a href="#[12c]">&gt;&gt;</a>&nbsp;&nbsp;&nbsp;MessageQueueRemove
<LI><a href="#[bd]">&gt;&gt;</a>&nbsp;&nbsp;&nbsp;MessageQueuePut
<LI><a href="#[ba]">&gt;&gt;</a>&nbsp;&nbsp;&nbsp;MessageQueueGet
<LI><a href="#[fa]">&gt;&gt;</a>&nbsp;&nbsp;&nbsp;EvrRtxMessageQueueRetrieved
<LI><a href="#[fb]">&gt;&gt;</a>&nbsp;&nbsp;&nbsp;EvrRtxMessageQueueNotRetrieved
<LI><a href="#[130]">&gt;&gt;</a>&nbsp;&nbsp;&nbsp;EvrRtxMessageQueueInserted
<LI><a href="#[13d]">&gt;&gt;</a>&nbsp;&nbsp;&nbsp;EvrRtxMessageQueueGetTimeout
<LI><a href="#[165]">&gt;&gt;</a>&nbsp;&nbsp;&nbsp;EvrRtxMessageQueueGetPending
<LI><a href="#[f8]">&gt;&gt;</a>&nbsp;&nbsp;&nbsp;EvrRtxMessageQueueError
<LI><a href="#[cc]">&gt;&gt;</a>&nbsp;&nbsp;&nbsp;__aeabi_memcpy
</UL>
<BR>[Address Reference Count : 1]<UL><LI> rtx_msgqueue.o(i.osMessageQueueGet)
</UL>
<P><STRONG><a name="[50]"></a>svcRtxMessageQueueNew</STRONG> (Thumb, 400 bytes, Stack size 48 bytes, rtx_msgqueue.o(i.svcRtxMessageQueueNew))
<BR><BR>[Stack]<UL><LI>Max Depth = 96<LI>Call Chain = svcRtxMessageQueueNew &rArr; osRtxMemoryAlloc &rArr; MemBlockPtr
</UL>
<BR>[Calls]<UL><LI><a href="#[127]">&gt;&gt;</a>&nbsp;&nbsp;&nbsp;osRtxMemoryPoolFree
<LI><a href="#[fd]">&gt;&gt;</a>&nbsp;&nbsp;&nbsp;osRtxMemoryPoolAlloc
<LI><a href="#[120]">&gt;&gt;</a>&nbsp;&nbsp;&nbsp;osRtxMemoryFree
<LI><a href="#[11d]">&gt;&gt;</a>&nbsp;&nbsp;&nbsp;osRtxMemoryAlloc
<LI><a href="#[12a]">&gt;&gt;</a>&nbsp;&nbsp;&nbsp;osRtxMemoryPoolInit
<LI><a href="#[f8]">&gt;&gt;</a>&nbsp;&nbsp;&nbsp;EvrRtxMessageQueueError
<LI><a href="#[166]">&gt;&gt;</a>&nbsp;&nbsp;&nbsp;EvrRtxMessageQueueCreated
<LI><a href="#[68]">&gt;&gt;</a>&nbsp;&nbsp;&nbsp;__aeabi_memclr
</UL>
<BR>[Address Reference Count : 1]<UL><LI> rtx_msgqueue.o(i.osMessageQueueNew)
</UL>
<P><STRONG><a name="[51]"></a>svcRtxMessageQueuePut</STRONG> (Thumb, 316 bytes, Stack size 56 bytes, rtx_msgqueue.o(i.svcRtxMessageQueuePut))
<BR><BR>[Stack]<UL><LI>Max Depth = 128<LI>Call Chain = svcRtxMessageQueuePut &rArr; osRtxThreadWaitExit &rArr; osRtxThreadDispatch &rArr; osRtxThreadBlock
</UL>
<BR>[Calls]<UL><LI><a href="#[12e]">&gt;&gt;</a>&nbsp;&nbsp;&nbsp;osRtxThreadWaitExit
<LI><a href="#[147]">&gt;&gt;</a>&nbsp;&nbsp;&nbsp;osRtxThreadListPut
<LI><a href="#[12d]">&gt;&gt;</a>&nbsp;&nbsp;&nbsp;osRtxThreadListGet
<LI><a href="#[fd]">&gt;&gt;</a>&nbsp;&nbsp;&nbsp;osRtxMemoryPoolAlloc
<LI><a href="#[14b]">&gt;&gt;</a>&nbsp;&nbsp;&nbsp;osRtxThreadWaitEnter
<LI><a href="#[12f]">&gt;&gt;</a>&nbsp;&nbsp;&nbsp;osRtxThreadRegPtr
<LI><a href="#[bd]">&gt;&gt;</a>&nbsp;&nbsp;&nbsp;MessageQueuePut
<LI><a href="#[fa]">&gt;&gt;</a>&nbsp;&nbsp;&nbsp;EvrRtxMessageQueueRetrieved
<LI><a href="#[13e]">&gt;&gt;</a>&nbsp;&nbsp;&nbsp;EvrRtxMessageQueuePutTimeout
<LI><a href="#[167]">&gt;&gt;</a>&nbsp;&nbsp;&nbsp;EvrRtxMessageQueuePutPending
<LI><a href="#[ff]">&gt;&gt;</a>&nbsp;&nbsp;&nbsp;EvrRtxMessageQueueNotInserted
<LI><a href="#[130]">&gt;&gt;</a>&nbsp;&nbsp;&nbsp;EvrRtxMessageQueueInserted
<LI><a href="#[f8]">&gt;&gt;</a>&nbsp;&nbsp;&nbsp;EvrRtxMessageQueueError
<LI><a href="#[cc]">&gt;&gt;</a>&nbsp;&nbsp;&nbsp;__aeabi_memcpy
</UL>
<BR>[Address Reference Count : 1]<UL><LI> rtx_msgqueue.o(i.osMessageQueuePut)
</UL>
<P><STRONG><a name="[103]"></a>isr_queue_get</STRONG> (Thumb, 46 bytes, Stack size 16 bytes, rtx_system.o(i.isr_queue_get))
<BR><BR>[Stack]<UL><LI>Max Depth = 16<LI>Call Chain = isr_queue_get
</UL>
<BR>[Calls]<UL><LI><a href="#[104]">&gt;&gt;</a>&nbsp;&nbsp;&nbsp;__asm___12_rtx_system_c_024f2f18__atomic_dec16_nz
<LI><a href="#[105]">&gt;&gt;</a>&nbsp;&nbsp;&nbsp;__asm___12_rtx_system_c_024f2f18__atomic_inc16_lim
</UL>
<BR>[Called By]<UL><LI><a href="#[66]">&gt;&gt;</a>&nbsp;&nbsp;&nbsp;osRtxPendSV_Handler
</UL>

<P><STRONG><a name="[106]"></a>isr_queue_put</STRONG> (Thumb, 56 bytes, Stack size 24 bytes, rtx_system.o(i.isr_queue_put))
<BR><BR>[Stack]<UL><LI>Max Depth = 24<LI>Call Chain = isr_queue_put
</UL>
<BR>[Calls]<UL><LI><a href="#[105]">&gt;&gt;</a>&nbsp;&nbsp;&nbsp;__asm___12_rtx_system_c_024f2f18__atomic_inc16_lim
<LI><a href="#[107]">&gt;&gt;</a>&nbsp;&nbsp;&nbsp;__asm___12_rtx_system_c_024f2f18__atomic_inc16_lt
</UL>
<BR>[Called By]<UL><LI><a href="#[f9]">&gt;&gt;</a>&nbsp;&nbsp;&nbsp;osRtxPostProcess
</UL>

<P><STRONG><a name="[156]"></a>IsIrqMasked</STRONG> (Thumb, 24 bytes, Stack size 0 bytes, rtx_thread.o(i.IsIrqMasked))
<BR><BR>[Called By]<UL><LI><a href="#[f3]">&gt;&gt;</a>&nbsp;&nbsp;&nbsp;osThreadFlagsWait
<LI><a href="#[e2]">&gt;&gt;</a>&nbsp;&nbsp;&nbsp;osThreadFlagsSet
<LI><a href="#[159]">&gt;&gt;</a>&nbsp;&nbsp;&nbsp;osThreadSuspend
<LI><a href="#[10c]">&gt;&gt;</a>&nbsp;&nbsp;&nbsp;osThreadNew
</UL>

<P><STRONG><a name="[155]"></a>IsIrqMode</STRONG> (Thumb, 16 bytes, Stack size 0 bytes, rtx_thread.o(i.IsIrqMode))
<BR><BR>[Called By]<UL><LI><a href="#[f3]">&gt;&gt;</a>&nbsp;&nbsp;&nbsp;osThreadFlagsWait
<LI><a href="#[e2]">&gt;&gt;</a>&nbsp;&nbsp;&nbsp;osThreadFlagsSet
<LI><a href="#[159]">&gt;&gt;</a>&nbsp;&nbsp;&nbsp;osThreadSuspend
<LI><a href="#[10c]">&gt;&gt;</a>&nbsp;&nbsp;&nbsp;osThreadNew
</UL>

<P><STRONG><a name="[e4]"></a>ThreadFlagsCheck</STRONG> (Thumb, 86 bytes, Stack size 24 bytes, rtx_thread.o(i.ThreadFlagsCheck))
<BR><BR>[Stack]<UL><LI>Max Depth = 24<LI>Call Chain = ThreadFlagsCheck
</UL>
<BR>[Calls]<UL><LI><a href="#[e6]">&gt;&gt;</a>&nbsp;&nbsp;&nbsp;__asm___12_rtx_thread_c_add96be5__atomic_chk32_any
<LI><a href="#[e5]">&gt;&gt;</a>&nbsp;&nbsp;&nbsp;__asm___12_rtx_thread_c_add96be5__atomic_chk32_all
</UL>
<BR>[Called By]<UL><LI><a href="#[57]">&gt;&gt;</a>&nbsp;&nbsp;&nbsp;svcRtxThreadFlagsWait
<LI><a href="#[56]">&gt;&gt;</a>&nbsp;&nbsp;&nbsp;svcRtxThreadFlagsSet
<LI><a href="#[5f]">&gt;&gt;</a>&nbsp;&nbsp;&nbsp;osRtxThreadPostProcess
</UL>

<P><STRONG><a name="[e7]"></a>ThreadFlagsSet</STRONG> (Thumb, 22 bytes, Stack size 16 bytes, rtx_thread.o(i.ThreadFlagsSet))
<BR><BR>[Stack]<UL><LI>Max Depth = 16<LI>Call Chain = ThreadFlagsSet
</UL>
<BR>[Calls]<UL><LI><a href="#[e8]">&gt;&gt;</a>&nbsp;&nbsp;&nbsp;__asm___12_rtx_thread_c_add96be5__atomic_set32
</UL>
<BR>[Called By]<UL><LI><a href="#[56]">&gt;&gt;</a>&nbsp;&nbsp;&nbsp;svcRtxThreadFlagsSet
<LI><a href="#[100]">&gt;&gt;</a>&nbsp;&nbsp;&nbsp;isrRtxThreadFlagsSet
</UL>

<P><STRONG><a name="[100]"></a>isrRtxThreadFlagsSet</STRONG> (Thumb, 106 bytes, Stack size 24 bytes, rtx_thread.o(i.isrRtxThreadFlagsSet))
<BR><BR>[Stack]<UL><LI>Max Depth = 56<LI>Call Chain = isrRtxThreadFlagsSet &rArr; osRtxPostProcess &rArr; isr_queue_put
</UL>
<BR>[Calls]<UL><LI><a href="#[f9]">&gt;&gt;</a>&nbsp;&nbsp;&nbsp;osRtxPostProcess
<LI><a href="#[101]">&gt;&gt;</a>&nbsp;&nbsp;&nbsp;EvrRtxThreadError
<LI><a href="#[e7]">&gt;&gt;</a>&nbsp;&nbsp;&nbsp;ThreadFlagsSet
<LI><a href="#[102]">&gt;&gt;</a>&nbsp;&nbsp;&nbsp;EvrRtxThreadFlagsSetDone
</UL>
<BR>[Called By]<UL><LI><a href="#[e2]">&gt;&gt;</a>&nbsp;&nbsp;&nbsp;osThreadFlagsSet
</UL>

<P><STRONG><a name="[142]"></a>osRtxKernelGetState</STRONG> (Thumb, 6 bytes, Stack size 0 bytes, rtx_thread.o(i.osRtxKernelGetState))
<BR><BR>[Called By]<UL><LI><a href="#[132]">&gt;&gt;</a>&nbsp;&nbsp;&nbsp;osRtxThreadDispatch
<LI><a href="#[14b]">&gt;&gt;</a>&nbsp;&nbsp;&nbsp;osRtxThreadWaitEnter
<LI><a href="#[59]">&gt;&gt;</a>&nbsp;&nbsp;&nbsp;svcRtxThreadSuspend
<LI><a href="#[55]">&gt;&gt;</a>&nbsp;&nbsp;&nbsp;svcRtxThreadExit
</UL>

<P><STRONG><a name="[134]"></a>osRtxThreadBlock</STRONG> (Thumb, 58 bytes, Stack size 24 bytes, rtx_thread.o(i.osRtxThreadBlock))
<BR><BR>[Stack]<UL><LI>Max Depth = 24<LI>Call Chain = osRtxThreadBlock
</UL>
<BR>[Calls]<UL><LI><a href="#[135]">&gt;&gt;</a>&nbsp;&nbsp;&nbsp;EvrRtxThreadPreempted
</UL>
<BR>[Called By]<UL><LI><a href="#[132]">&gt;&gt;</a>&nbsp;&nbsp;&nbsp;osRtxThreadDispatch
</UL>

<P><STRONG><a name="[14d]"></a>osRtxThreadDelayInsert</STRONG> (Thumb, 98 bytes, Stack size 8 bytes, rtx_thread.o(i.osRtxThreadDelayInsert))
<BR><BR>[Stack]<UL><LI>Max Depth = 8<LI>Call Chain = osRtxThreadDelayInsert
</UL>
<BR>[Called By]<UL><LI><a href="#[14b]">&gt;&gt;</a>&nbsp;&nbsp;&nbsp;osRtxThreadWaitEnter
<LI><a href="#[59]">&gt;&gt;</a>&nbsp;&nbsp;&nbsp;svcRtxThreadSuspend
</UL>

<P><STRONG><a name="[14e]"></a>osRtxThreadDelayRemove</STRONG> (Thumb, 110 bytes, Stack size 0 bytes, rtx_thread.o(i.osRtxThreadDelayRemove))
<BR><BR>[Called By]<UL><LI><a href="#[12e]">&gt;&gt;</a>&nbsp;&nbsp;&nbsp;osRtxThreadWaitExit
<LI><a href="#[59]">&gt;&gt;</a>&nbsp;&nbsp;&nbsp;svcRtxThreadSuspend
</UL>

<P><STRONG><a name="[145]"></a>osRtxThreadFree</STRONG> (Thumb, 92 bytes, Stack size 8 bytes, rtx_thread.o(i.osRtxThreadFree))
<BR><BR>[Stack]<UL><LI>Max Depth = 40<LI>Call Chain = osRtxThreadFree &rArr; osRtxMemoryFree &rArr; MemBlockPtr
</UL>
<BR>[Calls]<UL><LI><a href="#[127]">&gt;&gt;</a>&nbsp;&nbsp;&nbsp;osRtxMemoryPoolFree
<LI><a href="#[120]">&gt;&gt;</a>&nbsp;&nbsp;&nbsp;osRtxMemoryFree
</UL>
<BR>[Called By]<UL><LI><a href="#[55]">&gt;&gt;</a>&nbsp;&nbsp;&nbsp;svcRtxThreadExit
</UL>

<P><STRONG><a name="[143]"></a>osRtxThreadGetRunning</STRONG> (Thumb, 6 bytes, Stack size 0 bytes, rtx_thread.o(i.osRtxThreadGetRunning))
<BR><BR>[Called By]<UL><LI><a href="#[132]">&gt;&gt;</a>&nbsp;&nbsp;&nbsp;osRtxThreadDispatch
<LI><a href="#[14b]">&gt;&gt;</a>&nbsp;&nbsp;&nbsp;osRtxThreadWaitEnter
<LI><a href="#[57]">&gt;&gt;</a>&nbsp;&nbsp;&nbsp;svcRtxThreadFlagsWait
<LI><a href="#[55]">&gt;&gt;</a>&nbsp;&nbsp;&nbsp;svcRtxThreadExit
<LI><a href="#[148]">&gt;&gt;</a>&nbsp;&nbsp;&nbsp;osRtxThreadStackCheck
</UL>

<P><STRONG><a name="[139]"></a>osRtxThreadListRoot</STRONG> (Thumb, 18 bytes, Stack size 0 bytes, rtx_thread.o(i.osRtxThreadListRoot))
<BR><BR>[Called By]<UL><LI><a href="#[136]">&gt;&gt;</a>&nbsp;&nbsp;&nbsp;osRtxThreadDelayTick
</UL>

<P><STRONG><a name="[5f]"></a>osRtxThreadPostProcess</STRONG> (Thumb, 64 bytes, Stack size 16 bytes, rtx_thread.o(i.osRtxThreadPostProcess))
<BR><BR>[Stack]<UL><LI>Max Depth = 88<LI>Call Chain = osRtxThreadPostProcess &rArr; osRtxThreadWaitExit &rArr; osRtxThreadDispatch &rArr; osRtxThreadBlock
</UL>
<BR>[Calls]<UL><LI><a href="#[12e]">&gt;&gt;</a>&nbsp;&nbsp;&nbsp;osRtxThreadWaitExit
<LI><a href="#[e4]">&gt;&gt;</a>&nbsp;&nbsp;&nbsp;ThreadFlagsCheck
<LI><a href="#[146]">&gt;&gt;</a>&nbsp;&nbsp;&nbsp;EvrRtxThreadFlagsWaitCompleted
</UL>
<BR>[Address Reference Count : 1]<UL><LI> rtx_thread.o(i.svcRtxThreadNew)
</UL>
<P><STRONG><a name="[169]"></a>osRtxThreadSetRunning</STRONG> (Thumb, 6 bytes, Stack size 0 bytes, rtx_thread.o(i.osRtxThreadSetRunning))
<BR><BR>[Called By]<UL><LI><a href="#[55]">&gt;&gt;</a>&nbsp;&nbsp;&nbsp;svcRtxThreadExit
</UL>

<P><STRONG><a name="[55]"></a>svcRtxThreadExit</STRONG> (Thumb, 142 bytes, Stack size 16 bytes, rtx_thread.o(i.svcRtxThreadExit))
<BR><BR>[Stack]<UL><LI>Max Depth = 112<LI>Call Chain = svcRtxThreadExit &rArr; osRtxMutexOwnerRelease &rArr; osRtxThreadWaitExit &rArr; osRtxThreadDispatch &rArr; osRtxThreadBlock
</UL>
<BR>[Calls]<UL><LI><a href="#[12e]">&gt;&gt;</a>&nbsp;&nbsp;&nbsp;osRtxThreadWaitExit
<LI><a href="#[12d]">&gt;&gt;</a>&nbsp;&nbsp;&nbsp;osRtxThreadListGet
<LI><a href="#[169]">&gt;&gt;</a>&nbsp;&nbsp;&nbsp;osRtxThreadSetRunning
<LI><a href="#[143]">&gt;&gt;</a>&nbsp;&nbsp;&nbsp;osRtxThreadGetRunning
<LI><a href="#[145]">&gt;&gt;</a>&nbsp;&nbsp;&nbsp;osRtxThreadFree
<LI><a href="#[142]">&gt;&gt;</a>&nbsp;&nbsp;&nbsp;osRtxKernelGetState
<LI><a href="#[131]">&gt;&gt;</a>&nbsp;&nbsp;&nbsp;osRtxMutexOwnerRelease
<LI><a href="#[144]">&gt;&gt;</a>&nbsp;&nbsp;&nbsp;osRtxThreadSwitch
<LI><a href="#[168]">&gt;&gt;</a>&nbsp;&nbsp;&nbsp;EvrRtxThreadJoined
<LI><a href="#[16a]">&gt;&gt;</a>&nbsp;&nbsp;&nbsp;EvrRtxThreadDestroyed
</UL>
<BR>[Address Reference Count : 1]<UL><LI> rtx_thread.o(i.osThreadExit)
</UL>
<P><STRONG><a name="[56]"></a>svcRtxThreadFlagsSet</STRONG> (Thumb, 158 bytes, Stack size 24 bytes, rtx_thread.o(i.svcRtxThreadFlagsSet))
<BR><BR>[Stack]<UL><LI>Max Depth = 96<LI>Call Chain = svcRtxThreadFlagsSet &rArr; osRtxThreadWaitExit &rArr; osRtxThreadDispatch &rArr; osRtxThreadBlock
</UL>
<BR>[Calls]<UL><LI><a href="#[12e]">&gt;&gt;</a>&nbsp;&nbsp;&nbsp;osRtxThreadWaitExit
<LI><a href="#[101]">&gt;&gt;</a>&nbsp;&nbsp;&nbsp;EvrRtxThreadError
<LI><a href="#[e7]">&gt;&gt;</a>&nbsp;&nbsp;&nbsp;ThreadFlagsSet
<LI><a href="#[e4]">&gt;&gt;</a>&nbsp;&nbsp;&nbsp;ThreadFlagsCheck
<LI><a href="#[146]">&gt;&gt;</a>&nbsp;&nbsp;&nbsp;EvrRtxThreadFlagsWaitCompleted
<LI><a href="#[102]">&gt;&gt;</a>&nbsp;&nbsp;&nbsp;EvrRtxThreadFlagsSetDone
</UL>
<BR>[Address Reference Count : 1]<UL><LI> rtx_thread.o(i.osThreadFlagsSet)
</UL>
<P><STRONG><a name="[57]"></a>svcRtxThreadFlagsWait</STRONG> (Thumb, 142 bytes, Stack size 24 bytes, rtx_thread.o(i.svcRtxThreadFlagsWait))
<BR><BR>[Stack]<UL><LI>Max Depth = 56<LI>Call Chain = svcRtxThreadFlagsWait &rArr; osRtxThreadWaitEnter &rArr; osRtxThreadSwitch &rArr; osRtxThreadStackCheck
</UL>
<BR>[Calls]<UL><LI><a href="#[14b]">&gt;&gt;</a>&nbsp;&nbsp;&nbsp;osRtxThreadWaitEnter
<LI><a href="#[101]">&gt;&gt;</a>&nbsp;&nbsp;&nbsp;EvrRtxThreadError
<LI><a href="#[143]">&gt;&gt;</a>&nbsp;&nbsp;&nbsp;osRtxThreadGetRunning
<LI><a href="#[e4]">&gt;&gt;</a>&nbsp;&nbsp;&nbsp;ThreadFlagsCheck
<LI><a href="#[138]">&gt;&gt;</a>&nbsp;&nbsp;&nbsp;EvrRtxThreadFlagsWaitTimeout
<LI><a href="#[16b]">&gt;&gt;</a>&nbsp;&nbsp;&nbsp;EvrRtxThreadFlagsWaitPending
<LI><a href="#[16c]">&gt;&gt;</a>&nbsp;&nbsp;&nbsp;EvrRtxThreadFlagsWaitNotCompleted
<LI><a href="#[146]">&gt;&gt;</a>&nbsp;&nbsp;&nbsp;EvrRtxThreadFlagsWaitCompleted
</UL>
<BR>[Address Reference Count : 1]<UL><LI> rtx_thread.o(i.osThreadFlagsWait)
</UL>
<P><STRONG><a name="[58]"></a>svcRtxThreadNew</STRONG> (Thumb, 608 bytes, Stack size 56 bytes, rtx_thread.o(i.svcRtxThreadNew))
<BR><BR>[Stack]<UL><LI>Max Depth = 104<LI>Call Chain = svcRtxThreadNew &rArr; osRtxThreadDispatch &rArr; osRtxThreadBlock
</UL>
<BR>[Calls]<UL><LI><a href="#[132]">&gt;&gt;</a>&nbsp;&nbsp;&nbsp;osRtxThreadDispatch
<LI><a href="#[127]">&gt;&gt;</a>&nbsp;&nbsp;&nbsp;osRtxMemoryPoolFree
<LI><a href="#[fd]">&gt;&gt;</a>&nbsp;&nbsp;&nbsp;osRtxMemoryPoolAlloc
<LI><a href="#[120]">&gt;&gt;</a>&nbsp;&nbsp;&nbsp;osRtxMemoryFree
<LI><a href="#[11d]">&gt;&gt;</a>&nbsp;&nbsp;&nbsp;osRtxMemoryAlloc
<LI><a href="#[101]">&gt;&gt;</a>&nbsp;&nbsp;&nbsp;EvrRtxThreadError
<LI><a href="#[16d]">&gt;&gt;</a>&nbsp;&nbsp;&nbsp;EvrRtxThreadCreated
</UL>
<BR>[Called By]<UL><LI><a href="#[149]">&gt;&gt;</a>&nbsp;&nbsp;&nbsp;osRtxThreadStartup
</UL>
<BR>[Address Reference Count : 1]<UL><LI> rtx_thread.o(i.osThreadNew)
</UL>
<P><STRONG><a name="[59]"></a>svcRtxThreadSuspend</STRONG> (Thumb, 190 bytes, Stack size 24 bytes, rtx_thread.o(i.svcRtxThreadSuspend))
<BR><BR>[Stack]<UL><LI>Max Depth = 40<LI>Call Chain = svcRtxThreadSuspend &rArr; osRtxThreadSwitch &rArr; osRtxThreadStackCheck
</UL>
<BR>[Calls]<UL><LI><a href="#[140]">&gt;&gt;</a>&nbsp;&nbsp;&nbsp;osRtxThreadListRemove
<LI><a href="#[12d]">&gt;&gt;</a>&nbsp;&nbsp;&nbsp;osRtxThreadListGet
<LI><a href="#[101]">&gt;&gt;</a>&nbsp;&nbsp;&nbsp;EvrRtxThreadError
<LI><a href="#[14e]">&gt;&gt;</a>&nbsp;&nbsp;&nbsp;osRtxThreadDelayRemove
<LI><a href="#[14d]">&gt;&gt;</a>&nbsp;&nbsp;&nbsp;osRtxThreadDelayInsert
<LI><a href="#[142]">&gt;&gt;</a>&nbsp;&nbsp;&nbsp;osRtxKernelGetState
<LI><a href="#[144]">&gt;&gt;</a>&nbsp;&nbsp;&nbsp;osRtxThreadSwitch
<LI><a href="#[16e]">&gt;&gt;</a>&nbsp;&nbsp;&nbsp;EvrRtxThreadSuspended
</UL>
<BR>[Address Reference Count : 1]<UL><LI> rtx_thread.o(i.osThreadSuspend)
</UL>
<P><STRONG><a name="[152]"></a>TimerInsert</STRONG> (Thumb, 58 bytes, Stack size 12 bytes, rtx_timer.o(i.TimerInsert))
<BR><BR>[Stack]<UL><LI>Max Depth = 12<LI>Call Chain = TimerInsert
</UL>
<BR>[Called By]<UL><LI><a href="#[54]">&gt;&gt;</a>&nbsp;&nbsp;&nbsp;osRtxTimerTick
</UL>

<P><STRONG><a name="[151]"></a>TimerUnlink</STRONG> (Thumb, 18 bytes, Stack size 0 bytes, rtx_timer.o(i.TimerUnlink))
<BR><BR>[Called By]<UL><LI><a href="#[54]">&gt;&gt;</a>&nbsp;&nbsp;&nbsp;osRtxTimerTick
</UL>

<P><STRONG><a name="[54]"></a>osRtxTimerTick</STRONG> (Thumb, 88 bytes, Stack size 16 bytes, rtx_timer.o(i.osRtxTimerTick))
<BR><BR>[Stack]<UL><LI>Max Depth = 112<LI>Call Chain = osRtxTimerTick &rArr; osMessageQueuePut &rArr; isrRtxMessageQueuePut &rArr; osRtxPostProcess &rArr; isr_queue_put
</UL>
<BR>[Calls]<UL><LI><a href="#[ea]">&gt;&gt;</a>&nbsp;&nbsp;&nbsp;osMessageQueuePut
<LI><a href="#[133]">&gt;&gt;</a>&nbsp;&nbsp;&nbsp;osRtxErrorNotify
<LI><a href="#[151]">&gt;&gt;</a>&nbsp;&nbsp;&nbsp;TimerUnlink
<LI><a href="#[152]">&gt;&gt;</a>&nbsp;&nbsp;&nbsp;TimerInsert
</UL>
<BR>[Address Reference Count : 1]<UL><LI> rtx_timer.o(i.osRtxTimerThread)
</UL>
<P><STRONG><a name="[82]"></a>CheckITStatus</STRONG> (Thumb, 18 bytes, Stack size 0 bytes, stm32f10x_can.o(i.CheckITStatus))
<BR><BR>[Called By]<UL><LI><a href="#[81]">&gt;&gt;</a>&nbsp;&nbsp;&nbsp;CAN_GetITStatus
</UL>

<P><STRONG><a name="[d9]"></a>SetSysClock</STRONG> (Thumb, 8 bytes, Stack size 8 bytes, system_stm32f10x.o(i.SetSysClock))
<BR><BR>[Stack]<UL><LI>Max Depth = 20<LI>Call Chain = SetSysClock &rArr; SetSysClockTo72
</UL>
<BR>[Calls]<UL><LI><a href="#[da]">&gt;&gt;</a>&nbsp;&nbsp;&nbsp;SetSysClockTo72
</UL>
<BR>[Called By]<UL><LI><a href="#[47]">&gt;&gt;</a>&nbsp;&nbsp;&nbsp;SystemInit
</UL>

<P><STRONG><a name="[da]"></a>SetSysClockTo72</STRONG> (Thumb, 214 bytes, Stack size 12 bytes, system_stm32f10x.o(i.SetSysClockTo72))
<BR><BR>[Stack]<UL><LI>Max Depth = 12<LI>Call Chain = SetSysClockTo72
</UL>
<BR>[Called By]<UL><LI><a href="#[d9]">&gt;&gt;</a>&nbsp;&nbsp;&nbsp;SetSysClock
</UL>
<P>
<H3>
Undefined Global Symbols
</H3><HR></body></html>
