<html>
<body>
<pre>
<h1>µVision Build Log</h1>
<h2>Tool Versions:</h2>
IDE-Version: ¦ÌVision V5.25.2.0
Copyright (C) 2018 ARM Ltd and ARM Germany GmbH. All rights reserved.
License Information: 1 1, 1, LIC=UJWGK-ZQ712-TFDI4-FXPG9-M73GJ-6YR63
 
Tool Versions:
Toolchain:       MDK-ARM Plus  Version: 5.25.2.0
Toolchain Path:  C:\software\keil5\ARM\ARMCC\Bin
C Compiler:      Armcc.exe V5.06 update 6 (build 750)
Assembler:       Armasm.exe V5.06 update 6 (build 750)
Linker/Locator:  ArmLink.exe V5.06 update 6 (build 750)
Library Manager: ArmAr.exe V5.06 update 6 (build 750)
Hex Converter:   FromElf.exe V5.06 update 6 (build 750)
CPU DLL:         SARMCM3.DLL V5.25.2.0
Dialog DLL:      DCM.DLL V1.17.1.0
Target DLL:      Segger\JL2CM3.dll V2.99.29.0
Dialog DLL:      TCM.DLL V1.35.1.0
 
<h2>Project:</h2>
Z:\Fullde\work\60A\USER\60A.uvprojx
Project File Date:  04/26/2018

<h2>Output:</h2>
*** Using Compiler 'V5.06 update 6 (build 750)', folder: 'C:\software\keil5\ARM\ARMCC\Bin'
Rebuild target '60A'
compiling main.c...
compiling can_receive.c...
compiling can_send.c...
..\TASK\can_send.c(222): warning:  #177-D: function "Msg_Correct_Sample"  was declared but never referenced
  static void Msg_Correct_Sample(SEND_DATA *data, MODULE_MEASURE *modx_measure)
..\TASK\can_send.c: 1 warning, 0 errors
compiling correct.c...
compiling data_acquisition.c...
..\TASK\data_acquisition.c(207): warning:  #177-D: function "V2_Sample"  was declared but never referenced
  static void V2_Sample(void)
..\TASK\data_acquisition.c: 1 warning, 0 errors
compiling fault_dispose.c...
compiling ch_cfg.c...
compiling module_cfg.c...
compiling sys_def.c...
compiling ad5676.c...
compiling can.c...
compiling ch.c...
compiling common.c...
compiling crc8_16.c...
compiling Init.c...
compiling ltc1867.c...
compiling module.c...
compiling spi2.c...
compiling w25q64.c...
compiling delay.c...
compiling SEGGER_RTT.c...
compiling SEGGER_RTT_Printf.c...
compiling cmsis_os1.c...
assembling irq_cm3.s...
compiling rtx_delay.c...
compiling rtx_evflags.c...
compiling rtx_evr.c...
compiling rtx_kernel.c...
compiling rtx_lib.c...
compiling rtx_memory.c...
compiling rtx_mempool.c...
compiling rtx_msgqueue.c...
compiling rtx_mutex.c...
compiling rtx_semaphore.c...
compiling rtx_system.c...
compiling rtx_thread.c...
compiling rtx_timer.c...
compiling os_systick.c...
compiling RTX_Config.c...
compiling misc.c...
compiling stm32f10x_can.c...
compiling stm32f10x_flash.c...
compiling stm32f10x_gpio.c...
compiling stm32f10x_rcc.c...
compiling stm32f10x_spi.c...
compiling stm32f10x_tim.c...
assembling startup_stm32f10x_hd.s...
compiling system_stm32f10x.c...
linking...
Program Size: Code=24072 RO-data=1448 RW-data=5212 ZI-data=9180  
".\Objects\60A.axf" - 0 Error(s), 2 Warning(s).

<h2>Software Packages used:</h2>

Package Vendor: Keil
                http://www.keil.com/pack/Keil.STM32F1xx_DFP.2.1.0.pack
                Keil.STM32F1xx_DFP.2.1.0
                STMicroelectronics STM32F1 Series Device Support, Drivers and Examples

<h2>Collection of Component include folders:</h2>
  .\RTE\_60A
  C:\software\keil5\ARM\PACK\Keil\STM32F1xx_DFP\2.1.0\Device\Include

<h2>Collection of Component Files used:</h2>
Build Time Elapsed:  00:00:28
</pre>
</body>
</html>
